Archive member included to satisfy reference by file (symbol)

c:/st/stm32cubeide_1.4.0/stm32cubeide/plugins/com.st.stm32cube.ide.mcu.externaltools.gnu-tools-for-stm32.7-2018-q2-update.win32_1.4.0.202007081208/tools/bin/../lib/gcc/arm-none-eabi/7.3.1/../../../../arm-none-eabi/lib/thumb/v6-m\libc_nano.a(lib_a-errno.o)
                              Core/Src/syscalls.o (__errno)
c:/st/stm32cubeide_1.4.0/stm32cubeide/plugins/com.st.stm32cube.ide.mcu.externaltools.gnu-tools-for-stm32.7-2018-q2-update.win32_1.4.0.202007081208/tools/bin/../lib/gcc/arm-none-eabi/7.3.1/../../../../arm-none-eabi/lib/thumb/v6-m\libc_nano.a(lib_a-exit.o)
                              c:/st/stm32cubeide_1.4.0/stm32cubeide/plugins/com.st.stm32cube.ide.mcu.externaltools.gnu-tools-for-stm32.7-2018-q2-update.win32_1.4.0.202007081208/tools/bin/../lib/gcc/arm-none-eabi/7.3.1/../../../../arm-none-eabi/lib/thumb/v6-m/crt0.o (exit)
c:/st/stm32cubeide_1.4.0/stm32cubeide/plugins/com.st.stm32cube.ide.mcu.externaltools.gnu-tools-for-stm32.7-2018-q2-update.win32_1.4.0.202007081208/tools/bin/../lib/gcc/arm-none-eabi/7.3.1/../../../../arm-none-eabi/lib/thumb/v6-m\libc_nano.a(lib_a-impure.o)
                              c:/st/stm32cubeide_1.4.0/stm32cubeide/plugins/com.st.stm32cube.ide.mcu.externaltools.gnu-tools-for-stm32.7-2018-q2-update.win32_1.4.0.202007081208/tools/bin/../lib/gcc/arm-none-eabi/7.3.1/../../../../arm-none-eabi/lib/thumb/v6-m\libc_nano.a(lib_a-exit.o) (_global_impure_ptr)
c:/st/stm32cubeide_1.4.0/stm32cubeide/plugins/com.st.stm32cube.ide.mcu.externaltools.gnu-tools-for-stm32.7-2018-q2-update.win32_1.4.0.202007081208/tools/bin/../lib/gcc/arm-none-eabi/7.3.1/../../../../arm-none-eabi/lib/thumb/v6-m\libc_nano.a(lib_a-init.o)
                              c:/st/stm32cubeide_1.4.0/stm32cubeide/plugins/com.st.stm32cube.ide.mcu.externaltools.gnu-tools-for-stm32.7-2018-q2-update.win32_1.4.0.202007081208/tools/bin/../lib/gcc/arm-none-eabi/7.3.1/../../../../arm-none-eabi/lib/thumb/v6-m/crt0.o (__libc_init_array)
c:/st/stm32cubeide_1.4.0/stm32cubeide/plugins/com.st.stm32cube.ide.mcu.externaltools.gnu-tools-for-stm32.7-2018-q2-update.win32_1.4.0.202007081208/tools/bin/../lib/gcc/arm-none-eabi/7.3.1/../../../../arm-none-eabi/lib/thumb/v6-m\libc_nano.a(lib_a-memcpy-stub.o)
                              Core/Src/GO4_ACM_2020.o (memcpy)
c:/st/stm32cubeide_1.4.0/stm32cubeide/plugins/com.st.stm32cube.ide.mcu.externaltools.gnu-tools-for-stm32.7-2018-q2-update.win32_1.4.0.202007081208/tools/bin/../lib/gcc/arm-none-eabi/7.3.1/../../../../arm-none-eabi/lib/thumb/v6-m\libc_nano.a(lib_a-memset.o)
                              c:/st/stm32cubeide_1.4.0/stm32cubeide/plugins/com.st.stm32cube.ide.mcu.externaltools.gnu-tools-for-stm32.7-2018-q2-update.win32_1.4.0.202007081208/tools/bin/../lib/gcc/arm-none-eabi/7.3.1/../../../../arm-none-eabi/lib/thumb/v6-m/crt0.o (memset)
c:/st/stm32cubeide_1.4.0/stm32cubeide/plugins/com.st.stm32cube.ide.mcu.externaltools.gnu-tools-for-stm32.7-2018-q2-update.win32_1.4.0.202007081208/tools/bin/../lib/gcc/arm-none-eabi/7.3.1/thumb/v6-m\libgcc.a(_udivsi3.o)
                              Core/Src/stm32f0xx_hal_timebase_tim.o (__aeabi_uidiv)
c:/st/stm32cubeide_1.4.0/stm32cubeide/plugins/com.st.stm32cube.ide.mcu.externaltools.gnu-tools-for-stm32.7-2018-q2-update.win32_1.4.0.202007081208/tools/bin/../lib/gcc/arm-none-eabi/7.3.1/thumb/v6-m\libgcc.a(_divsi3.o)
                              Core/Src/GopherCAN_ring_buffer.o (__aeabi_idivmod)
c:/st/stm32cubeide_1.4.0/stm32cubeide/plugins/com.st.stm32cube.ide.mcu.externaltools.gnu-tools-for-stm32.7-2018-q2-update.win32_1.4.0.202007081208/tools/bin/../lib/gcc/arm-none-eabi/7.3.1/thumb/v6-m\libgcc.a(_dvmd_tls.o)
                              c:/st/stm32cubeide_1.4.0/stm32cubeide/plugins/com.st.stm32cube.ide.mcu.externaltools.gnu-tools-for-stm32.7-2018-q2-update.win32_1.4.0.202007081208/tools/bin/../lib/gcc/arm-none-eabi/7.3.1/thumb/v6-m\libgcc.a(_udivsi3.o) (__aeabi_idiv0)
c:/st/stm32cubeide_1.4.0/stm32cubeide/plugins/com.st.stm32cube.ide.mcu.externaltools.gnu-tools-for-stm32.7-2018-q2-update.win32_1.4.0.202007081208/tools/bin/../lib/gcc/arm-none-eabi/7.3.1/thumb/v6-m\libgcc.a(_arm_cmpdf2.o)
                              Core/Src/GO4_ACM_2020.o (__aeabi_dcmpge)
c:/st/stm32cubeide_1.4.0/stm32cubeide/plugins/com.st.stm32cube.ide.mcu.externaltools.gnu-tools-for-stm32.7-2018-q2-update.win32_1.4.0.202007081208/tools/bin/../lib/gcc/arm-none-eabi/7.3.1/thumb/v6-m\libgcc.a(_fixunsdfsi.o)
                              Core/Src/GO4_ACM_2020.o (__aeabi_d2uiz)
c:/st/stm32cubeide_1.4.0/stm32cubeide/plugins/com.st.stm32cube.ide.mcu.externaltools.gnu-tools-for-stm32.7-2018-q2-update.win32_1.4.0.202007081208/tools/bin/../lib/gcc/arm-none-eabi/7.3.1/thumb/v6-m\libgcc.a(adddf3.o)
                              Core/Src/GO4_ACM_2020.o (__aeabi_dadd)
[...]
Memory Configuration

Name             Origin             Length             Attributes
RAM              0x0000000020000000 0x0000000000004000 xrw
FLASH            0x0000000008000000 0x0000000000020000 xr
*default*        0x0000000000000000 0xffffffffffffffff

Linker script and memory map

LOAD c:/st/stm32cubeide_1.4.0/stm32cubeide/plugins/com.st.stm32cube.ide.mcu.externaltools.gnu-tools-for-stm32.7-2018-q2-update.win32_1.4.0.202007081208/tools/bin/../lib/gcc/arm-none-eabi/7.3.1/thumb/v6-m/crti.o
LOAD c:/st/stm32cubeide_1.4.0/stm32cubeide/plugins/com.st.stm32cube.ide.mcu.externaltools.gnu-tools-for-stm32.7-2018-q2-update.win32_1.4.0.202007081208/tools/bin/../lib/gcc/arm-none-eabi/7.3.1/thumb/v6-m/crtbegin.o
LOAD c:/st/stm32cubeide_1.4.0/stm32cubeide/plugins/com.st.stm32cube.ide.mcu.externaltools.gnu-tools-for-stm32.7-2018-q2-update.win32_1.4.0.202007081208/tools/bin/../lib/gcc/arm-none-eabi/7.3.1/../../../../arm-none-eabi/lib/thumb/v6-m/crt0.o
LOAD Core/Src/GO4_ACM_2020.o
LOAD Core/Src/GopherCAN.o
LOAD Core/Src/GopherCAN_ring_buffer.o
LOAD Core/Src/freertos.o
LOAD Core/Src/main.o
LOAD Core/Src/stm32f0xx_hal_msp.o
LOAD Core/Src/stm32f0xx_hal_timebase_tim.o
LOAD Core/Src/stm32f0xx_it.o
LOAD Core/Src/syscalls.o
LOAD Core/Src/sysmem.o
LOAD Core/Src/system_stm32f0xx.o
LOAD Core/Startup/startup_stm32f072rbtx.o
LOAD Drivers/STM32F0xx_HAL_Driver/Src/stm32f0xx_hal.o
LOAD Drivers/STM32F0xx_HAL_Driver/Src/stm32f0xx_hal_can.o
LOAD Drivers/STM32F0xx_HAL_Driver/Src/stm32f0xx_hal_cortex.o
LOAD Drivers/STM32F0xx_HAL_Driver/Src/stm32f0xx_hal_dma.o
LOAD Drivers/STM32F0xx_HAL_Driver/Src/stm32f0xx_hal_exti.o
LOAD Drivers/STM32F0xx_HAL_Driver/Src/stm32f0xx_hal_flash.o
LOAD Drivers/STM32F0xx_HAL_Driver/Src/stm32f0xx_hal_flash_ex.o
LOAD Drivers/STM32F0xx_HAL_Driver/Src/stm32f0xx_hal_gpio.o
LOAD Drivers/STM32F0xx_HAL_Driver/Src/stm32f0xx_hal_i2c.o
LOAD Drivers/STM32F0xx_HAL_Driver/Src/stm32f0xx_hal_i2c_ex.o
LOAD Drivers/STM32F0xx_HAL_Driver/Src/stm32f0xx_hal_pwr.o
LOAD Drivers/STM32F0xx_HAL_Driver/Src/stm32f0xx_hal_pwr_ex.o
LOAD Drivers/STM32F0xx_HAL_Driver/Src/stm32f0xx_hal_rcc.o
LOAD Drivers/STM32F0xx_HAL_Driver/Src/stm32f0xx_hal_rcc_ex.o
LOAD Drivers/STM32F0xx_HAL_Driver/Src/stm32f0xx_hal_tim.o
LOAD Drivers/STM32F0xx_HAL_Driver/Src/stm32f0xx_hal_tim_ex.o
LOAD Drivers/STM32F0xx_HAL_Driver/Src/stm32f0xx_hal_uart.o
LOAD Drivers/STM32F0xx_HAL_Driver/Src/stm32f0xx_hal_uart_ex.o
LOAD Middlewares/Third_Party/FreeRTOS/Source/CMSIS_RTOS_V2/cmsis_os2.o
LOAD Middlewares/Third_Party/FreeRTOS/Source/croutine.o
LOAD Middlewares/Third_Party/FreeRTOS/Source/event_groups.o
LOAD Middlewares/Third_Party/FreeRTOS/Source/list.o
LOAD Middlewares/Third_Party/FreeRTOS/Source/queue.o
LOAD Middlewares/Third_Party/FreeRTOS/Source/stream_buffer.o
LOAD Middlewares/Third_Party/FreeRTOS/Source/tasks.o
LOAD Middlewares/Third_Party/FreeRTOS/Source/timers.o
LOAD Middlewares/Third_Party/FreeRTOS/Source/portable/GCC/ARM_CM0/port.o
LOAD Middlewares/Third_Party/FreeRTOS/Source/portable/MemMang/heap_4.o
START GROUP
LOAD c:/st/stm32cubeide_1.4.0/stm32cubeide/plugins/com.st.stm32cube.ide.mcu.externaltools.gnu-tools-for-stm32.7-2018-q2-update.win32_1.4.0.202007081208/tools/bin/../lib/gcc/arm-none-eabi/7.3.1/../../../../arm-none-eabi/lib/thumb/v6-m\libc_nano.a
LOAD c:/st/stm32cubeide_1.4.0/stm32cubeide/plugins/com.st.stm32cube.ide.mcu.externaltools.gnu-tools-for-stm32.7-2018-q2-update.win32_1.4.0.202007081208/tools/bin/../lib/gcc/arm-none-eabi/7.3.1/../../../../arm-none-eabi/lib/thumb/v6-m\libm.a
END GROUP
START GROUP
LOAD c:/st/stm32cubeide_1.4.0/stm32cubeide/plugins/com.st.stm32cube.ide.mcu.externaltools.gnu-tools-for-stm32.7-2018-q2-update.win32_1.4.0.202007081208/tools/bin/../lib/gcc/arm-none-eabi/7.3.1/thumb/v6-m\libgcc.a
LOAD c:/st/stm32cubeide_1.4.0/stm32cubeide/plugins/com.st.stm32cube.ide.mcu.externaltools.gnu-tools-for-stm32.7-2018-q2-update.win32_1.4.0.202007081208/tools/bin/../lib/gcc/arm-none-eabi/7.3.1/../../../../arm-none-eabi/lib/thumb/v6-m\libc_nano.a
END GROUP
START GROUP
LOAD c:/st/stm32cubeide_1.4.0/stm32cubeide/plugins/com.st.stm32cube.ide.mcu.externaltools.gnu-tools-for-stm32.7-2018-q2-update.win32_1.4.0.202007081208/tools/bin/../lib/gcc/arm-none-eabi/7.3.1/thumb/v6-m\libgcc.a
LOAD c:/st/stm32cubeide_1.4.0/stm32cubeide/plugins/com.st.stm32cube.ide.mcu.externaltools.gnu-tools-for-stm32.7-2018-q2-update.win32_1.4.0.202007081208/tools/bin/../lib/gcc/arm-none-eabi/7.3.1/../../../../arm-none-eabi/lib/thumb/v6-m\libc_nano.a
LOAD c:/st/stm32cubeide_1.4.0/stm32cubeide/plugins/com.st.stm32cube.ide.mcu.externaltools.gnu-tools-for-stm32.7-2018-q2-update.win32_1.4.0.202007081208/tools/bin/../lib/gcc/arm-none-eabi/7.3.1/../../../../arm-none-eabi/lib/thumb/v6-m\libnosys.a
END GROUP
START GROUP
LOAD c:/st/stm32cubeide_1.4.0/stm32cubeide/plugins/com.st.stm32cube.ide.mcu.externaltools.gnu-tools-for-stm32.7-2018-q2-update.win32_1.4.0.202007081208/tools/bin/../lib/gcc/arm-none-eabi/7.3.1/thumb/v6-m\libgcc.a
LOAD c:/st/stm32cubeide_1.4.0/stm32cubeide/plugins/com.st.stm32cube.ide.mcu.externaltools.gnu-tools-for-stm32.7-2018-q2-update.win32_1.4.0.202007081208/tools/bin/../lib/gcc/arm-none-eabi/7.3.1/../../../../arm-none-eabi/lib/thumb/v6-m\libc_nano.a
LOAD c:/st/stm32cubeide_1.4.0/stm32cubeide/plugins/com.st.stm32cube.ide.mcu.externaltools.gnu-tools-for-stm32.7-2018-q2-update.win32_1.4.0.202007081208/tools/bin/../lib/gcc/arm-none-eabi/7.3.1/../../../../arm-none-eabi/lib/thumb/v6-m\libnosys.a
END GROUP
LOAD c:/st/stm32cubeide_1.4.0/stm32cubeide/plugins/com.st.stm32cube.ide.mcu.externaltools.gnu-tools-for-stm32.7-2018-q2-update.win32_1.4.0.202007081208/tools/bin/../lib/gcc/arm-none-eabi/7.3.1/thumb/v6-m/crtend.o
LOAD c:/st/stm32cubeide_1.4.0/stm32cubeide/plugins/com.st.stm32cube.ide.mcu.externaltools.gnu-tools-for-stm32.7-2018-q2-update.win32_1.4.0.202007081208/tools/bin/../lib/gcc/arm-none-eabi/7.3.1/thumb/v6-m/crtn.o
                0x0000000020004000                _estack = (ORIGIN (RAM) + LENGTH (RAM))
                0x0000000000000200                _Min_Heap_Size = 0x200
                0x0000000000000400                _Min_Stack_Size = 0x400

.isr_vector     0x0000000008000000       0xc0
                0x0000000008000000                . = ALIGN (0x4)
 *(.isr_vector)
 .isr_vector    0x0000000008000000       0xc0 Core/Startup/startup_stm32f072rbtx.o
                0x0000000008000000                g_pfnVectors
                0x00000000080000c0                . = ALIGN (0x4)

.text           0x00000000080000c0     0x8140
                0x00000000080000c0                . = ALIGN (0x4)
 *(.text)
 .text          0x00000000080000c0       0x48 c:/st/stm32cubeide_1.4.0/stm32cubeide/plugins/com.st.stm32cube.ide.mcu.externaltools.gnu-tools-for-stm32.7-2018-q2-update.win32_1.4.0.202007081208/tools/bin/../lib/gcc/arm-none-eabi/7.3.1/thumb/v6-m/crtbegin.o
 .text          0x0000000008000108      0x114 c:/st/stm32cubeide_1.4.0/stm32cubeide/plugins/com.st.stm32cube.ide.mcu.externaltools.gnu-tools-for-stm32.7-2018-q2-update.win32_1.4.0.202007081208/tools/bin/../lib/gcc/arm-none-eabi/7.3.1/thumb/v6-m\libgcc.a(_udivsi3.o)
                0x0000000008000108                __aeabi_uidiv
                0x0000000008000108                __udivsi3
                0x0000000008000214                __aeabi_uidivmod
 .text          0x000000000800021c      0x1d4 c:/st/stm32cubeide_1.4.0/stm32cubeide/plugins/com.st.stm32cube.ide.mcu.externaltools.gnu-tools-for-stm32.7-2018-q2-update.win32_1.4.0.202007081208/tools/bin/../lib/gcc/arm-none-eabi/7.3.1/thumb/v6-m\libgcc.a(_divsi3.o)
                0x000000000800021c                __divsi3
                0x000000000800021c                __aeabi_idiv
                0x00000000080003e8                __aeabi_idivmod
 .text          0x00000000080003f0        0x4 c:/st/stm32cubeide_1.4.0/stm32cubeide/plugins/com.st.stm32cube.ide.mcu.externaltools.gnu-tools-for-stm32.7-2018-q2-update.win32_1.4.0.202007081208/tools/bin/../lib/gcc/arm-none-eabi/7.3.1/thumb/v6-m\libgcc.a(_dvmd_tls.o)
                0x00000000080003f0                __aeabi_idiv0
                0x00000000080003f0                __aeabi_ldiv0
 .text          0x00000000080003f4       0x7c c:/st/stm32cubeide_1.4.0/stm32cubeide/plugins/com.st.stm32cube.ide.mcu.externaltools.gnu-tools-for-stm32.7-2018-q2-update.win32_1.4.0.202007081208/tools/bin/../lib/gcc/arm-none-eabi/7.3.1/thumb/v6-m\libgcc.a(_arm_cmpdf2.o)
                0x00000000080003f4                __aeabi_cdrcmple
                0x0000000008000404                __aeabi_cdcmple
                0x0000000008000404                __aeabi_cdcmpeq
                0x0000000008000414                __aeabi_dcmpeq
                0x0000000008000420                __aeabi_dcmplt
                0x0000000008000434                __aeabi_dcmple
                0x0000000008000448                __aeabi_dcmpgt
                0x000000000800045c                __aeabi_dcmpge
 .text          0x0000000008000470       0x3c c:/st/stm32cubeide_1.4.0/stm32cubeide/plugins/com.st.stm32cube.ide.mcu.externaltools.gnu-tools-for-stm32.7-2018-q2-update.win32_1.4.0.202007081208/tools/bin/../lib/gcc/arm-none-eabi/7.3.1/thumb/v6-m\libgcc.a(_fixunsdfsi.o)
                0x0000000008000470                __aeabi_d2uiz
                0x0000000008000470                __fixunsdfsi
 .text          0x00000000080004ac      0x638 c:/st/stm32cubeide_1.4.0/stm32cubeide/plugins/com.st.stm32cube.ide.mcu.externaltools.gnu-tools-for-stm32.7-2018-q2-update.win32_1.4.0.202007081208/tools/bin/../lib/gcc/arm-none-eabi/7.3.1/thumb/v6-m\libgcc.a(adddf3.o)
                0x00000000080004ac                __aeabi_dadd
 .text          0x0000000008000ae4       0x78 c:/st/stm32cubeide_1.4.0/stm32cubeide/plugins/com.st.stm32cube.ide.mcu.externaltools.gnu-tools-for-stm32.7-2018-q2-update.win32_1.4.0.202007081208/tools/bin/../lib/gcc/arm-none-eabi/7.3.1/thumb/v6-m\libgcc.a(eqdf2.o)
                0x0000000008000ae4                __nedf2
                0x0000000008000ae4                __eqdf2
 .text          0x0000000008000b5c       0xc8 c:/st/stm32cubeide_1.4.0/stm32cubeide/plugins/com.st.stm32cube.ide.mcu.externaltools.gnu-tools-for-stm32.7-2018-q2-update.win32_1.4.0.202007081208/tools/bin/../lib/gcc/arm-none-eabi/7.3.1/thumb/v6-m\libgcc.a(gedf2.o)
                0x0000000008000b5c                __gedf2
                0x0000000008000b5c                __gtdf2
 .text          0x0000000008000c24       0xd0 c:/st/stm32cubeide_1.4.0/stm32cubeide/plugins/com.st.stm32cube.ide.mcu.externaltools.gnu-tools-for-stm32.7-2018-q2-update.win32_1.4.0.202007081208/tools/bin/../lib/gcc/arm-none-eabi/7.3.1/thumb/v6-m\libgcc.a(ledf2.o)
                0x0000000008000c24                __ledf2
                0x0000000008000c24                __ltdf2
 .text          0x0000000008000cf4      0x4e4 c:/st/stm32cubeide_1.4.0/stm32cubeide/plugins/com.st.stm32cube.ide.mcu.externaltools.gnu-tools-for-stm32.7-2018-q2-update.win32_1.4.0.202007081208/tools/bin/../lib/gcc/arm-none-eabi/7.3.1/thumb/v6-m\libgcc.a(muldf3.o)
                0x0000000008000cf4                __aeabi_dmul
 .text          0x00000000080011d8      0x690 c:/st/stm32cubeide_1.4.0/stm32cubeide/plugins/com.st.stm32cube.ide.mcu.externaltools.gnu-tools-for-stm32.7-2018-q2-update.win32_1.4.0.202007081208/tools/bin/../lib/gcc/arm-none-eabi/7.3.1/thumb/v6-m\libgcc.a(subdf3.o)
                0x00000000080011d8                __aeabi_dsub
 .text          0x0000000008001868       0x6c c:/st/stm32cubeide_1.4.0/stm32cubeide/plugins/com.st.stm32cube.ide.mcu.externaltools.gnu-tools-for-stm32.7-2018-q2-update.win32_1.4.0.202007081208/tools/bin/../lib/gcc/arm-none-eabi/7.3.1/thumb/v6-m\libgcc.a(fixdfsi.o)
                0x0000000008001868                __aeabi_d2iz
 .text          0x00000000080018d4       0x74 c:/st/stm32cubeide_1.4.0/stm32cubeide/plugins/com.st.stm32cube.ide.mcu.externaltools.gnu-tools-for-stm32.7-2018-q2-update.win32_1.4.0.202007081208/tools/bin/../lib/gcc/arm-none-eabi/7.3.1/thumb/v6-m\libgcc.a(floatsidf.o)
                0x00000000080018d4                __aeabi_i2d
 .text          0x0000000008001948       0x3c c:/st/stm32cubeide_1.4.0/stm32cubeide/plugins/com.st.stm32cube.ide.mcu.externaltools.gnu-tools-for-stm32.7-2018-q2-update.win32_1.4.0.202007081208/tools/bin/../lib/gcc/arm-none-eabi/7.3.1/thumb/v6-m\libgcc.a(_clzsi2.o)
                0x0000000008001948                __clzsi2
 *(.text*)
 .text.ACM_Init
                0x0000000008001984       0x88 Core/Src/GO4_ACM_2020.o
                0x0000000008001984                ACM_Init
 .text.update_data
                0x0000000008001a0c      0x188 Core/Src/GO4_ACM_2020.o
                0x0000000008001a0c                update_data
 .text.calculate_wing_angle
                0x0000000008001b94      0x1c8 Core/Src/GO4_ACM_2020.o
                0x0000000008001b94                calculate_wing_angle
 .text.arbitrate_acceleration
                0x0000000008001d5c      0x294 Core/Src/GO4_ACM_2020.o
                0x0000000008001d5c                arbitrate_acceleration
 .text.arbitrate_speed
                0x0000000008001ff0      0x1a4 Core/Src/GO4_ACM_2020.o
                0x0000000008001ff0                arbitrate_speed
 .text.arbitrate_steering_angle
                0x0000000008002194       0xcc Core/Src/GO4_ACM_2020.o
                0x0000000008002194                arbitrate_steering_angle
 .text.output_angles
                0x0000000008002260       0xbc Core/Src/GO4_ACM_2020.o
                0x0000000008002260                output_angles
 .text.setPWM   0x000000000800231c       0x84 Core/Src/GO4_ACM_2020.o
                0x000000000800231c                setPWM
 .text.get_btn_state
                0x00000000080023a0       0x34 Core/Src/GO4_ACM_2020.o
                0x00000000080023a0                get_btn_state
 .text.HAL_CAN_RxFifo0MsgPendingCallback
                0x00000000080023d4       0x1a Core/Src/GopherCAN.o
                0x00000000080023d4                HAL_CAN_RxFifo0MsgPendingCallback
 .text.HAL_CAN_RxFifo1MsgPendingCallback
                0x00000000080023ee       0x1a Core/Src/GopherCAN.o
                0x00000000080023ee                HAL_CAN_RxFifo1MsgPendingCallback
 .text.service_can_rx_hardware
                0x0000000008002408       0x9c Core/Src/GopherCAN.o
                0x0000000008002408                service_can_rx_hardware
 .text.choose_tx_buffer_from_hcan
                0x00000000080024a4       0x2c Core/Src/GopherCAN.o
 .text.choose_tx_buffer_from_dest_module
                0x00000000080024d0       0x48 Core/Src/GopherCAN.o
 .text.rout_can_message
                0x0000000008002518       0xf4 Core/Src/GopherCAN.o
 .text.is_full  0x000000000800260c       0x22 Core/Src/GopherCAN_ring_buffer.o
                0x000000000800260c                is_full
 .text.get_from_buffer
                0x000000000800262e       0x38 Core/Src/GopherCAN_ring_buffer.o
                0x000000000800262e                get_from_buffer
 .text.add_message_to_back
                0x0000000008002666       0x82 Core/Src/GopherCAN_ring_buffer.o
                0x0000000008002666                add_message_to_back
 .text.main     0x00000000080026e8       0x88 Core/Src/main.o
                0x00000000080026e8                main
 .text.SystemClock_Config
                0x0000000008002770       0xa6 Core/Src/main.o
                0x0000000008002770                SystemClock_Config
 *fill*         0x0000000008002816        0x2 
 .text.MX_CAN_Init
                0x0000000008002818       0x6c Core/Src/main.o
 .text.MX_TIM3_Init
                0x0000000008002884       0xec Core/Src/main.o
 .text.MX_TIM14_Init
                0x0000000008002970       0x4c Core/Src/main.o
 .text.MX_USART2_UART_Init
                0x00000000080029bc       0x60 Core/Src/main.o
 .text.MX_GPIO_Init
                0x0000000008002a1c       0xf0 Core/Src/main.o
 .text.start_update_calculate_wing_angle
                0x0000000008002b0c       0x24 Core/Src/main.o
                0x0000000008002b0c                start_update_calculate_wing_angle
 .text.start_actuate_wings
                0x0000000008002b30       0x14 Core/Src/main.o
                0x0000000008002b30                start_actuate_wings
 .text.start_DRS_button
                0x0000000008002b44       0x14 Core/Src/main.o
                0x0000000008002b44                start_DRS_button
 .text.HAL_TIM_PeriodElapsedCallback
                0x0000000008002b58       0x24 Core/Src/main.o
                0x0000000008002b58                HAL_TIM_PeriodElapsedCallback
 .text.Error_Handler
                0x0000000008002b7c        0xa Core/Src/main.o
                0x0000000008002b7c                Error_Handler
 *fill*         0x0000000008002b86        0x2 
 .text.HAL_MspInit
                0x0000000008002b88       0x48 Core/Src/stm32f0xx_hal_msp.o
                0x0000000008002b88                HAL_MspInit
 .text.HAL_CAN_MspInit
                0x0000000008002bd0       0xac Core/Src/stm32f0xx_hal_msp.o
                0x0000000008002bd0                HAL_CAN_MspInit
 .text.HAL_TIM_PWM_MspInit
                0x0000000008002c7c       0x3c Core/Src/stm32f0xx_hal_msp.o
                0x0000000008002c7c                HAL_TIM_PWM_MspInit
 .text.HAL_TIM_Base_MspInit
                0x0000000008002cb8       0x40 Core/Src/stm32f0xx_hal_msp.o
                0x0000000008002cb8                HAL_TIM_Base_MspInit
 .text.HAL_TIM_MspPostInit
                0x0000000008002cf8       0xc8 Core/Src/stm32f0xx_hal_msp.o
                0x0000000008002cf8                HAL_TIM_MspPostInit
 .text.HAL_UART_MspInit
                0x0000000008002dc0       0x98 Core/Src/stm32f0xx_hal_msp.o
                0x0000000008002dc0                HAL_UART_MspInit
 .text.HAL_InitTick
                0x0000000008002e58       0xb8 Core/Src/stm32f0xx_hal_timebase_tim.o
                0x0000000008002e58                HAL_InitTick
 .text.NMI_Handler
                0x0000000008002f10        0xa Core/Src/stm32f0xx_it.o
                0x0000000008002f10                NMI_Handler
 .text.HardFault_Handler
                0x0000000008002f1a        0x6 Core/Src/stm32f0xx_it.o
                0x0000000008002f1a                HardFault_Handler
 .text.TIM6_DAC_IRQHandler
                0x0000000008002f20       0x18 Core/Src/stm32f0xx_it.o
                0x0000000008002f20                TIM6_DAC_IRQHandler
 .text.CEC_CAN_IRQHandler
                0x0000000008002f38       0x18 Core/Src/stm32f0xx_it.o
                0x0000000008002f38                CEC_CAN_IRQHandler
 .text.SystemInit
                0x0000000008002f50        0xa Core/Src/system_stm32f0xx.o
                0x0000000008002f50                SystemInit
 *fill*         0x0000000008002f5a        0x2 
 .text.Reset_Handler
                0x0000000008002f5c       0x50 Core/Startup/startup_stm32f072rbtx.o
                0x0000000008002f5c                Reset_Handler
 .text.Default_Handler
                0x0000000008002fac        0x2 Core/Startup/startup_stm32f072rbtx.o
                0x0000000008002fac                TIM1_CC_IRQHandler
                0x0000000008002fac                TSC_IRQHandler
                0x0000000008002fac                ADC1_COMP_IRQHandler
                0x0000000008002fac                I2C1_IRQHandler
                0x0000000008002fac                RCC_CRS_IRQHandler
                0x0000000008002fac                SPI1_IRQHandler
                0x0000000008002fac                USART3_4_IRQHandler
                0x0000000008002fac                EXTI2_3_IRQHandler
                0x0000000008002fac                I2C2_IRQHandler
                0x0000000008002fac                TIM17_IRQHandler
                0x0000000008002fac                RTC_IRQHandler
                0x0000000008002fac                PVD_VDDIO2_IRQHandler
                0x0000000008002fac                DMA1_Channel4_5_6_7_IRQHandler
                0x0000000008002fac                TIM16_IRQHandler
                0x0000000008002fac                TIM3_IRQHandler
                0x0000000008002fac                EXTI4_15_IRQHandler
                0x0000000008002fac                DMA1_Channel1_IRQHandler
                0x0000000008002fac                Default_Handler
                0x0000000008002fac                TIM14_IRQHandler
                0x0000000008002fac                TIM7_IRQHandler
                0x0000000008002fac                TIM15_IRQHandler
                0x0000000008002fac                EXTI0_1_IRQHandler
                0x0000000008002fac                USB_IRQHandler
                0x0000000008002fac                SPI2_IRQHandler
                0x0000000008002fac                WWDG_IRQHandler
                0x0000000008002fac                TIM2_IRQHandler
                0x0000000008002fac                DMA1_Channel2_3_IRQHandler
                0x0000000008002fac                USART2_IRQHandler
                0x0000000008002fac                FLASH_IRQHandler
                0x0000000008002fac                USART1_IRQHandler
                0x0000000008002fac                TIM1_BRK_UP_TRG_COM_IRQHandler
 *fill*         0x0000000008002fae        0x2 
 .text.HAL_Init
                0x0000000008002fb0       0x28 Drivers/STM32F0xx_HAL_Driver/Src/stm32f0xx_hal.o
                0x0000000008002fb0                HAL_Init
 .text.HAL_IncTick
                0x0000000008002fd8       0x24 Drivers/STM32F0xx_HAL_Driver/Src/stm32f0xx_hal.o
                0x0000000008002fd8                HAL_IncTick
 .text.HAL_GetTick
                0x0000000008002ffc       0x14 Drivers/STM32F0xx_HAL_Driver/Src/stm32f0xx_hal.o
                0x0000000008002ffc                HAL_GetTick
 .text.HAL_CAN_Init
                0x0000000008003010      0x1fc Drivers/STM32F0xx_HAL_Driver/Src/stm32f0xx_hal_can.o
                0x0000000008003010                HAL_CAN_Init
 .text.HAL_CAN_GetRxMessage
                0x000000000800320c      0x238 Drivers/STM32F0xx_HAL_Driver/Src/stm32f0xx_hal_can.o
                0x000000000800320c                HAL_CAN_GetRxMessage
 .text.HAL_CAN_GetRxFifoFillLevel
                0x0000000008003444       0x56 Drivers/STM32F0xx_HAL_Driver/Src/stm32f0xx_hal_can.o
                0x0000000008003444                HAL_CAN_GetRxFifoFillLevel
 .text.HAL_CAN_IRQHandler
                0x000000000800349a      0x362 Drivers/STM32F0xx_HAL_Driver/Src/stm32f0xx_hal_can.o
                0x000000000800349a                HAL_CAN_IRQHandler
 .text.HAL_CAN_TxMailbox0CompleteCallback
                0x00000000080037fc       0x10 Drivers/STM32F0xx_HAL_Driver/Src/stm32f0xx_hal_can.o
                0x00000000080037fc                HAL_CAN_TxMailbox0CompleteCallback
 .text.HAL_CAN_TxMailbox1CompleteCallback
                0x000000000800380c       0x10 Drivers/STM32F0xx_HAL_Driver/Src/stm32f0xx_hal_can.o
                0x000000000800380c                HAL_CAN_TxMailbox1CompleteCallback
 .text.HAL_CAN_TxMailbox2CompleteCallback
                0x000000000800381c       0x10 Drivers/STM32F0xx_HAL_Driver/Src/stm32f0xx_hal_can.o
                0x000000000800381c                HAL_CAN_TxMailbox2CompleteCallback
 .text.HAL_CAN_TxMailbox0AbortCallback
                0x000000000800382c       0x10 Drivers/STM32F0xx_HAL_Driver/Src/stm32f0xx_hal_can.o
                0x000000000800382c                HAL_CAN_TxMailbox0AbortCallback
 .text.HAL_CAN_TxMailbox1AbortCallback
                0x000000000800383c       0x10 Drivers/STM32F0xx_HAL_Driver/Src/stm32f0xx_hal_can.o
                0x000000000800383c                HAL_CAN_TxMailbox1AbortCallback
 .text.HAL_CAN_TxMailbox2AbortCallback
                0x000000000800384c       0x10 Drivers/STM32F0xx_HAL_Driver/Src/stm32f0xx_hal_can.o
                0x000000000800384c                HAL_CAN_TxMailbox2AbortCallback
 .text.HAL_CAN_RxFifo0FullCallback
                0x000000000800385c       0x10 Drivers/STM32F0xx_HAL_Driver/Src/stm32f0xx_hal_can.o
                0x000000000800385c                HAL_CAN_RxFifo0FullCallback
 .text.HAL_CAN_RxFifo1FullCallback
                0x000000000800386c       0x10 Drivers/STM32F0xx_HAL_Driver/Src/stm32f0xx_hal_can.o
                0x000000000800386c                HAL_CAN_RxFifo1FullCallback
 .text.HAL_CAN_SleepCallback
                0x000000000800387c       0x10 Drivers/STM32F0xx_HAL_Driver/Src/stm32f0xx_hal_can.o
                0x000000000800387c                HAL_CAN_SleepCallback
 .text.HAL_CAN_WakeUpFromRxMsgCallback
                0x000000000800388c       0x10 Drivers/STM32F0xx_HAL_Driver/Src/stm32f0xx_hal_can.o
                0x000000000800388c                HAL_CAN_WakeUpFromRxMsgCallback
 .text.HAL_CAN_ErrorCallback
                0x000000000800389c       0x10 Drivers/STM32F0xx_HAL_Driver/Src/stm32f0xx_hal_can.o
                0x000000000800389c                HAL_CAN_ErrorCallback
 .text.__NVIC_EnableIRQ
                0x00000000080038ac       0x34 Drivers/STM32F0xx_HAL_Driver/Src/stm32f0xx_hal_cortex.o
 .text.__NVIC_SetPriority
                0x00000000080038e0       0xdc Drivers/STM32F0xx_HAL_Driver/Src/stm32f0xx_hal_cortex.o
 .text.HAL_NVIC_SetPriority
                0x00000000080039bc       0x2a Drivers/STM32F0xx_HAL_Driver/Src/stm32f0xx_hal_cortex.o
                0x00000000080039bc                HAL_NVIC_SetPriority
 .text.HAL_NVIC_EnableIRQ
                0x00000000080039e6       0x20 Drivers/STM32F0xx_HAL_Driver/Src/stm32f0xx_hal_cortex.o
                0x00000000080039e6                HAL_NVIC_EnableIRQ
 *fill*         0x0000000008003a06        0x2 
 .text.HAL_GPIO_Init
                0x0000000008003a08      0x2f0 Drivers/STM32F0xx_HAL_Driver/Src/stm32f0xx_hal_gpio.o
                0x0000000008003a08                HAL_GPIO_Init
 .text.HAL_GPIO_ReadPin
                0x0000000008003cf8       0x3a Drivers/STM32F0xx_HAL_Driver/Src/stm32f0xx_hal_gpio.o
                0x0000000008003cf8                HAL_GPIO_ReadPin
 .text.HAL_GPIO_WritePin
                0x0000000008003d32       0x3a Drivers/STM32F0xx_HAL_Driver/Src/stm32f0xx_hal_gpio.o
                0x0000000008003d32                HAL_GPIO_WritePin
 .text.HAL_RCC_OscConfig
                0x0000000008003d6c      0x70c Drivers/STM32F0xx_HAL_Driver/Src/stm32f0xx_hal_rcc.o
                0x0000000008003d6c                HAL_RCC_OscConfig
 .text.HAL_RCC_ClockConfig
                0x0000000008004478      0x1b4 Drivers/STM32F0xx_HAL_Driver/Src/stm32f0xx_hal_rcc.o
                0x0000000008004478                HAL_RCC_ClockConfig
 .text.HAL_RCC_GetSysClockFreq
                0x000000000800462c       0xfc Drivers/STM32F0xx_HAL_Driver/Src/stm32f0xx_hal_rcc.o
                0x000000000800462c                HAL_RCC_GetSysClockFreq
 .text.HAL_RCC_GetHCLKFreq
                0x0000000008004728       0x14 Drivers/STM32F0xx_HAL_Driver/Src/stm32f0xx_hal_rcc.o
                0x0000000008004728                HAL_RCC_GetHCLKFreq
 .text.HAL_RCC_GetPCLK1Freq
                0x000000000800473c       0x2c Drivers/STM32F0xx_HAL_Driver/Src/stm32f0xx_hal_rcc.o
                0x000000000800473c                HAL_RCC_GetPCLK1Freq
 .text.HAL_RCC_GetClockConfig
                0x0000000008004768       0x54 Drivers/STM32F0xx_HAL_Driver/Src/stm32f0xx_hal_rcc.o
                0x0000000008004768                HAL_RCC_GetClockConfig
 .text.HAL_RCCEx_PeriphCLKConfig
                0x00000000080047bc      0x200 Drivers/STM32F0xx_HAL_Driver/Src/stm32f0xx_hal_rcc_ex.o
                0x00000000080047bc                HAL_RCCEx_PeriphCLKConfig
 .text.HAL_TIM_Base_Init
                0x00000000080049bc       0x58 Drivers/STM32F0xx_HAL_Driver/Src/stm32f0xx_hal_tim.o
                0x00000000080049bc                HAL_TIM_Base_Init
 .text.HAL_TIM_Base_Start_IT
                0x0000000008004a14       0x44 Drivers/STM32F0xx_HAL_Driver/Src/stm32f0xx_hal_tim.o
                0x0000000008004a14                HAL_TIM_Base_Start_IT
 .text.HAL_TIM_PWM_Init
                0x0000000008004a58       0x58 Drivers/STM32F0xx_HAL_Driver/Src/stm32f0xx_hal_tim.o
                0x0000000008004a58                HAL_TIM_PWM_Init
 .text.HAL_TIM_PWM_Start
                0x0000000008004ab0       0x98 Drivers/STM32F0xx_HAL_Driver/Src/stm32f0xx_hal_tim.o
                0x0000000008004ab0                HAL_TIM_PWM_Start
 .text.HAL_TIM_PWM_Stop
                0x0000000008004b48       0xc8 Drivers/STM32F0xx_HAL_Driver/Src/stm32f0xx_hal_tim.o
                0x0000000008004b48                HAL_TIM_PWM_Stop
 .text.HAL_TIM_IRQHandler
                0x0000000008004c10      0x22c Drivers/STM32F0xx_HAL_Driver/Src/stm32f0xx_hal_tim.o
                0x0000000008004c10                HAL_TIM_IRQHandler
 .text.HAL_TIM_PWM_ConfigChannel
                0x0000000008004e3c      0x170 Drivers/STM32F0xx_HAL_Driver/Src/stm32f0xx_hal_tim.o
                0x0000000008004e3c                HAL_TIM_PWM_ConfigChannel
 .text.HAL_TIM_OC_DelayElapsedCallback
                0x0000000008004fac       0x10 Drivers/STM32F0xx_HAL_Driver/Src/stm32f0xx_hal_tim.o
                0x0000000008004fac                HAL_TIM_OC_DelayElapsedCallback
 .text.HAL_TIM_IC_CaptureCallback
                0x0000000008004fbc       0x10 Drivers/STM32F0xx_HAL_Driver/Src/stm32f0xx_hal_tim.o
                0x0000000008004fbc                HAL_TIM_IC_CaptureCallback
 .text.HAL_TIM_PWM_PulseFinishedCallback
                0x0000000008004fcc       0x10 Drivers/STM32F0xx_HAL_Driver/Src/stm32f0xx_hal_tim.o
                0x0000000008004fcc                HAL_TIM_PWM_PulseFinishedCallback
 .text.HAL_TIM_TriggerCallback
                0x0000000008004fdc       0x10 Drivers/STM32F0xx_HAL_Driver/Src/stm32f0xx_hal_tim.o
                0x0000000008004fdc                HAL_TIM_TriggerCallback
 .text.TIM_Base_SetConfig
                0x0000000008004fec      0x100 Drivers/STM32F0xx_HAL_Driver/Src/stm32f0xx_hal_tim.o
                0x0000000008004fec                TIM_Base_SetConfig
 .text.TIM_OC1_SetConfig
                0x00000000080050ec      0x110 Drivers/STM32F0xx_HAL_Driver/Src/stm32f0xx_hal_tim.o
 .text.TIM_OC2_SetConfig
                0x00000000080051fc      0x108 Drivers/STM32F0xx_HAL_Driver/Src/stm32f0xx_hal_tim.o
                0x00000000080051fc                TIM_OC2_SetConfig
 .text.TIM_OC3_SetConfig
                0x0000000008005304      0x10c Drivers/STM32F0xx_HAL_Driver/Src/stm32f0xx_hal_tim.o
 .text.TIM_OC4_SetConfig
                0x0000000008005410       0xd4 Drivers/STM32F0xx_HAL_Driver/Src/stm32f0xx_hal_tim.o
 .text.TIM_CCxChannelCmd
                0x00000000080054e4       0x46 Drivers/STM32F0xx_HAL_Driver/Src/stm32f0xx_hal_tim.o
                0x00000000080054e4                TIM_CCxChannelCmd
 *fill*         0x000000000800552a        0x2 
 .text.HAL_TIMEx_MasterConfigSynchronization
                0x000000000800552c       0xbc Drivers/STM32F0xx_HAL_Driver/Src/stm32f0xx_hal_tim_ex.o
                0x000000000800552c                HAL_TIMEx_MasterConfigSynchronization
 .text.HAL_TIMEx_CommutCallback
                0x00000000080055e8       0x10 Drivers/STM32F0xx_HAL_Driver/Src/stm32f0xx_hal_tim_ex.o
                0x00000000080055e8                HAL_TIMEx_CommutCallback
 .text.HAL_TIMEx_BreakCallback
                0x00000000080055f8       0x10 Drivers/STM32F0xx_HAL_Driver/Src/stm32f0xx_hal_tim_ex.o
                0x00000000080055f8                HAL_TIMEx_BreakCallback
 .text.HAL_UART_Init
                0x0000000008005608       0xa8 Drivers/STM32F0xx_HAL_Driver/Src/stm32f0xx_hal_uart.o
                0x0000000008005608                HAL_UART_Init
 .text.UART_SetConfig
                0x00000000080056b0      0x398 Drivers/STM32F0xx_HAL_Driver/Src/stm32f0xx_hal_uart.o
                0x00000000080056b0                UART_SetConfig
 .text.UART_AdvFeatureConfig
                0x0000000008005a48      0x168 Drivers/STM32F0xx_HAL_Driver/Src/stm32f0xx_hal_uart.o
                0x0000000008005a48                UART_AdvFeatureConfig
 .text.UART_CheckIdleState
                0x0000000008005bb0       0x8c Drivers/STM32F0xx_HAL_Driver/Src/stm32f0xx_hal_uart.o
                0x0000000008005bb0                UART_CheckIdleState
 .text.UART_WaitOnFlagUntilTimeout
                0x0000000008005c3c       0xfc Drivers/STM32F0xx_HAL_Driver/Src/stm32f0xx_hal_uart.o
                0x0000000008005c3c                UART_WaitOnFlagUntilTimeout
 .text.osKernelInitialize
                0x0000000008005d38       0x58 Middlewares/Third_Party/FreeRTOS/Source/CMSIS_RTOS_V2/cmsis_os2.o
                0x0000000008005d38                osKernelInitialize
 .text.osKernelStart
                0x0000000008005d90       0x5c Middlewares/Third_Party/FreeRTOS/Source/CMSIS_RTOS_V2/cmsis_os2.o
                0x0000000008005d90                osKernelStart
 .text.osThreadNew
                0x0000000008005dec      0x150 Middlewares/Third_Party/FreeRTOS/Source/CMSIS_RTOS_V2/cmsis_os2.o
                0x0000000008005dec                osThreadNew
 .text.osDelay  0x0000000008005f3c       0x50 Middlewares/Third_Party/FreeRTOS/Source/CMSIS_RTOS_V2/cmsis_os2.o
                0x0000000008005f3c                osDelay
 .text.vApplicationGetIdleTaskMemory
                0x0000000008005f8c       0x30 Middlewares/Third_Party/FreeRTOS/Source/CMSIS_RTOS_V2/cmsis_os2.o
                0x0000000008005f8c                vApplicationGetIdleTaskMemory
 .text.vApplicationGetTimerTaskMemory
                0x0000000008005fbc       0x30 Middlewares/Third_Party/FreeRTOS/Source/CMSIS_RTOS_V2/cmsis_os2.o
                0x0000000008005fbc                vApplicationGetTimerTaskMemory
 .text.vListInitialise
                0x0000000008005fec       0x3c Middlewares/Third_Party/FreeRTOS/Source/list.o
                0x0000000008005fec                vListInitialise
 .text.vListInitialiseItem
                0x0000000008006028       0x16 Middlewares/Third_Party/FreeRTOS/Source/list.o
                0x0000000008006028                vListInitialiseItem
 .text.vListInsertEnd
                0x000000000800603e       0x44 Middlewares/Third_Party/FreeRTOS/Source/list.o
                0x000000000800603e                vListInsertEnd
 .text.vListInsert
                0x0000000008006082       0x6c Middlewares/Third_Party/FreeRTOS/Source/list.o
                0x0000000008006082                vListInsert
 .text.uxListRemove
                0x00000000080060ee       0x50 Middlewares/Third_Party/FreeRTOS/Source/list.o
                0x00000000080060ee                uxListRemove
 .text.xQueueGenericReset
                0x000000000800613e       0xa8 Middlewares/Third_Party/FreeRTOS/Source/queue.o
                0x000000000800613e                xQueueGenericReset
 .text.xQueueGenericCreateStatic
                0x00000000080061e6       0x96 Middlewares/Third_Party/FreeRTOS/Source/queue.o
                0x00000000080061e6                xQueueGenericCreateStatic
 .text.prvInitialiseNewQueue
                0x000000000800627c       0x4e Middlewares/Third_Party/FreeRTOS/Source/queue.o
 .text.xQueueGenericSend
                0x00000000080062ca      0x188 Middlewares/Third_Party/FreeRTOS/Source/queue.o
                0x00000000080062ca                xQueueGenericSend
 .text.xQueueGenericSendFromISR
                0x0000000008006452       0xe2 Middlewares/Third_Party/FreeRTOS/Source/queue.o
                0x0000000008006452                xQueueGenericSendFromISR
 .text.xQueueReceive
                0x0000000008006534      0x16a Middlewares/Third_Party/FreeRTOS/Source/queue.o
                0x0000000008006534                xQueueReceive
 .text.prvCopyDataToQueue
                0x000000000800669e       0xd6 Middlewares/Third_Party/FreeRTOS/Source/queue.o
 .text.prvCopyDataFromQueue
                0x0000000008006774       0x4c Middlewares/Third_Party/FreeRTOS/Source/queue.o
 .text.prvUnlockQueue
                0x00000000080067c0       0xbc Middlewares/Third_Party/FreeRTOS/Source/queue.o
 .text.prvIsQueueEmpty
                0x000000000800687c       0x2c Middlewares/Third_Party/FreeRTOS/Source/queue.o
 .text.prvIsQueueFull
                0x00000000080068a8       0x30 Middlewares/Third_Party/FreeRTOS/Source/queue.o
 .text.vQueueAddToRegistry
                0x00000000080068d8       0x50 Middlewares/Third_Party/FreeRTOS/Source/queue.o
                0x00000000080068d8                vQueueAddToRegistry
 .text.vQueueWaitForMessageRestricted
                0x0000000008006928       0x66 Middlewares/Third_Party/FreeRTOS/Source/queue.o
                0x0000000008006928                vQueueWaitForMessageRestricted
 .text.xTaskCreateStatic
                0x000000000800698e       0x86 Middlewares/Third_Party/FreeRTOS/Source/tasks.o
                0x000000000800698e                xTaskCreateStatic
 .text.xTaskCreate
                0x0000000008006a14       0x98 Middlewares/Third_Party/FreeRTOS/Source/tasks.o
                0x0000000008006a14                xTaskCreate
 .text.prvInitialiseNewTask
                0x0000000008006aac      0x104 Middlewares/Third_Party/FreeRTOS/Source/tasks.o
 .text.prvAddNewTaskToReadyList
                0x0000000008006bb0       0xd0 Middlewares/Third_Party/FreeRTOS/Source/tasks.o
 .text.vTaskDelay
                0x0000000008006c80       0x4c Middlewares/Third_Party/FreeRTOS/Source/tasks.o
                0x0000000008006c80                vTaskDelay
 .text.vTaskStartScheduler
                0x0000000008006ccc       0xa8 Middlewares/Third_Party/FreeRTOS/Source/tasks.o
                0x0000000008006ccc                vTaskStartScheduler
 .text.vTaskSuspendAll
                0x0000000008006d74       0x18 Middlewares/Third_Party/FreeRTOS/Source/tasks.o
                0x0000000008006d74                vTaskSuspendAll
 .text.xTaskResumeAll
                0x0000000008006d8c      0x118 Middlewares/Third_Party/FreeRTOS/Source/tasks.o
                0x0000000008006d8c                xTaskResumeAll
 .text.xTaskGetTickCount
                0x0000000008006ea4       0x1c Middlewares/Third_Party/FreeRTOS/Source/tasks.o
                0x0000000008006ea4                xTaskGetTickCount
 .text.xTaskIncrementTick
                0x0000000008006ec0      0x168 Middlewares/Third_Party/FreeRTOS/Source/tasks.o
                0x0000000008006ec0                xTaskIncrementTick
 .text.vTaskSwitchContext
                0x0000000008007028       0xa4 Middlewares/Third_Party/FreeRTOS/Source/tasks.o
                0x0000000008007028                vTaskSwitchContext
 .text.vTaskPlaceOnEventList
                0x00000000080070cc       0x3c Middlewares/Third_Party/FreeRTOS/Source/tasks.o
                0x00000000080070cc                vTaskPlaceOnEventList
 .text.vTaskPlaceOnEventListRestricted
                0x0000000008007108       0x4c Middlewares/Third_Party/FreeRTOS/Source/tasks.o
                0x0000000008007108                vTaskPlaceOnEventListRestricted
 .text.xTaskRemoveFromEventList
                0x0000000008007154       0xb8 Middlewares/Third_Party/FreeRTOS/Source/tasks.o
                0x0000000008007154                xTaskRemoveFromEventList
 .text.vTaskInternalSetTimeOutState
                0x000000000800720c       0x28 Middlewares/Third_Party/FreeRTOS/Source/tasks.o
                0x000000000800720c                vTaskInternalSetTimeOutState
 .text.xTaskCheckForTimeOut
                0x0000000008007234       0xa0 Middlewares/Third_Party/FreeRTOS/Source/tasks.o
                0x0000000008007234                xTaskCheckForTimeOut
 .text.vTaskMissedYield
                0x00000000080072d4       0x14 Middlewares/Third_Party/FreeRTOS/Source/tasks.o
                0x00000000080072d4                vTaskMissedYield
 .text.prvIdleTask
                0x00000000080072e8       0x20 Middlewares/Third_Party/FreeRTOS/Source/tasks.o
 .text.prvInitialiseTaskLists
                0x0000000008007308       0x88 Middlewares/Third_Party/FreeRTOS/Source/tasks.o
 .text.prvCheckTasksWaitingTermination
                0x0000000008007390       0x5c Middlewares/Third_Party/FreeRTOS/Source/tasks.o
 .text.prvDeleteTCB
                0x00000000080073ec       0x50 Middlewares/Third_Party/FreeRTOS/Source/tasks.o
 .text.prvResetNextTaskUnblockTime
                0x000000000800743c       0x48 Middlewares/Third_Party/FreeRTOS/Source/tasks.o
 .text.xTaskGetSchedulerState
                0x0000000008007484       0x38 Middlewares/Third_Party/FreeRTOS/Source/tasks.o
                0x0000000008007484                xTaskGetSchedulerState
 .text.xTaskPriorityDisinherit
                0x00000000080074bc       0xb8 Middlewares/Third_Party/FreeRTOS/Source/tasks.o
                0x00000000080074bc                xTaskPriorityDisinherit
 .text.prvAddCurrentTaskToDelayedList
                0x0000000008007574       0xa8 Middlewares/Third_Party/FreeRTOS/Source/tasks.o
 .text.xTimerCreateTimerTask
                0x000000000800761c       0x7c Middlewares/Third_Party/FreeRTOS/Source/timers.o
                0x000000000800761c                xTimerCreateTimerTask
 .text.xTimerGenericCommand
                0x0000000008007698       0x98 Middlewares/Third_Party/FreeRTOS/Source/timers.o
                0x0000000008007698                xTimerGenericCommand
 .text.prvProcessExpiredTimer
                0x0000000008007730       0x70 Middlewares/Third_Party/FreeRTOS/Source/timers.o
 .text.prvTimerTask
                0x00000000080077a0       0x28 Middlewares/Third_Party/FreeRTOS/Source/timers.o
 .text.prvProcessTimerOrBlockTask
                0x00000000080077c8       0x8c Middlewares/Third_Party/FreeRTOS/Source/timers.o
 .text.prvGetNextExpireTime
                0x0000000008007854       0x40 Middlewares/Third_Party/FreeRTOS/Source/timers.o
 .text.prvSampleTimeNow
                0x0000000008007894       0x40 Middlewares/Third_Party/FreeRTOS/Source/timers.o
 .text.prvInsertTimerInActiveList
                0x00000000080078d4       0x84 Middlewares/Third_Party/FreeRTOS/Source/timers.o
 .text.prvProcessReceivedCommands
                0x0000000008007958      0x134 Middlewares/Third_Party/FreeRTOS/Source/timers.o
 .text.prvSwitchTimerLists
                0x0000000008007a8c       0xb4 Middlewares/Third_Party/FreeRTOS/Source/timers.o
 .text.prvCheckForValidListAndQueue
                0x0000000008007b40       0x88 Middlewares/Third_Party/FreeRTOS/Source/timers.o
 .text.pxPortInitialiseStack
                0x0000000008007bc8       0x54 Middlewares/Third_Party/FreeRTOS/Source/portable/GCC/ARM_CM0/port.o
                0x0000000008007bc8                pxPortInitialiseStack
 .text.prvTaskExitError
                0x0000000008007c1c       0x2c Middlewares/Third_Party/FreeRTOS/Source/portable/GCC/ARM_CM0/port.o
 .text.SVC_Handler
                0x0000000008007c48        0xa Middlewares/Third_Party/FreeRTOS/Source/portable/GCC/ARM_CM0/port.o
                0x0000000008007c48                SVC_Handler
 *fill*         0x0000000008007c52        0xe 
 .text.vPortStartFirstTask
                0x0000000008007c60       0x38 Middlewares/Third_Party/FreeRTOS/Source/portable/GCC/ARM_CM0/port.o
 .text.xPortStartScheduler
                0x0000000008007c98       0x48 Middlewares/Third_Party/FreeRTOS/Source/portable/GCC/ARM_CM0/port.o
                0x0000000008007c98                xPortStartScheduler
 .text.vPortYield
                0x0000000008007ce0       0x20 Middlewares/Third_Party/FreeRTOS/Source/portable/GCC/ARM_CM0/port.o
                0x0000000008007ce0                vPortYield
 .text.vPortEnterCritical
                0x0000000008007d00       0x24 Middlewares/Third_Party/FreeRTOS/Source/portable/GCC/ARM_CM0/port.o
                0x0000000008007d00                vPortEnterCritical
 .text.vPortExitCritical
                0x0000000008007d24       0x30 Middlewares/Third_Party/FreeRTOS/Source/portable/GCC/ARM_CM0/port.o
                0x0000000008007d24                vPortExitCritical
 .text.ulSetInterruptMaskFromISR
                0x0000000008007d54        0xc Middlewares/Third_Party/FreeRTOS/Source/portable/GCC/ARM_CM0/port.o
                0x0000000008007d54                ulSetInterruptMaskFromISR
 .text.vClearInterruptMaskFromISR
                0x0000000008007d60        0x8 Middlewares/Third_Party/FreeRTOS/Source/portable/GCC/ARM_CM0/port.o
                0x0000000008007d60                vClearInterruptMaskFromISR
 *fill*         0x0000000008007d68        0x8 
 .text.PendSV_Handler
                0x0000000008007d70       0x48 Middlewares/Third_Party/FreeRTOS/Source/portable/GCC/ARM_CM0/port.o
                0x0000000008007d70                PendSV_Handler
 .text.SysTick_Handler
                0x0000000008007db8       0x34 Middlewares/Third_Party/FreeRTOS/Source/portable/GCC/ARM_CM0/port.o
                0x0000000008007db8                SysTick_Handler
 .text.prvSetupTimerInterrupt
                0x0000000008007dec       0x44 Middlewares/Third_Party/FreeRTOS/Source/portable/GCC/ARM_CM0/port.o
 .text.pvPortMalloc
                0x0000000008007e30      0x14c Middlewares/Third_Party/FreeRTOS/Source/portable/MemMang/heap_4.o
                0x0000000008007e30                pvPortMalloc
 .text.vPortFree
                0x0000000008007f7c       0x90 Middlewares/Third_Party/FreeRTOS/Source/portable/MemMang/heap_4.o
                0x0000000008007f7c                vPortFree
 .text.prvHeapInit
                0x000000000800800c       0xc0 Middlewares/Third_Party/FreeRTOS/Source/portable/MemMang/heap_4.o
 .text.prvInsertBlockIntoFreeList
                0x00000000080080cc       0xb0 Middlewares/Third_Party/FreeRTOS/Source/portable/MemMang/heap_4.o
 .text.__libc_init_array
                0x000000000800817c       0x48 c:/st/stm32cubeide_1.4.0/stm32cubeide/plugins/com.st.stm32cube.ide.mcu.externaltools.gnu-tools-for-stm32.7-2018-q2-update.win32_1.4.0.202007081208/tools/bin/../lib/gcc/arm-none-eabi/7.3.1/../../../../arm-none-eabi/lib/thumb/v6-m\libc_nano.a(lib_a-init.o)
                0x000000000800817c                __libc_init_array
 .text.memcpy   0x00000000080081c4       0x12 c:/st/stm32cubeide_1.4.0/stm32cubeide/plugins/com.st.stm32cube.ide.mcu.externaltools.gnu-tools-for-stm32.7-2018-q2-update.win32_1.4.0.202007081208/tools/bin/../lib/gcc/arm-none-eabi/7.3.1/../../../../arm-none-eabi/lib/thumb/v6-m\libc_nano.a(lib_a-memcpy-stub.o)
                0x00000000080081c4                memcpy
 .text.memset   0x00000000080081d6       0x10 c:/st/stm32cubeide_1.4.0/stm32cubeide/plugins/com.st.stm32cube.ide.mcu.externaltools.gnu-tools-for-stm32.7-2018-q2-update.win32_1.4.0.202007081208/tools/bin/../lib/gcc/arm-none-eabi/7.3.1/../../../../arm-none-eabi/lib/thumb/v6-m\libc_nano.a(lib_a-memset.o)
                0x00000000080081d6                memset
 *(.glue_7)
 .glue_7        0x00000000080081e6        0x0 linker stubs
 *(.glue_7t)
 .glue_7t       0x00000000080081e6        0x0 linker stubs
 *(.eh_frame)
 *fill*         0x00000000080081e6        0x2 
 .eh_frame      0x00000000080081e8        0x0 c:/st/stm32cubeide_1.4.0/stm32cubeide/plugins/com.st.stm32cube.ide.mcu.externaltools.gnu-tools-for-stm32.7-2018-q2-update.win32_1.4.0.202007081208/tools/bin/../lib/gcc/arm-none-eabi/7.3.1/thumb/v6-m/crtbegin.o
 *(.init)
 .init          0x00000000080081e8        0x4 c:/st/stm32cubeide_1.4.0/stm32cubeide/plugins/com.st.stm32cube.ide.mcu.externaltools.gnu-tools-for-stm32.7-2018-q2-update.win32_1.4.0.202007081208/tools/bin/../lib/gcc/arm-none-eabi/7.3.1/thumb/v6-m/crti.o
                0x00000000080081e8                _init
 .init          0x00000000080081ec        0x8 c:/st/stm32cubeide_1.4.0/stm32cubeide/plugins/com.st.stm32cube.ide.mcu.externaltools.gnu-tools-for-stm32.7-2018-q2-update.win32_1.4.0.202007081208/tools/bin/../lib/gcc/arm-none-eabi/7.3.1/thumb/v6-m/crtn.o
 *(.fini)
 .fini          0x00000000080081f4        0x4 c:/st/stm32cubeide_1.4.0/stm32cubeide/plugins/com.st.stm32cube.ide.mcu.externaltools.gnu-tools-for-stm32.7-2018-q2-update.win32_1.4.0.202007081208/tools/bin/../lib/gcc/arm-none-eabi/7.3.1/thumb/v6-m/crti.o
                0x00000000080081f4                _fini
 .fini          0x00000000080081f8        0x8 c:/st/stm32cubeide_1.4.0/stm32cubeide/plugins/com.st.stm32cube.ide.mcu.externaltools.gnu-tools-for-stm32.7-2018-q2-update.win32_1.4.0.202007081208/tools/bin/../lib/gcc/arm-none-eabi/7.3.1/thumb/v6-m/crtn.o
                0x0000000008008200                . = ALIGN (0x4)
                0x0000000008008200                _etext = .

.vfp11_veneer   0x0000000008008200        0x0
 .vfp11_veneer  0x0000000008008200        0x0 linker stubs

.v4_bx          0x0000000008008200        0x0
 .v4_bx         0x0000000008008200        0x0 linker stubs

.iplt           0x0000000008008200        0x0
 .iplt          0x0000000008008200        0x0 c:/st/stm32cubeide_1.4.0/stm32cubeide/plugins/com.st.stm32cube.ide.mcu.externaltools.gnu-tools-for-stm32.7-2018-q2-update.win32_1.4.0.202007081208/tools/bin/../lib/gcc/arm-none-eabi/7.3.1/thumb/v6-m/crtbegin.o

.rodata         0x0000000008008200      0x150
                0x0000000008008200                . = ALIGN (0x4)
 *(.rodata)
 .rodata        0x0000000008008200       0x2b Core/Src/main.o
 *fill*         0x000000000800822b        0x1 
 .rodata        0x000000000800822c       0x20 Drivers/STM32F0xx_HAL_Driver/Src/stm32f0xx_hal_rcc.o
 .rodata        0x000000000800824c        0x5 Middlewares/Third_Party/FreeRTOS/Source/tasks.o
 *fill*         0x0000000008008251        0x3 
 .rodata        0x0000000008008254        0xd Middlewares/Third_Party/FreeRTOS/Source/timers.o
 *fill*         0x0000000008008261        0x3 
 .rodata        0x0000000008008264       0x40 c:/st/stm32cubeide_1.4.0/stm32cubeide/plugins/com.st.stm32cube.ide.mcu.externaltools.gnu-tools-for-stm32.7-2018-q2-update.win32_1.4.0.202007081208/tools/bin/../lib/gcc/arm-none-eabi/7.3.1/thumb/v6-m\libgcc.a(muldf3.o)
 *(.rodata*)
 .rodata.start_update_ca_attributes
                0x00000000080082a4       0x24 Core/Src/main.o
                0x00000000080082a4                start_update_ca_attributes
 .rodata.actuate_wings_attributes
                0x00000000080082c8       0x24 Core/Src/main.o
                0x00000000080082c8                actuate_wings_attributes
 .rodata.DRS_button_attributes
                0x00000000080082ec       0x24 Core/Src/main.o
                0x00000000080082ec                DRS_button_attributes
 .rodata.AHBPrescTable
                0x0000000008008310       0x10 Core/Src/system_stm32f0xx.o
                0x0000000008008310                AHBPrescTable
 .rodata.APBPrescTable
                0x0000000008008320        0x8 Core/Src/system_stm32f0xx.o
                0x0000000008008320                APBPrescTable
 .rodata.prvProcessReceivedCommands
                0x0000000008008328       0x28 Middlewares/Third_Party/FreeRTOS/Source/timers.o
                0x0000000008008350                . = ALIGN (0x4)

.rel.dyn        0x0000000008008350        0x0
 .rel.iplt      0x0000000008008350        0x0 c:/st/stm32cubeide_1.4.0/stm32cubeide/plugins/com.st.stm32cube.ide.mcu.externaltools.gnu-tools-for-stm32.7-2018-q2-update.win32_1.4.0.202007081208/tools/bin/../lib/gcc/arm-none-eabi/7.3.1/thumb/v6-m/crtbegin.o

.ARM.extab      0x0000000008008350        0x0
                0x0000000008008350                . = ALIGN (0x4)
 *(.ARM.extab* .gnu.linkonce.armextab.*)
                0x0000000008008350                . = ALIGN (0x4)

.ARM            0x0000000008008350        0x0
                0x0000000008008350                . = ALIGN (0x4)
                0x0000000008008350                __exidx_start = .
 *(.ARM.exidx*)
                0x0000000008008350                __exidx_end = .
                0x0000000008008350                . = ALIGN (0x4)

.preinit_array  0x0000000008008350        0x0
                0x0000000008008350                . = ALIGN (0x4)
                0x0000000008008350                PROVIDE (__preinit_array_start = .)
 *(.preinit_array*)
                0x0000000008008350                PROVIDE (__preinit_array_end = .)
                0x0000000008008350                . = ALIGN (0x4)

.init_array     0x0000000008008350        0x4
                0x0000000008008350                . = ALIGN (0x4)
                0x0000000008008350                PROVIDE (__init_array_start = .)
 *(SORT_BY_NAME(.init_array.*))
 *(.init_array*)
 .init_array    0x0000000008008350        0x4 c:/st/stm32cubeide_1.4.0/stm32cubeide/plugins/com.st.stm32cube.ide.mcu.externaltools.gnu-tools-for-stm32.7-2018-q2-update.win32_1.4.0.202007081208/tools/bin/../lib/gcc/arm-none-eabi/7.3.1/thumb/v6-m/crtbegin.o
                0x0000000008008354                PROVIDE (__init_array_end = .)
                0x0000000008008354                . = ALIGN (0x4)

.fini_array     0x0000000008008354        0x4
                0x0000000008008354                . = ALIGN (0x4)
                [!provide]                        PROVIDE (__fini_array_start = .)
 *(SORT_BY_NAME(.fini_array.*))
 *(.fini_array*)
 .fini_array    0x0000000008008354        0x4 c:/st/stm32cubeide_1.4.0/stm32cubeide/plugins/com.st.stm32cube.ide.mcu.externaltools.gnu-tools-for-stm32.7-2018-q2-update.win32_1.4.0.202007081208/tools/bin/../lib/gcc/arm-none-eabi/7.3.1/thumb/v6-m/crtbegin.o
                [!provide]                        PROVIDE (__fini_array_end = .)
                0x0000000008008358                . = ALIGN (0x4)
                0x0000000008008358                _sidata = LOADADDR (.data)

.data           0x0000000020000000      0x104 load address 0x0000000008008358
                0x0000000020000000                . = ALIGN (0x4)
                0x0000000020000000                _sdata = .
 *(.data)
 *(.data*)
 .data.wheel_speed
                0x0000000020000000       0x28 Core/Src/GO4_ACM_2020.o
 .data.air_speed
                0x0000000020000028       0x28 Core/Src/GO4_ACM_2020.o
 .data.throttle_position
                0x0000000020000050       0x28 Core/Src/GO4_ACM_2020.o
 .data.steering_angle
                0x0000000020000078       0x28 Core/Src/GO4_ACM_2020.o
 .data.brake_pressure
                0x00000000200000a0       0x28 Core/Src/GO4_ACM_2020.o
 .data.acceleration
                0x00000000200000c8       0x28 Core/Src/GO4_ACM_2020.o
 .data.module_bus_number
                0x00000000200000f0        0x7 Core/Src/GopherCAN.o
                0x00000000200000f0                module_bus_number
 *fill*         0x00000000200000f7        0x1 
 .data.SystemCoreClock
                0x00000000200000f8        0x4 Core/Src/system_stm32f0xx.o
                0x00000000200000f8                SystemCoreClock
 .data.uwTickFreq
                0x00000000200000fc        0x1 Drivers/STM32F0xx_HAL_Driver/Src/stm32f0xx_hal.o
                0x00000000200000fc                uwTickFreq
 *fill*         0x00000000200000fd        0x3 
 .data.uxCriticalNesting
                0x0000000020000100        0x4 Middlewares/Third_Party/FreeRTOS/Source/portable/GCC/ARM_CM0/port.o
                0x0000000020000104                . = ALIGN (0x4)
                0x0000000020000104                _edata = .

.igot.plt       0x0000000020000104        0x0 load address 0x000000000800845c
 .igot.plt      0x0000000020000104        0x0 c:/st/stm32cubeide_1.4.0/stm32cubeide/plugins/com.st.stm32cube.ide.mcu.externaltools.gnu-tools-for-stm32.7-2018-q2-update.win32_1.4.0.202007081208/tools/bin/../lib/gcc/arm-none-eabi/7.3.1/thumb/v6-m/crtbegin.o
                0x0000000020000104                . = ALIGN (0x4)

.bss            0x0000000020000108     0x33a0 load address 0x000000000800845c
                0x0000000020000108                _sbss = .
                0x0000000020000108                __bss_start__ = _sbss
 *(.bss)
 .bss           0x0000000020000108       0x1c c:/st/stm32cubeide_1.4.0/stm32cubeide/plugins/com.st.stm32cube.ide.mcu.externaltools.gnu-tools-for-stm32.7-2018-q2-update.win32_1.4.0.202007081208/tools/bin/../lib/gcc/arm-none-eabi/7.3.1/thumb/v6-m/crtbegin.o
 *(.bss*)
 .bss.hcan_error
                0x0000000020000124        0x4 Core/Src/GopherCAN.o
                0x0000000020000124                hcan_error
 .bss.KernelState
                0x0000000020000128        0x4 Middlewares/Third_Party/FreeRTOS/Source/CMSIS_RTOS_V2/cmsis_os2.o
 .bss.Idle_TCB  0x000000002000012c       0x5c Middlewares/Third_Party/FreeRTOS/Source/CMSIS_RTOS_V2/cmsis_os2.o
 .bss.Idle_Stack
                0x0000000020000188      0x200 Middlewares/Third_Party/FreeRTOS/Source/CMSIS_RTOS_V2/cmsis_os2.o
 .bss.Timer_TCB
                0x0000000020000388       0x5c Middlewares/Third_Party/FreeRTOS/Source/CMSIS_RTOS_V2/cmsis_os2.o
 .bss.Timer_Stack
                0x00000000200003e4      0x400 Middlewares/Third_Party/FreeRTOS/Source/CMSIS_RTOS_V2/cmsis_os2.o
 .bss.pxCurrentTCB
                0x00000000200007e4        0x4 Middlewares/Third_Party/FreeRTOS/Source/tasks.o
                0x00000000200007e4                pxCurrentTCB
 .bss.pxReadyTasksLists
                0x00000000200007e8      0x460 Middlewares/Third_Party/FreeRTOS/Source/tasks.o
 .bss.xDelayedTaskList1
                0x0000000020000c48       0x14 Middlewares/Third_Party/FreeRTOS/Source/tasks.o
 .bss.xDelayedTaskList2
                0x0000000020000c5c       0x14 Middlewares/Third_Party/FreeRTOS/Source/tasks.o
 .bss.pxDelayedTaskList
                0x0000000020000c70        0x4 Middlewares/Third_Party/FreeRTOS/Source/tasks.o
 .bss.pxOverflowDelayedTaskList
                0x0000000020000c74        0x4 Middlewares/Third_Party/FreeRTOS/Source/tasks.o
 .bss.xPendingReadyList
                0x0000000020000c78       0x14 Middlewares/Third_Party/FreeRTOS/Source/tasks.o
 .bss.xTasksWaitingTermination
                0x0000000020000c8c       0x14 Middlewares/Third_Party/FreeRTOS/Source/tasks.o
 .bss.uxDeletedTasksWaitingCleanUp
                0x0000000020000ca0        0x4 Middlewares/Third_Party/FreeRTOS/Source/tasks.o
 .bss.xSuspendedTaskList
                0x0000000020000ca4       0x14 Middlewares/Third_Party/FreeRTOS/Source/tasks.o
 .bss.uxCurrentNumberOfTasks
                0x0000000020000cb8        0x4 Middlewares/Third_Party/FreeRTOS/Source/tasks.o
 .bss.xTickCount
                0x0000000020000cbc        0x4 Middlewares/Third_Party/FreeRTOS/Source/tasks.o
 .bss.uxTopReadyPriority
                0x0000000020000cc0        0x4 Middlewares/Third_Party/FreeRTOS/Source/tasks.o
 .bss.xSchedulerRunning
                0x0000000020000cc4        0x4 Middlewares/Third_Party/FreeRTOS/Source/tasks.o
 .bss.uxPendedTicks
                0x0000000020000cc8        0x4 Middlewares/Third_Party/FreeRTOS/Source/tasks.o
 .bss.xYieldPending
                0x0000000020000ccc        0x4 Middlewares/Third_Party/FreeRTOS/Source/tasks.o
 .bss.xNumOfOverflows
                0x0000000020000cd0        0x4 Middlewares/Third_Party/FreeRTOS/Source/tasks.o
 .bss.uxTaskNumber
                0x0000000020000cd4        0x4 Middlewares/Third_Party/FreeRTOS/Source/tasks.o
 .bss.xNextTaskUnblockTime
                0x0000000020000cd8        0x4 Middlewares/Third_Party/FreeRTOS/Source/tasks.o
 .bss.xIdleTaskHandle
                0x0000000020000cdc        0x4 Middlewares/Third_Party/FreeRTOS/Source/tasks.o
 .bss.uxSchedulerSuspended
                0x0000000020000ce0        0x4 Middlewares/Third_Party/FreeRTOS/Source/tasks.o
 .bss.xActiveTimerList1
                0x0000000020000ce4       0x14 Middlewares/Third_Party/FreeRTOS/Source/timers.o
 .bss.xActiveTimerList2
                0x0000000020000cf8       0x14 Middlewares/Third_Party/FreeRTOS/Source/timers.o
 .bss.pxCurrentTimerList
                0x0000000020000d0c        0x4 Middlewares/Third_Party/FreeRTOS/Source/timers.o
 .bss.pxOverflowTimerList
                0x0000000020000d10        0x4 Middlewares/Third_Party/FreeRTOS/Source/timers.o
 .bss.xTimerQueue
                0x0000000020000d14        0x4 Middlewares/Third_Party/FreeRTOS/Source/timers.o
 .bss.xTimerTaskHandle
                0x0000000020000d18        0x4 Middlewares/Third_Party/FreeRTOS/Source/timers.o
 .bss.xLastTime.5439
                0x0000000020000d1c        0x4 Middlewares/Third_Party/FreeRTOS/Source/timers.o
 .bss.ucStaticTimerQueueStorage.5490
                0x0000000020000d20       0xa0 Middlewares/Third_Party/FreeRTOS/Source/timers.o
 .bss.xStaticTimerQueue.5489
                0x0000000020000dc0       0x50 Middlewares/Third_Party/FreeRTOS/Source/timers.o
 .bss.ucHeap    0x0000000020000e10      0xc00 Middlewares/Third_Party/FreeRTOS/Source/portable/MemMang/heap_4.o
 .bss.xStart    0x0000000020001a10        0x8 Middlewares/Third_Party/FreeRTOS/Source/portable/MemMang/heap_4.o
 .bss.pxEnd     0x0000000020001a18        0x4 Middlewares/Third_Party/FreeRTOS/Source/portable/MemMang/heap_4.o
 .bss.xFreeBytesRemaining
                0x0000000020001a1c        0x4 Middlewares/Third_Party/FreeRTOS/Source/portable/MemMang/heap_4.o
 .bss.xMinimumEverFreeBytesRemaining
                0x0000000020001a20        0x4 Middlewares/Third_Party/FreeRTOS/Source/portable/MemMang/heap_4.o
 .bss.xBlockAllocatedBit
                0x0000000020001a24        0x4 Middlewares/Third_Party/FreeRTOS/Source/portable/MemMang/heap_4.o
 *(COMMON)
 COMMON         0x0000000020001a28     0x11fa Core/Src/GO4_ACM_2020.o
                0x0000000020001a28                acceleration_index
                0x0000000020001a29                drs_button_state
                0x0000000020001a2a                control_state
                0x0000000020001a2c                front_left_servo_ticks
                0x0000000020001a2e                rear_wing_map_position
                0x0000000020001a2f                front_left_wing_map_position
                0x0000000020001a30                front_right_servo_ticks
                0x0000000020001a32                speed_index
                0x0000000020001a34                front_right_wing_map
                0x0000000020001fe0                parameters
                0x00000000200020d0                rear_servo_ticks
                0x00000000200020d4                rear_wing_map
                0x0000000020002679                front_right_wing_map_position
                0x000000002000267c                front_left_wing_map
                0x0000000020002c21                steering_angle_index
 *fill*         0x0000000020002c22        0x2 
 COMMON         0x0000000020002c24      0x6cc Core/Src/GopherCAN.o
                0x0000000020002c24                tx_buffer_mem_1
                0x0000000020002e24                last_error
                0x0000000020002e30                received_wheel_speed
                0x0000000020002e38                rx_buffer_mem
                0x0000000020003038                can_command
                0x0000000020003040                received_throttle_position
                0x0000000020003048                rx_buffer
                0x0000000020003050                received_acceleration
                0x0000000020003058                tx_buffer_mem
                0x0000000020003258                tx_buffer
                0x0000000020003260                received_steering_angle
                0x0000000020003268                gbus0
                0x0000000020003274                received_brake_pressure
                0x000000002000327c                tx_buffer_1
                0x0000000020003284                cust_funcs
                0x00000000200032d8                this_module_id
                0x00000000200032dc                received_air_speed
                0x00000000200032e4                gbus1
 COMMON         0x00000000200032f0      0x134 Core/Src/main.o
                0x00000000200032f0                hcan
                0x0000000020003318                htim3
                0x0000000020003358                start_update_caHandle
                0x000000002000335c                actuate_wingsHandle
                0x0000000020003360                DRS_buttonHandle
                0x0000000020003364                huart2
                0x00000000200033e4                htim14
 COMMON         0x0000000020003424       0x40 Core/Src/stm32f0xx_hal_timebase_tim.o
                0x0000000020003424                htim6
 COMMON         0x0000000020003464        0x4 Drivers/STM32F0xx_HAL_Driver/Src/stm32f0xx_hal.o
                0x0000000020003464                uwTick
 COMMON         0x0000000020003468       0x40 Middlewares/Third_Party/FreeRTOS/Source/queue.o
                0x0000000020003468                xQueueRegistry
                0x00000000200034a8                . = ALIGN (0x4)
                0x00000000200034a8                _ebss = .
                0x00000000200034a8                __bss_end__ = _ebss

._user_heap_stack
                0x00000000200034a8      0x600 load address 0x000000000800845c
                0x00000000200034a8                . = ALIGN (0x8)
                [!provide]                        PROVIDE (end = .)
                0x00000000200034a8                PROVIDE (_end = .)
                0x00000000200036a8                . = (. + _Min_Heap_Size)
 *fill*         0x00000000200034a8      0x200 
                0x0000000020003aa8                . = (. + _Min_Stack_Size)
 *fill*         0x00000000200036a8      0x400 
                0x0000000020003aa8                . = ALIGN (0x8)

/DISCARD/
 libc.a(*)
 libm.a(*)
 libgcc.a(*)

.ARM.attributes
                0x0000000000000000       0x28
 *(.ARM.attributes)
 .ARM.attributes
                0x0000000000000000       0x1e c:/st/stm32cubeide_1.4.0/stm32cubeide/plugins/com.st.stm32cube.ide.mcu.externaltools.gnu-tools-for-stm32.7-2018-q2-update.win32_1.4.0.202007081208/tools/bin/../lib/gcc/arm-none-eabi/7.3.1/thumb/v6-m/crti.o
 .ARM.attributes
                0x000000000000001e       0x2c c:/st/stm32cubeide_1.4.0/stm32cubeide/plugins/com.st.stm32cube.ide.mcu.externaltools.gnu-tools-for-stm32.7-2018-q2-update.win32_1.4.0.202007081208/tools/bin/../lib/gcc/arm-none-eabi/7.3.1/thumb/v6-m/crtbegin.o
 .ARM.attributes
                0x000000000000004a       0x31 Core/Src/GO4_ACM_2020.o
 .ARM.attributes
                0x000000000000007b       0x31 Core/Src/GopherCAN.o
 .ARM.attributes
                0x00000000000000ac       0x31 Core/Src/GopherCAN_ring_buffer.o
 .ARM.attributes
                0x00000000000000dd       0x31 Core/Src/main.o
 .ARM.attributes
                0x000000000000010e       0x31 Core/Src/stm32f0xx_hal_msp.o
 .ARM.attributes
                0x000000000000013f       0x31 Core/Src/stm32f0xx_hal_timebase_tim.o
 .ARM.attributes
                0x0000000000000170       0x31 Core/Src/stm32f0xx_it.o
 .ARM.attributes
                0x00000000000001a1       0x31 Core/Src/system_stm32f0xx.o
 .ARM.attributes
                0x00000000000001d2       0x21 Core/Startup/startup_stm32f072rbtx.o
 .ARM.attributes
                0x00000000000001f3       0x31 Drivers/STM32F0xx_HAL_Driver/Src/stm32f0xx_hal.o
 .ARM.attributes
                0x0000000000000224       0x31 Drivers/STM32F0xx_HAL_Driver/Src/stm32f0xx_hal_can.o
 .ARM.attributes
                0x0000000000000255       0x31 Drivers/STM32F0xx_HAL_Driver/Src/stm32f0xx_hal_cortex.o
 .ARM.attributes
                0x0000000000000286       0x31 Drivers/STM32F0xx_HAL_Driver/Src/stm32f0xx_hal_gpio.o
 .ARM.attributes
                0x00000000000002b7       0x31 Drivers/STM32F0xx_HAL_Driver/Src/stm32f0xx_hal_rcc.o
 .ARM.attributes
                0x00000000000002e8       0x31 Drivers/STM32F0xx_HAL_Driver/Src/stm32f0xx_hal_rcc_ex.o
 .ARM.attributes
                0x0000000000000319       0x31 Drivers/STM32F0xx_HAL_Driver/Src/stm32f0xx_hal_tim.o
 .ARM.attributes
                0x000000000000034a       0x31 Drivers/STM32F0xx_HAL_Driver/Src/stm32f0xx_hal_tim_ex.o
 .ARM.attributes
                0x000000000000037b       0x31 Drivers/STM32F0xx_HAL_Driver/Src/stm32f0xx_hal_uart.o
 .ARM.attributes
                0x00000000000003ac       0x31 Middlewares/Third_Party/FreeRTOS/Source/CMSIS_RTOS_V2/cmsis_os2.o
 .ARM.attributes
                0x00000000000003dd       0x31 Middlewares/Third_Party/FreeRTOS/Source/list.o
 .ARM.attributes
                0x000000000000040e       0x31 Middlewares/Third_Party/FreeRTOS/Source/queue.o
 .ARM.attributes
                0x000000000000043f       0x31 Middlewares/Third_Party/FreeRTOS/Source/tasks.o
 .ARM.attributes
                0x0000000000000470       0x31 Middlewares/Third_Party/FreeRTOS/Source/timers.o
 .ARM.attributes
                0x00000000000004a1       0x31 Middlewares/Third_Party/FreeRTOS/Source/portable/GCC/ARM_CM0/port.o
 .ARM.attributes
                0x00000000000004d2       0x31 Middlewares/Third_Party/FreeRTOS/Source/portable/MemMang/heap_4.o
 .ARM.attributes
                0x0000000000000503       0x2c c:/st/stm32cubeide_1.4.0/stm32cubeide/plugins/com.st.stm32cube.ide.mcu.externaltools.gnu-tools-for-stm32.7-2018-q2-update.win32_1.4.0.202007081208/tools/bin/../lib/gcc/arm-none-eabi/7.3.1/../../../../arm-none-eabi/lib/thumb/v6-m\libc_nano.a(lib_a-init.o)
 .ARM.attributes
                0x000000000000052f       0x2c c:/st/stm32cubeide_1.4.0/stm32cubeide/plugins/com.st.stm32cube.ide.mcu.externaltools.gnu-tools-for-stm32.7-2018-q2-update.win32_1.4.0.202007081208/tools/bin/../lib/gcc/arm-none-eabi/7.3.1/../../../../arm-none-eabi/lib/thumb/v6-m\libc_nano.a(lib_a-memcpy-stub.o)
 .ARM.attributes
                0x000000000000055b       0x2c c:/st/stm32cubeide_1.4.0/stm32cubeide/plugins/com.st.stm32cube.ide.mcu.externaltools.gnu-tools-for-stm32.7-2018-q2-update.win32_1.4.0.202007081208/tools/bin/../lib/gcc/arm-none-eabi/7.3.1/../../../../arm-none-eabi/lib/thumb/v6-m\libc_nano.a(lib_a-memset.o)
 .ARM.attributes
                0x0000000000000587       0x1e c:/st/stm32cubeide_1.4.0/stm32cubeide/plugins/com.st.stm32cube.ide.mcu.externaltools.gnu-tools-for-stm32.7-2018-q2-update.win32_1.4.0.202007081208/tools/bin/../lib/gcc/arm-none-eabi/7.3.1/thumb/v6-m\libgcc.a(_udivsi3.o)
 .ARM.attributes
                0x00000000000005a5       0x1e c:/st/stm32cubeide_1.4.0/stm32cubeide/plugins/com.st.stm32cube.ide.mcu.externaltools.gnu-tools-for-stm32.7-2018-q2-update.win32_1.4.0.202007081208/tools/bin/../lib/gcc/arm-none-eabi/7.3.1/thumb/v6-m\libgcc.a(_divsi3.o)
 .ARM.attributes
                0x00000000000005c3       0x1e c:/st/stm32cubeide_1.4.0/stm32cubeide/plugins/com.st.stm32cube.ide.mcu.externaltools.gnu-tools-for-stm32.7-2018-q2-update.win32_1.4.0.202007081208/tools/bin/../lib/gcc/arm-none-eabi/7.3.1/thumb/v6-m\libgcc.a(_dvmd_tls.o)
 .ARM.attributes
                0x00000000000005e1       0x1e c:/st/stm32cubeide_1.4.0/stm32cubeide/plugins/com.st.stm32cube.ide.mcu.externaltools.gnu-tools-for-stm32.7-2018-q2-update.win32_1.4.0.202007081208/tools/bin/../lib/gcc/arm-none-eabi/7.3.1/thumb/v6-m\libgcc.a(_arm_cmpdf2.o)
 .ARM.attributes
                0x00000000000005ff       0x2c c:/st/stm32cubeide_1.4.0/stm32cubeide/plugins/com.st.stm32cube.ide.mcu.externaltools.gnu-tools-for-stm32.7-2018-q2-update.win32_1.4.0.202007081208/tools/bin/../lib/gcc/arm-none-eabi/7.3.1/thumb/v6-m\libgcc.a(_fixunsdfsi.o)
 .ARM.attributes
                0x000000000000062b       0x2c c:/st/stm32cubeide_1.4.0/stm32cubeide/plugins/com.st.stm32cube.ide.mcu.externaltools.gnu-tools-for-stm32.7-2018-q2-update.win32_1.4.0.202007081208/tools/bin/../lib/gcc/arm-none-eabi/7.3.1/thumb/v6-m\libgcc.a(adddf3.o)
 .ARM.attributes
                0x0000000000000657       0x2c c:/st/stm32cubeide_1.4.0/stm32cubeide/plugins/com.st.stm32cube.ide.mcu.externaltools.gnu-tools-for-stm32.7-2018-q2-update.win32_1.4.0.202007081208/tools/bin/../lib/gcc/arm-none-eabi/7.3.1/thumb/v6-m\libgcc.a(eqdf2.o)
 .ARM.attributes
                0x0000000000000683       0x2c c:/st/stm32cubeide_1.4.0/stm32cubeide/plugins/com.st.stm32cube.ide.mcu.externaltools.gnu-tools-for-stm32.7-2018-q2-update.win32_1.4.0.202007081208/tools/bin/../lib/gcc/arm-none-eabi/7.3.1/thumb/v6-m\libgcc.a(gedf2.o)
 .ARM.attributes
                0x00000000000006af       0x2c c:/st/stm32cubeide_1.4.0/stm32cubeide/plugins/com.st.stm32cube.ide.mcu.externaltools.gnu-tools-for-stm32.7-2018-q2-update.win32_1.4.0.202007081208/tools/bin/../lib/gcc/arm-none-eabi/7.3.1/thumb/v6-m\libgcc.a(ledf2.o)
 .ARM.attributes
                0x00000000000006db       0x2c c:/st/stm32cubeide_1.4.0/stm32cubeide/plugins/com.st.stm32cube.ide.mcu.externaltools.gnu-tools-for-stm32.7-2018-q2-update.win32_1.4.0.202007081208/tools/bin/../lib/gcc/arm-none-eabi/7.3.1/thumb/v6-m\libgcc.a(muldf3.o)
 .ARM.attributes
                0x0000000000000707       0x2c c:/st/stm32cubeide_1.4.0/stm32cubeide/plugins/com.st.stm32cube.ide.mcu.externaltools.gnu-tools-for-stm32.7-2018-q2-update.win32_1.4.0.202007081208/tools/bin/../lib/gcc/arm-none-eabi/7.3.1/thumb/v6-m\libgcc.a(subdf3.o)
 .ARM.attributes
                0x0000000000000733       0x2c c:/st/stm32cubeide_1.4.0/stm32cubeide/plugins/com.st.stm32cube.ide.mcu.externaltools.gnu-tools-for-stm32.7-2018-q2-update.win32_1.4.0.202007081208/tools/bin/../lib/gcc/arm-none-eabi/7.3.1/thumb/v6-m\libgcc.a(fixdfsi.o)
 .ARM.attributes
                0x000000000000075f       0x2c c:/st/stm32cubeide_1.4.0/stm32cubeide/plugins/com.st.stm32cube.ide.mcu.externaltools.gnu-tools-for-stm32.7-2018-q2-update.win32_1.4.0.202007081208/tools/bin/../lib/gcc/arm-none-eabi/7.3.1/thumb/v6-m\libgcc.a(floatsidf.o)
 .ARM.attributes
                0x000000000000078b       0x1e c:/st/stm32cubeide_1.4.0/stm32cubeide/plugins/com.st.stm32cube.ide.mcu.externaltools.gnu-tools-for-stm32.7-2018-q2-update.win32_1.4.0.202007081208/tools/bin/../lib/gcc/arm-none-eabi/7.3.1/thumb/v6-m\libgcc.a(_clzsi2.o)
 .ARM.attributes
                0x00000000000007a9       0x1e c:/st/stm32cubeide_1.4.0/stm32cubeide/plugins/com.st.stm32cube.ide.mcu.externaltools.gnu-tools-for-stm32.7-2018-q2-update.win32_1.4.0.202007081208/tools/bin/../lib/gcc/arm-none-eabi/7.3.1/thumb/v6-m/crtn.o
OUTPUT(RTOS_DRS.elf elf32-littlearm)

.debug_info     0x0000000000000000    0x1903e
 .debug_info    0x0000000000000000     0x1902 Core/Src/GO4_ACM_2020.o
 .debug_info    0x0000000000001902     0x16dd Core/Src/GopherCAN.o
 .debug_info    0x0000000000002fdf      0x27f Core/Src/GopherCAN_ring_buffer.o
 .debug_info    0x000000000000325e     0x15ce Core/Src/main.o
 .debug_info    0x000000000000482c     0x11a6 Core/Src/stm32f0xx_hal_msp.o
 .debug_info    0x00000000000059d2      0x8a6 Core/Src/stm32f0xx_hal_timebase_tim.o
 .debug_info    0x0000000000006278      0x9b4 Core/Src/stm32f0xx_it.o
 .debug_info    0x0000000000006c2c      0x29e Core/Src/system_stm32f0xx.o
 .debug_info    0x0000000000006eca       0x22 Core/Startup/startup_stm32f072rbtx.o
 .debug_info    0x0000000000006eec      0x6c0 Drivers/STM32F0xx_HAL_Driver/Src/stm32f0xx_hal.o
 .debug_info    0x00000000000075ac      0xf1e Drivers/STM32F0xx_HAL_Driver/Src/stm32f0xx_hal_can.o
 .debug_info    0x00000000000084ca      0x78c Drivers/STM32F0xx_HAL_Driver/Src/stm32f0xx_hal_cortex.o
 .debug_info    0x0000000000008c56      0x67a Drivers/STM32F0xx_HAL_Driver/Src/stm32f0xx_hal_gpio.o
 .debug_info    0x00000000000092d0      0x82d Drivers/STM32F0xx_HAL_Driver/Src/stm32f0xx_hal_rcc.o
 .debug_info    0x0000000000009afd      0x677 Drivers/STM32F0xx_HAL_Driver/Src/stm32f0xx_hal_rcc_ex.o
 .debug_info    0x000000000000a174     0x252c Drivers/STM32F0xx_HAL_Driver/Src/stm32f0xx_hal_tim.o
 .debug_info    0x000000000000c6a0     0x10f0 Drivers/STM32F0xx_HAL_Driver/Src/stm32f0xx_hal_tim_ex.o
 .debug_info    0x000000000000d790     0x1577 Drivers/STM32F0xx_HAL_Driver/Src/stm32f0xx_hal_uart.o
 .debug_info    0x000000000000ed07     0x3703 Middlewares/Third_Party/FreeRTOS/Source/CMSIS_RTOS_V2/cmsis_os2.o
 .debug_info    0x000000000001240a      0xac5 Middlewares/Third_Party/FreeRTOS/Source/list.o
 .debug_info    0x0000000000012ecf     0x1acb Middlewares/Third_Party/FreeRTOS/Source/queue.o
 .debug_info    0x000000000001499a     0x219e Middlewares/Third_Party/FreeRTOS/Source/tasks.o
 .debug_info    0x0000000000016b38     0x1782 Middlewares/Third_Party/FreeRTOS/Source/timers.o
 .debug_info    0x00000000000182ba      0x26b Middlewares/Third_Party/FreeRTOS/Source/portable/GCC/ARM_CM0/port.o
 .debug_info    0x0000000000018525      0xb19 Middlewares/Third_Party/FreeRTOS/Source/portable/MemMang/heap_4.o

.debug_abbrev   0x0000000000000000     0x3352
 .debug_abbrev  0x0000000000000000      0x2ba Core/Src/GO4_ACM_2020.o
 .debug_abbrev  0x00000000000002ba      0x2f2 Core/Src/GopherCAN.o
 .debug_abbrev  0x00000000000005ac      0x133 Core/Src/GopherCAN_ring_buffer.o
 .debug_abbrev  0x00000000000006df      0x290 Core/Src/main.o
 .debug_abbrev  0x000000000000096f      0x23d Core/Src/stm32f0xx_hal_msp.o
 .debug_abbrev  0x0000000000000bac      0x19d Core/Src/stm32f0xx_hal_timebase_tim.o
 .debug_abbrev  0x0000000000000d49      0x194 Core/Src/stm32f0xx_it.o
 .debug_abbrev  0x0000000000000edd      0x12b Core/Src/system_stm32f0xx.o
 .debug_abbrev  0x0000000000001008       0x12 Core/Startup/startup_stm32f072rbtx.o
 .debug_abbrev  0x000000000000101a      0x1c7 Drivers/STM32F0xx_HAL_Driver/Src/stm32f0xx_hal.o
 .debug_abbrev  0x00000000000011e1      0x1b7 Drivers/STM32F0xx_HAL_Driver/Src/stm32f0xx_hal_can.o
 .debug_abbrev  0x0000000000001398      0x273 Drivers/STM32F0xx_HAL_Driver/Src/stm32f0xx_hal_cortex.o
 .debug_abbrev  0x000000000000160b      0x1c0 Drivers/STM32F0xx_HAL_Driver/Src/stm32f0xx_hal_gpio.o
 .debug_abbrev  0x00000000000017cb      0x20f Drivers/STM32F0xx_HAL_Driver/Src/stm32f0xx_hal_rcc.o
 .debug_abbrev  0x00000000000019da      0x1a7 Drivers/STM32F0xx_HAL_Driver/Src/stm32f0xx_hal_rcc_ex.o
 .debug_abbrev  0x0000000000001b81      0x230 Drivers/STM32F0xx_HAL_Driver/Src/stm32f0xx_hal_tim.o
 .debug_abbrev  0x0000000000001db1      0x21e Drivers/STM32F0xx_HAL_Driver/Src/stm32f0xx_hal_tim_ex.o
 .debug_abbrev  0x0000000000001fcf      0x205 Drivers/STM32F0xx_HAL_Driver/Src/stm32f0xx_hal_uart.o
 .debug_abbrev  0x00000000000021d4      0x366 Middlewares/Third_Party/FreeRTOS/Source/CMSIS_RTOS_V2/cmsis_os2.o
 .debug_abbrev  0x000000000000253a      0x1cf Middlewares/Third_Party/FreeRTOS/Source/list.o
 .debug_abbrev  0x0000000000002709      0x2c4 Middlewares/Third_Party/FreeRTOS/Source/queue.o
 .debug_abbrev  0x00000000000029cd      0x303 Middlewares/Third_Party/FreeRTOS/Source/tasks.o
 .debug_abbrev  0x0000000000002cd0      0x2a1 Middlewares/Third_Party/FreeRTOS/Source/timers.o
 .debug_abbrev  0x0000000000002f71      0x1a4 Middlewares/Third_Party/FreeRTOS/Source/portable/GCC/ARM_CM0/port.o
 .debug_abbrev  0x0000000000003115      0x23d Middlewares/Third_Party/FreeRTOS/Source/portable/MemMang/heap_4.o

.debug_aranges  0x0000000000000000     0x15d0
 .debug_aranges
                0x0000000000000000       0x70 Core/Src/GO4_ACM_2020.o
 .debug_aranges
                0x0000000000000070       0xe0 Core/Src/GopherCAN.o
 .debug_aranges
                0x0000000000000150       0x48 Core/Src/GopherCAN_ring_buffer.o
 .debug_aranges
                0x0000000000000198       0x78 Core/Src/main.o
 .debug_aranges
                0x0000000000000210       0x68 Core/Src/stm32f0xx_hal_msp.o
 .debug_aranges
                0x0000000000000278       0x30 Core/Src/stm32f0xx_hal_timebase_tim.o
 .debug_aranges
                0x00000000000002a8       0x38 Core/Src/stm32f0xx_it.o
 .debug_aranges
                0x00000000000002e0       0x28 Core/Src/system_stm32f0xx.o
 .debug_aranges
                0x0000000000000308       0x28 Core/Startup/startup_stm32f072rbtx.o
 .debug_aranges
                0x0000000000000330       0xd0 Drivers/STM32F0xx_HAL_Driver/Src/stm32f0xx_hal.o
 .debug_aranges
                0x0000000000000400      0x138 Drivers/STM32F0xx_HAL_Driver/Src/stm32f0xx_hal_can.o
 .debug_aranges
                0x0000000000000538       0xc0 Drivers/STM32F0xx_HAL_Driver/Src/stm32f0xx_hal_cortex.o
 .debug_aranges
                0x00000000000005f8       0x58 Drivers/STM32F0xx_HAL_Driver/Src/stm32f0xx_hal_gpio.o
 .debug_aranges
                0x0000000000000650       0x80 Drivers/STM32F0xx_HAL_Driver/Src/stm32f0xx_hal_rcc.o
 .debug_aranges
                0x00000000000006d0       0x78 Drivers/STM32F0xx_HAL_Driver/Src/stm32f0xx_hal_rcc_ex.o
 .debug_aranges
                0x0000000000000748      0x3b8 Drivers/STM32F0xx_HAL_Driver/Src/stm32f0xx_hal_tim.o
 .debug_aranges
                0x0000000000000b00      0x150 Drivers/STM32F0xx_HAL_Driver/Src/stm32f0xx_hal_tim_ex.o
 .debug_aranges
                0x0000000000000c50      0x210 Drivers/STM32F0xx_HAL_Driver/Src/stm32f0xx_hal_uart.o
 .debug_aranges
                0x0000000000000e60      0x228 Middlewares/Third_Party/FreeRTOS/Source/CMSIS_RTOS_V2/cmsis_os2.o
 .debug_aranges
                0x0000000000001088       0x40 Middlewares/Third_Party/FreeRTOS/Source/list.o
 .debug_aranges
                0x00000000000010c8      0x158 Middlewares/Third_Party/FreeRTOS/Source/queue.o
 .debug_aranges
                0x0000000000001220      0x1f8 Middlewares/Third_Party/FreeRTOS/Source/tasks.o
 .debug_aranges
                0x0000000000001418       0xe0 Middlewares/Third_Party/FreeRTOS/Source/timers.o
 .debug_aranges
                0x00000000000014f8       0x88 Middlewares/Third_Party/FreeRTOS/Source/portable/GCC/ARM_CM0/port.o
 .debug_aranges
                0x0000000000001580       0x50 Middlewares/Third_Party/FreeRTOS/Source/portable/MemMang/heap_4.o

.debug_ranges   0x0000000000000000     0x1448
 .debug_ranges  0x0000000000000000       0x60 Core/Src/GO4_ACM_2020.o
 .debug_ranges  0x0000000000000060       0xd0 Core/Src/GopherCAN.o
 .debug_ranges  0x0000000000000130       0x38 Core/Src/GopherCAN_ring_buffer.o
 .debug_ranges  0x0000000000000168       0x68 Core/Src/main.o
 .debug_ranges  0x00000000000001d0       0x58 Core/Src/stm32f0xx_hal_msp.o
 .debug_ranges  0x0000000000000228       0x20 Core/Src/stm32f0xx_hal_timebase_tim.o
 .debug_ranges  0x0000000000000248       0x28 Core/Src/stm32f0xx_it.o
 .debug_ranges  0x0000000000000270       0x18 Core/Src/system_stm32f0xx.o
 .debug_ranges  0x0000000000000288       0x20 Core/Startup/startup_stm32f072rbtx.o
 .debug_ranges  0x00000000000002a8       0xc0 Drivers/STM32F0xx_HAL_Driver/Src/stm32f0xx_hal.o
 .debug_ranges  0x0000000000000368      0x128 Drivers/STM32F0xx_HAL_Driver/Src/stm32f0xx_hal_can.o
 .debug_ranges  0x0000000000000490       0xb0 Drivers/STM32F0xx_HAL_Driver/Src/stm32f0xx_hal_cortex.o
 .debug_ranges  0x0000000000000540       0x48 Drivers/STM32F0xx_HAL_Driver/Src/stm32f0xx_hal_gpio.o
 .debug_ranges  0x0000000000000588       0x70 Drivers/STM32F0xx_HAL_Driver/Src/stm32f0xx_hal_rcc.o
 .debug_ranges  0x00000000000005f8       0x68 Drivers/STM32F0xx_HAL_Driver/Src/stm32f0xx_hal_rcc_ex.o
 .debug_ranges  0x0000000000000660      0x3a8 Drivers/STM32F0xx_HAL_Driver/Src/stm32f0xx_hal_tim.o
 .debug_ranges  0x0000000000000a08      0x140 Drivers/STM32F0xx_HAL_Driver/Src/stm32f0xx_hal_tim_ex.o
 .debug_ranges  0x0000000000000b48      0x200 Drivers/STM32F0xx_HAL_Driver/Src/stm32f0xx_hal_uart.o
 .debug_ranges  0x0000000000000d48      0x218 Middlewares/Third_Party/FreeRTOS/Source/CMSIS_RTOS_V2/cmsis_os2.o
 .debug_ranges  0x0000000000000f60       0x30 Middlewares/Third_Party/FreeRTOS/Source/list.o
 .debug_ranges  0x0000000000000f90      0x148 Middlewares/Third_Party/FreeRTOS/Source/queue.o
 .debug_ranges  0x00000000000010d8      0x1e8 Middlewares/Third_Party/FreeRTOS/Source/tasks.o
 .debug_ranges  0x00000000000012c0       0xd0 Middlewares/Third_Party/FreeRTOS/Source/timers.o
 .debug_ranges  0x0000000000001390       0x78 Middlewares/Third_Party/FreeRTOS/Source/portable/GCC/ARM_CM0/port.o
 .debug_ranges  0x0000000000001408       0x40 Middlewares/Third_Party/FreeRTOS/Source/portable/MemMang/heap_4.o

.debug_macro    0x0000000000000000    0x18c86
 .debug_macro   0x0000000000000000      0x321 Core/Src/GO4_ACM_2020.o
 .debug_macro   0x0000000000000321      0xa48 Core/Src/GO4_ACM_2020.o
 .debug_macro   0x0000000000000d69       0x5b Core/Src/GO4_ACM_2020.o
 .debug_macro   0x0000000000000dc4       0x10 Core/Src/GO4_ACM_2020.o
 .debug_macro   0x0000000000000dd4       0x22 Core/Src/GO4_ACM_2020.o
 .debug_macro   0x0000000000000df6       0x8e Core/Src/GO4_ACM_2020.o
 .debug_macro   0x0000000000000e84       0x51 Core/Src/GO4_ACM_2020.o
 .debug_macro   0x0000000000000ed5       0xef Core/Src/GO4_ACM_2020.o
 .debug_macro   0x0000000000000fc4       0x6a Core/Src/GO4_ACM_2020.o
 .debug_macro   0x000000000000102e      0x1df Core/Src/GO4_ACM_2020.o
 .debug_macro   0x000000000000120d      0x174 Core/Src/GO4_ACM_2020.o
 .debug_macro   0x0000000000001381       0x74 Core/Src/GO4_ACM_2020.o
 .debug_macro   0x00000000000013f5      0x100 Core/Src/GO4_ACM_2020.o
 .debug_macro   0x00000000000014f5      0x15a Core/Src/GO4_ACM_2020.o
 .debug_macro   0x000000000000164f       0xac Core/Src/GO4_ACM_2020.o
 .debug_macro   0x00000000000016fb       0x10 Core/Src/GO4_ACM_2020.o
 .debug_macro   0x000000000000170b       0x1f Core/Src/GO4_ACM_2020.o
 .debug_macro   0x000000000000172a      0x486 Core/Src/GO4_ACM_2020.o
 .debug_macro   0x0000000000001bb0       0xdd Core/Src/GO4_ACM_2020.o
 .debug_macro   0x0000000000001c8d      0x139 Core/Src/GO4_ACM_2020.o
 .debug_macro   0x0000000000001dc6       0x2e Core/Src/GO4_ACM_2020.o
 .debug_macro   0x0000000000001df4       0x22 Core/Src/GO4_ACM_2020.o
 .debug_macro   0x0000000000001e16       0x1c Core/Src/GO4_ACM_2020.o
 .debug_macro   0x0000000000001e32       0x22 Core/Src/GO4_ACM_2020.o
 .debug_macro   0x0000000000001e54       0xaf Core/Src/GO4_ACM_2020.o
 .debug_macro   0x0000000000001f03      0x391 Core/Src/GO4_ACM_2020.o
 .debug_macro   0x0000000000002294     0xfe50 Core/Src/GO4_ACM_2020.o
 .debug_macro   0x00000000000120e4       0x3c Core/Src/GO4_ACM_2020.o
 .debug_macro   0x0000000000012120       0x53 Core/Src/GO4_ACM_2020.o
 .debug_macro   0x0000000000012173      0x946 Core/Src/GO4_ACM_2020.o
 .debug_macro   0x0000000000012ab9      0x5f3 Core/Src/GO4_ACM_2020.o
 .debug_macro   0x00000000000130ac      0x12f Core/Src/GO4_ACM_2020.o
 .debug_macro   0x00000000000131db      0x1a7 Core/Src/GO4_ACM_2020.o
 .debug_macro   0x0000000000013382      0x1a7 Core/Src/GO4_ACM_2020.o
 .debug_macro   0x0000000000013529      0x22c Core/Src/GO4_ACM_2020.o
 .debug_macro   0x0000000000013755       0x34 Core/Src/GO4_ACM_2020.o
 .debug_macro   0x0000000000013789       0x43 Core/Src/GO4_ACM_2020.o
 .debug_macro   0x00000000000137cc       0x28 Core/Src/GO4_ACM_2020.o
 .debug_macro   0x00000000000137f4      0x408 Core/Src/GO4_ACM_2020.o
 .debug_macro   0x0000000000013bfc       0xb0 Core/Src/GO4_ACM_2020.o
 .debug_macro   0x0000000000013cac      0x217 Core/Src/GO4_ACM_2020.o
 .debug_macro   0x0000000000013ec3      0x22c Core/Src/GO4_ACM_2020.o
 .debug_macro   0x00000000000140ef       0x5f Core/Src/GO4_ACM_2020.o
 .debug_macro   0x000000000001414e       0xa5 Core/Src/GO4_ACM_2020.o
 .debug_macro   0x00000000000141f3       0x4c Core/Src/GO4_ACM_2020.o
 .debug_macro   0x000000000001423f      0x16d Core/Src/GO4_ACM_2020.o
 .debug_macro   0x00000000000143ac      0x8ae Core/Src/GO4_ACM_2020.o
 .debug_macro   0x0000000000014c5a       0x28 Core/Src/GO4_ACM_2020.o
 .debug_macro   0x0000000000014c82      0x589 Core/Src/GO4_ACM_2020.o
 .debug_macro   0x000000000001520b       0x44 Core/Src/GO4_ACM_2020.o
 .debug_macro   0x000000000001524f      0x130 Core/Src/GO4_ACM_2020.o
 .debug_macro   0x000000000001537f       0x4c Core/Src/GO4_ACM_2020.o
 .debug_macro   0x00000000000153cb       0x46 Core/Src/GO4_ACM_2020.o
 .debug_macro   0x0000000000015411       0x18 Core/Src/GO4_ACM_2020.o
 .debug_macro   0x0000000000015429       0x3c Core/Src/GO4_ACM_2020.o
 .debug_macro   0x0000000000015465       0x34 Core/Src/GO4_ACM_2020.o
 .debug_macro   0x0000000000015499       0x52 Core/Src/GO4_ACM_2020.o
 .debug_macro   0x00000000000154eb       0x1f Core/Src/GO4_ACM_2020.o
 .debug_macro   0x000000000001550a       0x43 Core/Src/GO4_ACM_2020.o
 .debug_macro   0x000000000001554d       0x20 Core/Src/GO4_ACM_2020.o
 .debug_macro   0x000000000001556d      0x1a3 Core/Src/GO4_ACM_2020.o
 .debug_macro   0x0000000000015710      0x32a Core/Src/GO4_ACM_2020.o
 .debug_macro   0x0000000000015a3a      0x1e1 Core/Src/GO4_ACM_2020.o
 .debug_macro   0x0000000000015c1b      0x20d Core/Src/GO4_ACM_2020.o
 .debug_macro   0x0000000000015e28       0x2e Core/Src/GO4_ACM_2020.o
 .debug_macro   0x0000000000015e56      0x1c2 Core/Src/GO4_ACM_2020.o
 .debug_macro   0x0000000000016018      0x1f3 Core/Src/GopherCAN.o
 .debug_macro   0x000000000001620b       0xb5 Core/Src/GopherCAN.o
 .debug_macro   0x00000000000162c0       0x2f Core/Src/GopherCAN_ring_buffer.o
 .debug_macro   0x00000000000162ef      0x25e Core/Src/main.o
 .debug_macro   0x000000000001654d      0x1d2 Core/Src/stm32f0xx_hal_msp.o
 .debug_macro   0x000000000001671f      0x1c3 Core/Src/stm32f0xx_hal_timebase_tim.o
 .debug_macro   0x00000000000168e2      0x1dc Core/Src/stm32f0xx_it.o
 .debug_macro   0x0000000000016abe      0x1c3 Core/Src/system_stm32f0xx.o
 .debug_macro   0x0000000000016c81      0x1e7 Drivers/STM32F0xx_HAL_Driver/Src/stm32f0xx_hal.o
 .debug_macro   0x0000000000016e68      0x1cb Drivers/STM32F0xx_HAL_Driver/Src/stm32f0xx_hal_can.o
 .debug_macro   0x0000000000017033      0x1c3 Drivers/STM32F0xx_HAL_Driver/Src/stm32f0xx_hal_cortex.o
 .debug_macro   0x00000000000171f6      0x1fb Drivers/STM32F0xx_HAL_Driver/Src/stm32f0xx_hal_gpio.o
 .debug_macro   0x00000000000173f1      0x1d5 Drivers/STM32F0xx_HAL_Driver/Src/stm32f0xx_hal_rcc.o
 .debug_macro   0x00000000000175c6      0x1d5 Drivers/STM32F0xx_HAL_Driver/Src/stm32f0xx_hal_rcc_ex.o
 .debug_macro   0x000000000001779b      0x1c4 Drivers/STM32F0xx_HAL_Driver/Src/stm32f0xx_hal_tim.o
 .debug_macro   0x000000000001795f      0x1c3 Drivers/STM32F0xx_HAL_Driver/Src/stm32f0xx_hal_tim_ex.o
 .debug_macro   0x0000000000017b22      0x1e0 Drivers/STM32F0xx_HAL_Driver/Src/stm32f0xx_hal_uart.o
 .debug_macro   0x0000000000017d02      0x23a Middlewares/Third_Party/FreeRTOS/Source/CMSIS_RTOS_V2/cmsis_os2.o
 .debug_macro   0x0000000000017f3c       0x10 Middlewares/Third_Party/FreeRTOS/Source/CMSIS_RTOS_V2/cmsis_os2.o
 .debug_macro   0x0000000000017f4c       0x20 Middlewares/Third_Party/FreeRTOS/Source/CMSIS_RTOS_V2/cmsis_os2.o
 .debug_macro   0x0000000000017f6c       0xa9 Middlewares/Third_Party/FreeRTOS/Source/CMSIS_RTOS_V2/cmsis_os2.o
 .debug_macro   0x0000000000018015       0x91 Middlewares/Third_Party/FreeRTOS/Source/CMSIS_RTOS_V2/cmsis_os2.o
 .debug_macro   0x00000000000180a6       0x8d Middlewares/Third_Party/FreeRTOS/Source/CMSIS_RTOS_V2/cmsis_os2.o
 .debug_macro   0x0000000000018133       0x9a Middlewares/Third_Party/FreeRTOS/Source/CMSIS_RTOS_V2/cmsis_os2.o
 .debug_macro   0x00000000000181cd      0x17a Middlewares/Third_Party/FreeRTOS/Source/list.o
 .debug_macro   0x0000000000018347      0x205 Middlewares/Third_Party/FreeRTOS/Source/queue.o
 .debug_macro   0x000000000001854c       0x16 Middlewares/Third_Party/FreeRTOS/Source/queue.o
 .debug_macro   0x0000000000018562      0x27a Middlewares/Third_Party/FreeRTOS/Source/tasks.o
 .debug_macro   0x00000000000187dc       0x10 Middlewares/Third_Party/FreeRTOS/Source/tasks.o
 .debug_macro   0x00000000000187ec      0x1bd Middlewares/Third_Party/FreeRTOS/Source/timers.o
 .debug_macro   0x00000000000189a9      0x13c Middlewares/Third_Party/FreeRTOS/Source/portable/GCC/ARM_CM0/port.o
 .debug_macro   0x0000000000018ae5      0x1a1 Middlewares/Third_Party/FreeRTOS/Source/portable/MemMang/heap_4.o

.debug_line     0x0000000000000000    0x10377
 .debug_line    0x0000000000000000      0xbe2 Core/Src/GO4_ACM_2020.o
 .debug_line    0x0000000000000be2      0xa6e Core/Src/GopherCAN.o
 .debug_line    0x0000000000001650      0x11c Core/Src/GopherCAN_ring_buffer.o
 .debug_line    0x000000000000176c      0x97c Core/Src/main.o
 .debug_line    0x00000000000020e8      0x781 Core/Src/stm32f0xx_hal_msp.o
 .debug_line    0x0000000000002869      0x6e7 Core/Src/stm32f0xx_hal_timebase_tim.o
 .debug_line    0x0000000000002f50      0x6f7 Core/Src/stm32f0xx_it.o
 .debug_line    0x0000000000003647      0x6d6 Core/Src/system_stm32f0xx.o
 .debug_line    0x0000000000003d1d       0x89 Core/Startup/startup_stm32f072rbtx.o
 .debug_line    0x0000000000003da6      0x869 Drivers/STM32F0xx_HAL_Driver/Src/stm32f0xx_hal.o
 .debug_line    0x000000000000460f      0xb50 Drivers/STM32F0xx_HAL_Driver/Src/stm32f0xx_hal_can.o
 .debug_line    0x000000000000515f      0x881 Drivers/STM32F0xx_HAL_Driver/Src/stm32f0xx_hal_cortex.o
 .debug_line    0x00000000000059e0      0x843 Drivers/STM32F0xx_HAL_Driver/Src/stm32f0xx_hal_gpio.o
 .debug_line    0x0000000000006223      0x956 Drivers/STM32F0xx_HAL_Driver/Src/stm32f0xx_hal_rcc.o
 .debug_line    0x0000000000006b79      0x902 Drivers/STM32F0xx_HAL_Driver/Src/stm32f0xx_hal_rcc_ex.o
 .debug_line    0x000000000000747b     0x1a9b Drivers/STM32F0xx_HAL_Driver/Src/stm32f0xx_hal_tim.o
 .debug_line    0x0000000000008f16      0xcb5 Drivers/STM32F0xx_HAL_Driver/Src/stm32f0xx_hal_tim_ex.o
 .debug_line    0x0000000000009bcb     0x11c7 Drivers/STM32F0xx_HAL_Driver/Src/stm32f0xx_hal_uart.o
 .debug_line    0x000000000000ad92     0x18ac Middlewares/Third_Party/FreeRTOS/Source/CMSIS_RTOS_V2/cmsis_os2.o
 .debug_line    0x000000000000c63e      0x66b Middlewares/Third_Party/FreeRTOS/Source/list.o
 .debug_line    0x000000000000cca9      0xea0 Middlewares/Third_Party/FreeRTOS/Source/queue.o
 .debug_line    0x000000000000db49     0x11f9 Middlewares/Third_Party/FreeRTOS/Source/tasks.o
 .debug_line    0x000000000000ed42      0x946 Middlewares/Third_Party/FreeRTOS/Source/timers.o
 .debug_line    0x000000000000f688      0x5c7 Middlewares/Third_Party/FreeRTOS/Source/portable/GCC/ARM_CM0/port.o
 .debug_line    0x000000000000fc4f      0x728 Middlewares/Third_Party/FreeRTOS/Source/portable/MemMang/heap_4.o

.debug_str      0x0000000000000000    0x8d021
 .debug_str     0x0000000000000000    0x82d8d Core/Src/GO4_ACM_2020.o
                                      0x831b6 (size before relaxing)
 .debug_str     0x0000000000082d8d      0x89a Core/Src/GopherCAN.o
                                      0x7bac7 (size before relaxing)
 .debug_str     0x0000000000083627       0xac Core/Src/GopherCAN_ring_buffer.o
                                       0x2e0e (size before relaxing)
 .debug_str     0x00000000000836d3      0xa4d Core/Src/main.o
                                      0x7f8fd (size before relaxing)
 .debug_str     0x0000000000084120      0x24f Core/Src/stm32f0xx_hal_msp.o
                                      0x7b38f (size before relaxing)
 .debug_str     0x000000000008436f       0xaa Core/Src/stm32f0xx_hal_timebase_tim.o
                                      0x7add9 (size before relaxing)
 .debug_str     0x0000000000084419       0x5e Core/Src/stm32f0xx_it.o
                                      0x7ae78 (size before relaxing)
 .debug_str     0x0000000000084477       0x5f Core/Src/system_stm32f0xx.o
                                      0x7a785 (size before relaxing)