Archive member included to satisfy reference by file (symbol)

c:/st/stm32cubeide_1.4.0/stm32cubeide/plugins/com.st.stm32cube.ide.mcu.externaltools.gnu-tools-for-stm32.7-2018-q2-update.win32_1.4.0.202007081208/tools/bin/../lib/gcc/arm-none-eabi/7.3.1/../../../../arm-none-eabi/lib/thumb/v6-m\libc_nano.a(lib_a-errno.o)
                              Core/Src/syscalls.o (__errno)
c:/st/stm32cubeide_1.4.0/stm32cubeide/plugins/com.st.stm32cube.ide.mcu.externaltools.gnu-tools-for-stm32.7-2018-q2-update.win32_1.4.0.202007081208/tools/bin/../lib/gcc/arm-none-eabi/7.3.1/../../../../arm-none-eabi/lib/thumb/v6-m\libc_nano.a(lib_a-exit.o)
                              c:/st/stm32cubeide_1.4.0/stm32cubeide/plugins/com.st.stm32cube.ide.mcu.externaltools.gnu-tools-for-stm32.7-2018-q2-update.win32_1.4.0.202007081208/tools/bin/../lib/gcc/arm-none-eabi/7.3.1/../../../../arm-none-eabi/lib/thumb/v6-m/crt0.o (exit)
c:/st/stm32cubeide_1.4.0/stm32cubeide/plugins/com.st.stm32cube.ide.mcu.externaltools.gnu-tools-for-stm32.7-2018-q2-update.win32_1.4.0.202007081208/tools/bin/../lib/gcc/arm-none-eabi/7.3.1/../../../../arm-none-eabi/lib/thumb/v6-m\libc_nano.a(lib_a-impure.o)
                              c:/st/stm32cubeide_1.4.0/stm32cubeide/plugins/com.st.stm32cube.ide.mcu.externaltools.gnu-tools-for-stm32.7-2018-q2-update.win32_1.4.0.202007081208/tools/bin/../lib/gcc/arm-none-eabi/7.3.1/../../../../arm-none-eabi/lib/thumb/v6-m\libc_nano.a(lib_a-exit.o) (_global_impure_ptr)
c:/st/stm32cubeide_1.4.0/stm32cubeide/plugins/com.st.stm32cube.ide.mcu.externaltools.gnu-tools-for-stm32.7-2018-q2-update.win32_1.4.0.202007081208/tools/bin/../lib/gcc/arm-none-eabi/7.3.1/../../../../arm-none-eabi/lib/thumb/v6-m\libc_nano.a(lib_a-init.o)
                              c:/st/stm32cubeide_1.4.0/stm32cubeide/plugins/com.st.stm32cube.ide.mcu.externaltools.gnu-tools-for-stm32.7-2018-q2-update.win32_1.4.0.202007081208/tools/bin/../lib/gcc/arm-none-eabi/7.3.1/../../../../arm-none-eabi/lib/thumb/v6-m/crt0.o (__libc_init_array)
c:/st/stm32cubeide_1.4.0/stm32cubeide/plugins/com.st.stm32cube.ide.mcu.externaltools.gnu-tools-for-stm32.7-2018-q2-update.win32_1.4.0.202007081208/tools/bin/../lib/gcc/arm-none-eabi/7.3.1/../../../../arm-none-eabi/lib/thumb/v6-m\libc_nano.a(lib_a-memcpy-stub.o)
                              Core/Src/GO4_ACM_2020.o (memcpy)
c:/st/stm32cubeide_1.4.0/stm32cubeide/plugins/com.st.stm32cube.ide.mcu.externaltools.gnu-tools-for-stm32.7-2018-q2-update.win32_1.4.0.202007081208/tools/bin/../lib/gcc/arm-none-eabi/7.3.1/../../../../arm-none-eabi/lib/thumb/v6-m\libc_nano.a(lib_a-memset.o)
                              c:/st/stm32cubeide_1.4.0/stm32cubeide/plugins/com.st.stm32cube.ide.mcu.externaltools.gnu-tools-for-stm32.7-2018-q2-update.win32_1.4.0.202007081208/tools/bin/../lib/gcc/arm-none-eabi/7.3.1/../../../../arm-none-eabi/lib/thumb/v6-m/crt0.o (memset)
c:/st/stm32cubeide_1.4.0/stm32cubeide/plugins/com.st.stm32cube.ide.mcu.externaltools.gnu-tools-for-stm32.7-2018-q2-update.win32_1.4.0.202007081208/tools/bin/../lib/gcc/arm-none-eabi/7.3.1/thumb/v6-m\libgcc.a(_udivsi3.o)
                              Core/Src/stm32f0xx_hal_timebase_tim.o (__aeabi_uidiv)
c:/st/stm32cubeide_1.4.0/stm32cubeide/plugins/com.st.stm32cube.ide.mcu.externaltools.gnu-tools-for-stm32.7-2018-q2-update.win32_1.4.0.202007081208/tools/bin/../lib/gcc/arm-none-eabi/7.3.1/thumb/v6-m\libgcc.a(_dvmd_tls.o)
                              c:/st/stm32cubeide_1.4.0/stm32cubeide/plugins/com.st.stm32cube.ide.mcu.externaltools.gnu-tools-for-stm32.7-2018-q2-update.win32_1.4.0.202007081208/tools/bin/../lib/gcc/arm-none-eabi/7.3.1/thumb/v6-m\libgcc.a(_udivsi3.o) (__aeabi_idiv0)
c:/st/stm32cubeide_1.4.0/stm32cubeide/plugins/com.st.stm32cube.ide.mcu.externaltools.gnu-tools-for-stm32.7-2018-q2-update.win32_1.4.0.202007081208/tools/bin/../lib/gcc/arm-none-eabi/7.3.1/thumb/v6-m\libgcc.a(_arm_cmpdf2.o)
                              Core/Src/GO4_ACM_2020.o (__aeabi_dcmpge)
c:/st/stm32cubeide_1.4.0/stm32cubeide/plugins/com.st.stm32cube.ide.mcu.externaltools.gnu-tools-for-stm32.7-2018-q2-update.win32_1.4.0.202007081208/tools/bin/../lib/gcc/arm-none-eabi/7.3.1/thumb/v6-m\libgcc.a(_fixunsdfsi.o)
                              Core/Src/GO4_ACM_2020.o (__aeabi_d2uiz)
c:/st/stm32cubeide_1.4.0/stm32cubeide/plugins/com.st.stm32cube.ide.mcu.externaltools.gnu-tools-for-stm32.7-2018-q2-update.win32_1.4.0.202007081208/tools/bin/../lib/gcc/arm-none-eabi/7.3.1/thumb/v6-m\libgcc.a(adddf3.o)
                              Core/Src/GO4_ACM_2020.o (__aeabi_dadd)
c:/st/stm32cubeide_1.4.0/stm32cubeide/plugins/com.st.stm32cube.ide.mcu.externaltools.gnu-tools-for-stm32.7-2018-q2-update.win32_1.4.0.202007081208/tools/bin/../lib/gcc/arm-none-eabi/7.3.1/thumb/v6-m\libgcc.a(eqdf2.o)
[...]
Memory Configuration

Name             Origin             Length             Attributes
RAM              0x0000000020000000 0x0000000000004000 xrw
FLASH            0x0000000008000000 0x0000000000020000 xr
*default*        0x0000000000000000 0xffffffffffffffff

Linker script and memory map

LOAD c:/st/stm32cubeide_1.4.0/stm32cubeide/plugins/com.st.stm32cube.ide.mcu.externaltools.gnu-tools-for-stm32.7-2018-q2-update.win32_1.4.0.202007081208/tools/bin/../lib/gcc/arm-none-eabi/7.3.1/thumb/v6-m/crti.o
LOAD c:/st/stm32cubeide_1.4.0/stm32cubeide/plugins/com.st.stm32cube.ide.mcu.externaltools.gnu-tools-for-stm32.7-2018-q2-update.win32_1.4.0.202007081208/tools/bin/../lib/gcc/arm-none-eabi/7.3.1/thumb/v6-m/crtbegin.o
LOAD c:/st/stm32cubeide_1.4.0/stm32cubeide/plugins/com.st.stm32cube.ide.mcu.externaltools.gnu-tools-for-stm32.7-2018-q2-update.win32_1.4.0.202007081208/tools/bin/../lib/gcc/arm-none-eabi/7.3.1/../../../../arm-none-eabi/lib/thumb/v6-m/crt0.o
LOAD Core/Src/GO4_ACM_2020.o
LOAD Core/Src/freertos.o
LOAD Core/Src/main.o
LOAD Core/Src/stm32f0xx_hal_msp.o
LOAD Core/Src/stm32f0xx_hal_timebase_tim.o
LOAD Core/Src/stm32f0xx_it.o
LOAD Core/Src/syscalls.o
LOAD Core/Src/sysmem.o
LOAD Core/Src/system_stm32f0xx.o
LOAD Core/Startup/startup_stm32f072rbtx.o
LOAD Drivers/STM32F0xx_HAL_Driver/Src/stm32f0xx_hal.o
LOAD Drivers/STM32F0xx_HAL_Driver/Src/stm32f0xx_hal_cortex.o
LOAD Drivers/STM32F0xx_HAL_Driver/Src/stm32f0xx_hal_dma.o
LOAD Drivers/STM32F0xx_HAL_Driver/Src/stm32f0xx_hal_exti.o
LOAD Drivers/STM32F0xx_HAL_Driver/Src/stm32f0xx_hal_flash.o
LOAD Drivers/STM32F0xx_HAL_Driver/Src/stm32f0xx_hal_flash_ex.o
LOAD Drivers/STM32F0xx_HAL_Driver/Src/stm32f0xx_hal_gpio.o
LOAD Drivers/STM32F0xx_HAL_Driver/Src/stm32f0xx_hal_i2c.o
LOAD Drivers/STM32F0xx_HAL_Driver/Src/stm32f0xx_hal_i2c_ex.o
LOAD Drivers/STM32F0xx_HAL_Driver/Src/stm32f0xx_hal_pwr.o
LOAD Drivers/STM32F0xx_HAL_Driver/Src/stm32f0xx_hal_pwr_ex.o
LOAD Drivers/STM32F0xx_HAL_Driver/Src/stm32f0xx_hal_rcc.o
LOAD Drivers/STM32F0xx_HAL_Driver/Src/stm32f0xx_hal_rcc_ex.o
LOAD Drivers/STM32F0xx_HAL_Driver/Src/stm32f0xx_hal_tim.o
LOAD Drivers/STM32F0xx_HAL_Driver/Src/stm32f0xx_hal_tim_ex.o
LOAD Drivers/STM32F0xx_HAL_Driver/Src/stm32f0xx_hal_uart.o
LOAD Drivers/STM32F0xx_HAL_Driver/Src/stm32f0xx_hal_uart_ex.o
LOAD Middlewares/Third_Party/FreeRTOS/Source/CMSIS_RTOS_V2/cmsis_os2.o
LOAD Middlewares/Third_Party/FreeRTOS/Source/croutine.o
LOAD Middlewares/Third_Party/FreeRTOS/Source/event_groups.o
LOAD Middlewares/Third_Party/FreeRTOS/Source/list.o
LOAD Middlewares/Third_Party/FreeRTOS/Source/queue.o
LOAD Middlewares/Third_Party/FreeRTOS/Source/stream_buffer.o
LOAD Middlewares/Third_Party/FreeRTOS/Source/tasks.o
LOAD Middlewares/Third_Party/FreeRTOS/Source/timers.o
LOAD Middlewares/Third_Party/FreeRTOS/Source/portable/GCC/ARM_CM0/port.o
LOAD Middlewares/Third_Party/FreeRTOS/Source/portable/MemMang/heap_4.o
START GROUP
LOAD c:/st/stm32cubeide_1.4.0/stm32cubeide/plugins/com.st.stm32cube.ide.mcu.externaltools.gnu-tools-for-stm32.7-2018-q2-update.win32_1.4.0.202007081208/tools/bin/../lib/gcc/arm-none-eabi/7.3.1/../../../../arm-none-eabi/lib/thumb/v6-m\libc_nano.a
LOAD c:/st/stm32cubeide_1.4.0/stm32cubeide/plugins/com.st.stm32cube.ide.mcu.externaltools.gnu-tools-for-stm32.7-2018-q2-update.win32_1.4.0.202007081208/tools/bin/../lib/gcc/arm-none-eabi/7.3.1/../../../../arm-none-eabi/lib/thumb/v6-m\libm.a
END GROUP
START GROUP
LOAD c:/st/stm32cubeide_1.4.0/stm32cubeide/plugins/com.st.stm32cube.ide.mcu.externaltools.gnu-tools-for-stm32.7-2018-q2-update.win32_1.4.0.202007081208/tools/bin/../lib/gcc/arm-none-eabi/7.3.1/thumb/v6-m\libgcc.a
LOAD c:/st/stm32cubeide_1.4.0/stm32cubeide/plugins/com.st.stm32cube.ide.mcu.externaltools.gnu-tools-for-stm32.7-2018-q2-update.win32_1.4.0.202007081208/tools/bin/../lib/gcc/arm-none-eabi/7.3.1/../../../../arm-none-eabi/lib/thumb/v6-m\libc_nano.a
END GROUP
START GROUP
LOAD c:/st/stm32cubeide_1.4.0/stm32cubeide/plugins/com.st.stm32cube.ide.mcu.externaltools.gnu-tools-for-stm32.7-2018-q2-update.win32_1.4.0.202007081208/tools/bin/../lib/gcc/arm-none-eabi/7.3.1/thumb/v6-m\libgcc.a
LOAD c:/st/stm32cubeide_1.4.0/stm32cubeide/plugins/com.st.stm32cube.ide.mcu.externaltools.gnu-tools-for-stm32.7-2018-q2-update.win32_1.4.0.202007081208/tools/bin/../lib/gcc/arm-none-eabi/7.3.1/../../../../arm-none-eabi/lib/thumb/v6-m\libc_nano.a
LOAD c:/st/stm32cubeide_1.4.0/stm32cubeide/plugins/com.st.stm32cube.ide.mcu.externaltools.gnu-tools-for-stm32.7-2018-q2-update.win32_1.4.0.202007081208/tools/bin/../lib/gcc/arm-none-eabi/7.3.1/../../../../arm-none-eabi/lib/thumb/v6-m\libnosys.a
END GROUP
START GROUP
LOAD c:/st/stm32cubeide_1.4.0/stm32cubeide/plugins/com.st.stm32cube.ide.mcu.externaltools.gnu-tools-for-stm32.7-2018-q2-update.win32_1.4.0.202007081208/tools/bin/../lib/gcc/arm-none-eabi/7.3.1/thumb/v6-m\libgcc.a
LOAD c:/st/stm32cubeide_1.4.0/stm32cubeide/plugins/com.st.stm32cube.ide.mcu.externaltools.gnu-tools-for-stm32.7-2018-q2-update.win32_1.4.0.202007081208/tools/bin/../lib/gcc/arm-none-eabi/7.3.1/../../../../arm-none-eabi/lib/thumb/v6-m\libc_nano.a
LOAD c:/st/stm32cubeide_1.4.0/stm32cubeide/plugins/com.st.stm32cube.ide.mcu.externaltools.gnu-tools-for-stm32.7-2018-q2-update.win32_1.4.0.202007081208/tools/bin/../lib/gcc/arm-none-eabi/7.3.1/../../../../arm-none-eabi/lib/thumb/v6-m\libnosys.a
END GROUP
LOAD c:/st/stm32cubeide_1.4.0/stm32cubeide/plugins/com.st.stm32cube.ide.mcu.externaltools.gnu-tools-for-stm32.7-2018-q2-update.win32_1.4.0.202007081208/tools/bin/../lib/gcc/arm-none-eabi/7.3.1/thumb/v6-m/crtend.o
LOAD c:/st/stm32cubeide_1.4.0/stm32cubeide/plugins/com.st.stm32cube.ide.mcu.externaltools.gnu-tools-for-stm32.7-2018-q2-update.win32_1.4.0.202007081208/tools/bin/../lib/gcc/arm-none-eabi/7.3.1/thumb/v6-m/crtn.o
                0x0000000020004000                _estack = (ORIGIN (RAM) + LENGTH (RAM))
                0x0000000000000200                _Min_Heap_Size = 0x200
                0x0000000000000400                _Min_Stack_Size = 0x400

.isr_vector     0x0000000008000000       0xc0
                0x0000000008000000                . = ALIGN (0x4)
 *(.isr_vector)
 .isr_vector    0x0000000008000000       0xc0 Core/Startup/startup_stm32f072rbtx.o
                0x0000000008000000                g_pfnVectors
                0x00000000080000c0                . = ALIGN (0x4)

.text           0x00000000080000c0     0x71d0
                0x00000000080000c0                . = ALIGN (0x4)
 *(.text)
 .text          0x00000000080000c0       0x48 c:/st/stm32cubeide_1.4.0/stm32cubeide/plugins/com.st.stm32cube.ide.mcu.externaltools.gnu-tools-for-stm32.7-2018-q2-update.win32_1.4.0.202007081208/tools/bin/../lib/gcc/arm-none-eabi/7.3.1/thumb/v6-m/crtbegin.o
 .text          0x0000000008000108      0x114 c:/st/stm32cubeide_1.4.0/stm32cubeide/plugins/com.st.stm32cube.ide.mcu.externaltools.gnu-tools-for-stm32.7-2018-q2-update.win32_1.4.0.202007081208/tools/bin/../lib/gcc/arm-none-eabi/7.3.1/thumb/v6-m\libgcc.a(_udivsi3.o)
                0x0000000008000108                __aeabi_uidiv
                0x0000000008000108                __udivsi3
                0x0000000008000214                __aeabi_uidivmod
 .text          0x000000000800021c        0x4 c:/st/stm32cubeide_1.4.0/stm32cubeide/plugins/com.st.stm32cube.ide.mcu.externaltools.gnu-tools-for-stm32.7-2018-q2-update.win32_1.4.0.202007081208/tools/bin/../lib/gcc/arm-none-eabi/7.3.1/thumb/v6-m\libgcc.a(_dvmd_tls.o)
                0x000000000800021c                __aeabi_idiv0
                0x000000000800021c                __aeabi_ldiv0
 .text          0x0000000008000220       0x7c c:/st/stm32cubeide_1.4.0/stm32cubeide/plugins/com.st.stm32cube.ide.mcu.externaltools.gnu-tools-for-stm32.7-2018-q2-update.win32_1.4.0.202007081208/tools/bin/../lib/gcc/arm-none-eabi/7.3.1/thumb/v6-m\libgcc.a(_arm_cmpdf2.o)
                0x0000000008000220                __aeabi_cdrcmple
                0x0000000008000230                __aeabi_cdcmple
                0x0000000008000230                __aeabi_cdcmpeq
                0x0000000008000240                __aeabi_dcmpeq
                0x000000000800024c                __aeabi_dcmplt
                0x0000000008000260                __aeabi_dcmple
                0x0000000008000274                __aeabi_dcmpgt
                0x0000000008000288                __aeabi_dcmpge
 .text          0x000000000800029c       0x3c c:/st/stm32cubeide_1.4.0/stm32cubeide/plugins/com.st.stm32cube.ide.mcu.externaltools.gnu-tools-for-stm32.7-2018-q2-update.win32_1.4.0.202007081208/tools/bin/../lib/gcc/arm-none-eabi/7.3.1/thumb/v6-m\libgcc.a(_fixunsdfsi.o)
                0x000000000800029c                __aeabi_d2uiz
                0x000000000800029c                __fixunsdfsi
 .text          0x00000000080002d8      0x638 c:/st/stm32cubeide_1.4.0/stm32cubeide/plugins/com.st.stm32cube.ide.mcu.externaltools.gnu-tools-for-stm32.7-2018-q2-update.win32_1.4.0.202007081208/tools/bin/../lib/gcc/arm-none-eabi/7.3.1/thumb/v6-m\libgcc.a(adddf3.o)
                0x00000000080002d8                __aeabi_dadd
 .text          0x0000000008000910       0x78 c:/st/stm32cubeide_1.4.0/stm32cubeide/plugins/com.st.stm32cube.ide.mcu.externaltools.gnu-tools-for-stm32.7-2018-q2-update.win32_1.4.0.202007081208/tools/bin/../lib/gcc/arm-none-eabi/7.3.1/thumb/v6-m\libgcc.a(eqdf2.o)
                0x0000000008000910                __nedf2
                0x0000000008000910                __eqdf2
 .text          0x0000000008000988       0xc8 c:/st/stm32cubeide_1.4.0/stm32cubeide/plugins/com.st.stm32cube.ide.mcu.externaltools.gnu-tools-for-stm32.7-2018-q2-update.win32_1.4.0.202007081208/tools/bin/../lib/gcc/arm-none-eabi/7.3.1/thumb/v6-m\libgcc.a(gedf2.o)
                0x0000000008000988                __gedf2
                0x0000000008000988                __gtdf2
 .text          0x0000000008000a50       0xd0 c:/st/stm32cubeide_1.4.0/stm32cubeide/plugins/com.st.stm32cube.ide.mcu.externaltools.gnu-tools-for-stm32.7-2018-q2-update.win32_1.4.0.202007081208/tools/bin/../lib/gcc/arm-none-eabi/7.3.1/thumb/v6-m\libgcc.a(ledf2.o)
                0x0000000008000a50                __ledf2
                0x0000000008000a50                __ltdf2
 .text          0x0000000008000b20      0x4e4 c:/st/stm32cubeide_1.4.0/stm32cubeide/plugins/com.st.stm32cube.ide.mcu.externaltools.gnu-tools-for-stm32.7-2018-q2-update.win32_1.4.0.202007081208/tools/bin/../lib/gcc/arm-none-eabi/7.3.1/thumb/v6-m\libgcc.a(muldf3.o)
                0x0000000008000b20                __aeabi_dmul
 .text          0x0000000008001004      0x690 c:/st/stm32cubeide_1.4.0/stm32cubeide/plugins/com.st.stm32cube.ide.mcu.externaltools.gnu-tools-for-stm32.7-2018-q2-update.win32_1.4.0.202007081208/tools/bin/../lib/gcc/arm-none-eabi/7.3.1/thumb/v6-m\libgcc.a(subdf3.o)
                0x0000000008001004                __aeabi_dsub
 .text          0x0000000008001694       0x6c c:/st/stm32cubeide_1.4.0/stm32cubeide/plugins/com.st.stm32cube.ide.mcu.externaltools.gnu-tools-for-stm32.7-2018-q2-update.win32_1.4.0.202007081208/tools/bin/../lib/gcc/arm-none-eabi/7.3.1/thumb/v6-m\libgcc.a(fixdfsi.o)
                0x0000000008001694                __aeabi_d2iz
 .text          0x0000000008001700       0x74 c:/st/stm32cubeide_1.4.0/stm32cubeide/plugins/com.st.stm32cube.ide.mcu.externaltools.gnu-tools-for-stm32.7-2018-q2-update.win32_1.4.0.202007081208/tools/bin/../lib/gcc/arm-none-eabi/7.3.1/thumb/v6-m\libgcc.a(floatsidf.o)
                0x0000000008001700                __aeabi_i2d
 .text          0x0000000008001774       0x3c c:/st/stm32cubeide_1.4.0/stm32cubeide/plugins/com.st.stm32cube.ide.mcu.externaltools.gnu-tools-for-stm32.7-2018-q2-update.win32_1.4.0.202007081208/tools/bin/../lib/gcc/arm-none-eabi/7.3.1/thumb/v6-m\libgcc.a(_clzsi2.o)
                0x0000000008001774                __clzsi2
 *(.text*)
 .text.ACM_Init
                0x00000000080017b0       0x88 Core/Src/GO4_ACM_2020.o
                0x00000000080017b0                ACM_Init
 .text.fetch_data
                0x0000000008001838      0x128 Core/Src/GO4_ACM_2020.o
                0x0000000008001838                fetch_data
 .text.calculate_wing_angle
                0x0000000008001960      0x1c8 Core/Src/GO4_ACM_2020.o
                0x0000000008001960                calculate_wing_angle
 .text.arbitrate_acceleration
                0x0000000008001b28      0x294 Core/Src/GO4_ACM_2020.o
                0x0000000008001b28                arbitrate_acceleration
 .text.arbitrate_speed
                0x0000000008001dbc      0x1a4 Core/Src/GO4_ACM_2020.o
                0x0000000008001dbc                arbitrate_speed
 .text.arbitrate_steering_angle
                0x0000000008001f60       0xcc Core/Src/GO4_ACM_2020.o
                0x0000000008001f60                arbitrate_steering_angle
 .text.output_angles
                0x000000000800202c       0xbc Core/Src/GO4_ACM_2020.o
                0x000000000800202c                output_angles
 .text.setPWM   0x00000000080020e8       0x84 Core/Src/GO4_ACM_2020.o
                0x00000000080020e8                setPWM
 .text.get_btn_state
                0x000000000800216c       0x34 Core/Src/GO4_ACM_2020.o
                0x000000000800216c                get_btn_state
 .text.main     0x00000000080021a0       0xa0 Core/Src/main.o
                0x00000000080021a0                main
 .text.SystemClock_Config
                0x0000000008002240       0xa6 Core/Src/main.o
                0x0000000008002240                SystemClock_Config
 *fill*         0x00000000080022e6        0x2 
 .text.MX_TIM3_Init
                0x00000000080022e8       0xec Core/Src/main.o
 .text.MX_USART2_UART_Init
                0x00000000080023d4       0x60 Core/Src/main.o
 .text.MX_GPIO_Init
                0x0000000008002434       0xf0 Core/Src/main.o
 .text.start_collect_data
                0x0000000008002524       0x14 Core/Src/main.o
                0x0000000008002524                start_collect_data
 .text.start_calculate_wing_angle
                0x0000000008002538       0x20 Core/Src/main.o
                0x0000000008002538                start_calculate_wing_angle
 .text.start_actuate_wings
                0x0000000008002558       0x14 Core/Src/main.o
                0x0000000008002558                start_actuate_wings
 .text.start_DRS_button
                0x000000000800256c       0x14 Core/Src/main.o
                0x000000000800256c                start_DRS_button
 .text.HAL_TIM_PeriodElapsedCallback
                0x0000000008002580       0x24 Core/Src/main.o
                0x0000000008002580                HAL_TIM_PeriodElapsedCallback
 .text.Error_Handler
                0x00000000080025a4        0xa Core/Src/main.o
                0x00000000080025a4                Error_Handler
 *fill*         0x00000000080025ae        0x2 
 .text.HAL_MspInit
                0x00000000080025b0       0x48 Core/Src/stm32f0xx_hal_msp.o
                0x00000000080025b0                HAL_MspInit
 .text.HAL_TIM_PWM_MspInit
                0x00000000080025f8       0x3c Core/Src/stm32f0xx_hal_msp.o
                0x00000000080025f8                HAL_TIM_PWM_MspInit
 .text.HAL_TIM_MspPostInit
                0x0000000008002634       0xc8 Core/Src/stm32f0xx_hal_msp.o
                0x0000000008002634                HAL_TIM_MspPostInit
 .text.HAL_UART_MspInit
                0x00000000080026fc       0x98 Core/Src/stm32f0xx_hal_msp.o
                0x00000000080026fc                HAL_UART_MspInit
 .text.HAL_InitTick
                0x0000000008002794       0xb8 Core/Src/stm32f0xx_hal_timebase_tim.o
                0x0000000008002794                HAL_InitTick
 .text.NMI_Handler
                0x000000000800284c        0xa Core/Src/stm32f0xx_it.o
                0x000000000800284c                NMI_Handler
 .text.HardFault_Handler
                0x0000000008002856        0x6 Core/Src/stm32f0xx_it.o
                0x0000000008002856                HardFault_Handler
 .text.TIM6_DAC_IRQHandler
                0x000000000800285c       0x18 Core/Src/stm32f0xx_it.o
                0x000000000800285c                TIM6_DAC_IRQHandler
 .text.SystemInit
                0x0000000008002874        0xa Core/Src/system_stm32f0xx.o
                0x0000000008002874                SystemInit
 *fill*         0x000000000800287e        0x2 
 .text.Reset_Handler
                0x0000000008002880       0x50 Core/Startup/startup_stm32f072rbtx.o
                0x0000000008002880                Reset_Handler
 .text.Default_Handler
                0x00000000080028d0        0x2 Core/Startup/startup_stm32f072rbtx.o
                0x00000000080028d0                TIM1_CC_IRQHandler
                0x00000000080028d0                TSC_IRQHandler
                0x00000000080028d0                ADC1_COMP_IRQHandler
                0x00000000080028d0                I2C1_IRQHandler
                0x00000000080028d0                RCC_CRS_IRQHandler
                0x00000000080028d0                SPI1_IRQHandler
                0x00000000080028d0                USART3_4_IRQHandler
                0x00000000080028d0                EXTI2_3_IRQHandler
                0x00000000080028d0                I2C2_IRQHandler
                0x00000000080028d0                TIM17_IRQHandler
                0x00000000080028d0                CEC_CAN_IRQHandler
                0x00000000080028d0                RTC_IRQHandler
                0x00000000080028d0                PVD_VDDIO2_IRQHandler
                0x00000000080028d0                DMA1_Channel4_5_6_7_IRQHandler
                0x00000000080028d0                TIM16_IRQHandler
                0x00000000080028d0                TIM3_IRQHandler
                0x00000000080028d0                EXTI4_15_IRQHandler
                0x00000000080028d0                DMA1_Channel1_IRQHandler
                0x00000000080028d0                Default_Handler
                0x00000000080028d0                TIM14_IRQHandler
                0x00000000080028d0                TIM7_IRQHandler
                0x00000000080028d0                TIM15_IRQHandler
                0x00000000080028d0                EXTI0_1_IRQHandler
                0x00000000080028d0                USB_IRQHandler
                0x00000000080028d0                SPI2_IRQHandler
                0x00000000080028d0                WWDG_IRQHandler
                0x00000000080028d0                TIM2_IRQHandler
                0x00000000080028d0                DMA1_Channel2_3_IRQHandler
                0x00000000080028d0                USART2_IRQHandler
                0x00000000080028d0                FLASH_IRQHandler
                0x00000000080028d0                USART1_IRQHandler
                0x00000000080028d0                TIM1_BRK_UP_TRG_COM_IRQHandler
 *fill*         0x00000000080028d2        0x2 
 .text.HAL_Init
                0x00000000080028d4       0x28 Drivers/STM32F0xx_HAL_Driver/Src/stm32f0xx_hal.o
                0x00000000080028d4                HAL_Init
 .text.HAL_IncTick
                0x00000000080028fc       0x24 Drivers/STM32F0xx_HAL_Driver/Src/stm32f0xx_hal.o
                0x00000000080028fc                HAL_IncTick
 .text.HAL_GetTick
                0x0000000008002920       0x14 Drivers/STM32F0xx_HAL_Driver/Src/stm32f0xx_hal.o
                0x0000000008002920                HAL_GetTick
 .text.__NVIC_EnableIRQ
                0x0000000008002934       0x34 Drivers/STM32F0xx_HAL_Driver/Src/stm32f0xx_hal_cortex.o
 .text.__NVIC_SetPriority
                0x0000000008002968       0xdc Drivers/STM32F0xx_HAL_Driver/Src/stm32f0xx_hal_cortex.o
 .text.HAL_NVIC_SetPriority
                0x0000000008002a44       0x2a Drivers/STM32F0xx_HAL_Driver/Src/stm32f0xx_hal_cortex.o
                0x0000000008002a44                HAL_NVIC_SetPriority
 .text.HAL_NVIC_EnableIRQ
                0x0000000008002a6e       0x20 Drivers/STM32F0xx_HAL_Driver/Src/stm32f0xx_hal_cortex.o
                0x0000000008002a6e                HAL_NVIC_EnableIRQ
 *fill*         0x0000000008002a8e        0x2 
 .text.HAL_GPIO_Init
                0x0000000008002a90      0x2f0 Drivers/STM32F0xx_HAL_Driver/Src/stm32f0xx_hal_gpio.o
                0x0000000008002a90                HAL_GPIO_Init
 .text.HAL_GPIO_ReadPin
                0x0000000008002d80       0x3a Drivers/STM32F0xx_HAL_Driver/Src/stm32f0xx_hal_gpio.o
                0x0000000008002d80                HAL_GPIO_ReadPin
 .text.HAL_GPIO_WritePin
                0x0000000008002dba       0x3a Drivers/STM32F0xx_HAL_Driver/Src/stm32f0xx_hal_gpio.o
                0x0000000008002dba                HAL_GPIO_WritePin
 .text.HAL_RCC_OscConfig
                0x0000000008002df4      0x70c Drivers/STM32F0xx_HAL_Driver/Src/stm32f0xx_hal_rcc.o
                0x0000000008002df4                HAL_RCC_OscConfig
 .text.HAL_RCC_ClockConfig
                0x0000000008003500      0x1b4 Drivers/STM32F0xx_HAL_Driver/Src/stm32f0xx_hal_rcc.o
                0x0000000008003500                HAL_RCC_ClockConfig
 .text.HAL_RCC_GetSysClockFreq
                0x00000000080036b4       0xfc Drivers/STM32F0xx_HAL_Driver/Src/stm32f0xx_hal_rcc.o
                0x00000000080036b4                HAL_RCC_GetSysClockFreq
 .text.HAL_RCC_GetHCLKFreq
                0x00000000080037b0       0x14 Drivers/STM32F0xx_HAL_Driver/Src/stm32f0xx_hal_rcc.o
                0x00000000080037b0                HAL_RCC_GetHCLKFreq
 .text.HAL_RCC_GetPCLK1Freq
                0x00000000080037c4       0x2c Drivers/STM32F0xx_HAL_Driver/Src/stm32f0xx_hal_rcc.o
                0x00000000080037c4                HAL_RCC_GetPCLK1Freq
 .text.HAL_RCC_GetClockConfig
                0x00000000080037f0       0x54 Drivers/STM32F0xx_HAL_Driver/Src/stm32f0xx_hal_rcc.o
                0x00000000080037f0                HAL_RCC_GetClockConfig
 .text.HAL_RCCEx_PeriphCLKConfig
                0x0000000008003844      0x200 Drivers/STM32F0xx_HAL_Driver/Src/stm32f0xx_hal_rcc_ex.o
                0x0000000008003844                HAL_RCCEx_PeriphCLKConfig
 .text.HAL_TIM_Base_Init
                0x0000000008003a44       0x58 Drivers/STM32F0xx_HAL_Driver/Src/stm32f0xx_hal_tim.o
                0x0000000008003a44                HAL_TIM_Base_Init
 .text.HAL_TIM_Base_MspInit
                0x0000000008003a9c       0x10 Drivers/STM32F0xx_HAL_Driver/Src/stm32f0xx_hal_tim.o
                0x0000000008003a9c                HAL_TIM_Base_MspInit
 .text.HAL_TIM_Base_Start_IT
                0x0000000008003aac       0x44 Drivers/STM32F0xx_HAL_Driver/Src/stm32f0xx_hal_tim.o
                0x0000000008003aac                HAL_TIM_Base_Start_IT
 .text.HAL_TIM_PWM_Init
                0x0000000008003af0       0x58 Drivers/STM32F0xx_HAL_Driver/Src/stm32f0xx_hal_tim.o
                0x0000000008003af0                HAL_TIM_PWM_Init
 .text.HAL_TIM_PWM_Start
                0x0000000008003b48       0x98 Drivers/STM32F0xx_HAL_Driver/Src/stm32f0xx_hal_tim.o
                0x0000000008003b48                HAL_TIM_PWM_Start
 .text.HAL_TIM_PWM_Stop
                0x0000000008003be0       0xc8 Drivers/STM32F0xx_HAL_Driver/Src/stm32f0xx_hal_tim.o
                0x0000000008003be0                HAL_TIM_PWM_Stop
 .text.HAL_TIM_IRQHandler
                0x0000000008003ca8      0x22c Drivers/STM32F0xx_HAL_Driver/Src/stm32f0xx_hal_tim.o
                0x0000000008003ca8                HAL_TIM_IRQHandler
 .text.HAL_TIM_PWM_ConfigChannel
                0x0000000008003ed4      0x170 Drivers/STM32F0xx_HAL_Driver/Src/stm32f0xx_hal_tim.o
                0x0000000008003ed4                HAL_TIM_PWM_ConfigChannel
 .text.HAL_TIM_OC_DelayElapsedCallback
                0x0000000008004044       0x10 Drivers/STM32F0xx_HAL_Driver/Src/stm32f0xx_hal_tim.o
                0x0000000008004044                HAL_TIM_OC_DelayElapsedCallback
 .text.HAL_TIM_IC_CaptureCallback
                0x0000000008004054       0x10 Drivers/STM32F0xx_HAL_Driver/Src/stm32f0xx_hal_tim.o
                0x0000000008004054                HAL_TIM_IC_CaptureCallback
 .text.HAL_TIM_PWM_PulseFinishedCallback
                0x0000000008004064       0x10 Drivers/STM32F0xx_HAL_Driver/Src/stm32f0xx_hal_tim.o
                0x0000000008004064                HAL_TIM_PWM_PulseFinishedCallback
 .text.HAL_TIM_TriggerCallback
                0x0000000008004074       0x10 Drivers/STM32F0xx_HAL_Driver/Src/stm32f0xx_hal_tim.o
                0x0000000008004074                HAL_TIM_TriggerCallback
 .text.TIM_Base_SetConfig
                0x0000000008004084      0x100 Drivers/STM32F0xx_HAL_Driver/Src/stm32f0xx_hal_tim.o
                0x0000000008004084                TIM_Base_SetConfig
 .text.TIM_OC1_SetConfig
                0x0000000008004184      0x110 Drivers/STM32F0xx_HAL_Driver/Src/stm32f0xx_hal_tim.o
 .text.TIM_OC2_SetConfig
                0x0000000008004294      0x108 Drivers/STM32F0xx_HAL_Driver/Src/stm32f0xx_hal_tim.o
                0x0000000008004294                TIM_OC2_SetConfig
 .text.TIM_OC3_SetConfig
                0x000000000800439c      0x10c Drivers/STM32F0xx_HAL_Driver/Src/stm32f0xx_hal_tim.o
 .text.TIM_OC4_SetConfig
                0x00000000080044a8       0xd4 Drivers/STM32F0xx_HAL_Driver/Src/stm32f0xx_hal_tim.o
 .text.TIM_CCxChannelCmd
                0x000000000800457c       0x46 Drivers/STM32F0xx_HAL_Driver/Src/stm32f0xx_hal_tim.o
                0x000000000800457c                TIM_CCxChannelCmd
 *fill*         0x00000000080045c2        0x2 
 .text.HAL_TIMEx_MasterConfigSynchronization
                0x00000000080045c4       0xbc Drivers/STM32F0xx_HAL_Driver/Src/stm32f0xx_hal_tim_ex.o
                0x00000000080045c4                HAL_TIMEx_MasterConfigSynchronization
 .text.HAL_TIMEx_CommutCallback
                0x0000000008004680       0x10 Drivers/STM32F0xx_HAL_Driver/Src/stm32f0xx_hal_tim_ex.o
                0x0000000008004680                HAL_TIMEx_CommutCallback
 .text.HAL_TIMEx_BreakCallback
                0x0000000008004690       0x10 Drivers/STM32F0xx_HAL_Driver/Src/stm32f0xx_hal_tim_ex.o
                0x0000000008004690                HAL_TIMEx_BreakCallback
 .text.HAL_UART_Init
                0x00000000080046a0       0xa8 Drivers/STM32F0xx_HAL_Driver/Src/stm32f0xx_hal_uart.o
                0x00000000080046a0                HAL_UART_Init
 .text.UART_SetConfig
                0x0000000008004748      0x398 Drivers/STM32F0xx_HAL_Driver/Src/stm32f0xx_hal_uart.o
                0x0000000008004748                UART_SetConfig
 .text.UART_AdvFeatureConfig
                0x0000000008004ae0      0x168 Drivers/STM32F0xx_HAL_Driver/Src/stm32f0xx_hal_uart.o
                0x0000000008004ae0                UART_AdvFeatureConfig
 .text.UART_CheckIdleState
                0x0000000008004c48       0x8c Drivers/STM32F0xx_HAL_Driver/Src/stm32f0xx_hal_uart.o
                0x0000000008004c48                UART_CheckIdleState
 .text.UART_WaitOnFlagUntilTimeout
                0x0000000008004cd4       0xfc Drivers/STM32F0xx_HAL_Driver/Src/stm32f0xx_hal_uart.o
                0x0000000008004cd4                UART_WaitOnFlagUntilTimeout
 .text.osKernelInitialize
                0x0000000008004dd0       0x58 Middlewares/Third_Party/FreeRTOS/Source/CMSIS_RTOS_V2/cmsis_os2.o
                0x0000000008004dd0                osKernelInitialize
 .text.osKernelStart
                0x0000000008004e28       0x5c Middlewares/Third_Party/FreeRTOS/Source/CMSIS_RTOS_V2/cmsis_os2.o
                0x0000000008004e28                osKernelStart
 .text.osThreadNew
                0x0000000008004e84      0x150 Middlewares/Third_Party/FreeRTOS/Source/CMSIS_RTOS_V2/cmsis_os2.o
                0x0000000008004e84                osThreadNew
 .text.osDelay  0x0000000008004fd4       0x50 Middlewares/Third_Party/FreeRTOS/Source/CMSIS_RTOS_V2/cmsis_os2.o
                0x0000000008004fd4                osDelay
 .text.vApplicationGetIdleTaskMemory
                0x0000000008005024       0x30 Middlewares/Third_Party/FreeRTOS/Source/CMSIS_RTOS_V2/cmsis_os2.o
                0x0000000008005024                vApplicationGetIdleTaskMemory
 .text.vApplicationGetTimerTaskMemory
                0x0000000008005054       0x30 Middlewares/Third_Party/FreeRTOS/Source/CMSIS_RTOS_V2/cmsis_os2.o
                0x0000000008005054                vApplicationGetTimerTaskMemory
 .text.vListInitialise
                0x0000000008005084       0x3c Middlewares/Third_Party/FreeRTOS/Source/list.o
                0x0000000008005084                vListInitialise
 .text.vListInitialiseItem
                0x00000000080050c0       0x16 Middlewares/Third_Party/FreeRTOS/Source/list.o
                0x00000000080050c0                vListInitialiseItem
 .text.vListInsertEnd
                0x00000000080050d6       0x44 Middlewares/Third_Party/FreeRTOS/Source/list.o
                0x00000000080050d6                vListInsertEnd
 .text.vListInsert
                0x000000000800511a       0x6c Middlewares/Third_Party/FreeRTOS/Source/list.o
                0x000000000800511a                vListInsert
 .text.uxListRemove
                0x0000000008005186       0x50 Middlewares/Third_Party/FreeRTOS/Source/list.o
                0x0000000008005186                uxListRemove
 .text.xQueueGenericReset
                0x00000000080051d6       0xa8 Middlewares/Third_Party/FreeRTOS/Source/queue.o
                0x00000000080051d6                xQueueGenericReset
 .text.xQueueGenericCreateStatic
                0x000000000800527e       0x96 Middlewares/Third_Party/FreeRTOS/Source/queue.o
                0x000000000800527e                xQueueGenericCreateStatic
 .text.prvInitialiseNewQueue
                0x0000000008005314       0x4e Middlewares/Third_Party/FreeRTOS/Source/queue.o
 .text.xQueueGenericSend
                0x0000000008005362      0x188 Middlewares/Third_Party/FreeRTOS/Source/queue.o
                0x0000000008005362                xQueueGenericSend
 .text.xQueueGenericSendFromISR
                0x00000000080054ea       0xe2 Middlewares/Third_Party/FreeRTOS/Source/queue.o
                0x00000000080054ea                xQueueGenericSendFromISR
 .text.xQueueReceive
                0x00000000080055cc      0x16a Middlewares/Third_Party/FreeRTOS/Source/queue.o
                0x00000000080055cc                xQueueReceive
 .text.prvCopyDataToQueue
                0x0000000008005736       0xd6 Middlewares/Third_Party/FreeRTOS/Source/queue.o
 .text.prvCopyDataFromQueue
                0x000000000800580c       0x4c Middlewares/Third_Party/FreeRTOS/Source/queue.o
 .text.prvUnlockQueue
                0x0000000008005858       0xbc Middlewares/Third_Party/FreeRTOS/Source/queue.o
 .text.prvIsQueueEmpty
                0x0000000008005914       0x2c Middlewares/Third_Party/FreeRTOS/Source/queue.o
 .text.prvIsQueueFull
                0x0000000008005940       0x30 Middlewares/Third_Party/FreeRTOS/Source/queue.o
 .text.vQueueAddToRegistry
                0x0000000008005970       0x50 Middlewares/Third_Party/FreeRTOS/Source/queue.o
                0x0000000008005970                vQueueAddToRegistry
 .text.vQueueWaitForMessageRestricted
                0x00000000080059c0       0x66 Middlewares/Third_Party/FreeRTOS/Source/queue.o
                0x00000000080059c0                vQueueWaitForMessageRestricted
 .text.xTaskCreateStatic
                0x0000000008005a26       0x86 Middlewares/Third_Party/FreeRTOS/Source/tasks.o
                0x0000000008005a26                xTaskCreateStatic
 .text.xTaskCreate
                0x0000000008005aac       0x98 Middlewares/Third_Party/FreeRTOS/Source/tasks.o
                0x0000000008005aac                xTaskCreate
 .text.prvInitialiseNewTask
                0x0000000008005b44      0x104 Middlewares/Third_Party/FreeRTOS/Source/tasks.o
 .text.prvAddNewTaskToReadyList
                0x0000000008005c48       0xd0 Middlewares/Third_Party/FreeRTOS/Source/tasks.o
 .text.vTaskDelay
                0x0000000008005d18       0x4c Middlewares/Third_Party/FreeRTOS/Source/tasks.o
                0x0000000008005d18                vTaskDelay
 .text.vTaskStartScheduler
                0x0000000008005d64       0xa8 Middlewares/Third_Party/FreeRTOS/Source/tasks.o
                0x0000000008005d64                vTaskStartScheduler
 .text.vTaskSuspendAll
                0x0000000008005e0c       0x18 Middlewares/Third_Party/FreeRTOS/Source/tasks.o
                0x0000000008005e0c                vTaskSuspendAll
 .text.xTaskResumeAll
                0x0000000008005e24      0x118 Middlewares/Third_Party/FreeRTOS/Source/tasks.o
                0x0000000008005e24                xTaskResumeAll
 .text.xTaskGetTickCount
                0x0000000008005f3c       0x1c Middlewares/Third_Party/FreeRTOS/Source/tasks.o
                0x0000000008005f3c                xTaskGetTickCount
 .text.xTaskIncrementTick
                0x0000000008005f58      0x168 Middlewares/Third_Party/FreeRTOS/Source/tasks.o
                0x0000000008005f58                xTaskIncrementTick
 .text.vTaskSwitchContext
                0x00000000080060c0       0xa4 Middlewares/Third_Party/FreeRTOS/Source/tasks.o
                0x00000000080060c0                vTaskSwitchContext
 .text.vTaskPlaceOnEventList
                0x0000000008006164       0x3c Middlewares/Third_Party/FreeRTOS/Source/tasks.o
                0x0000000008006164                vTaskPlaceOnEventList
 .text.vTaskPlaceOnEventListRestricted
                0x00000000080061a0       0x4c Middlewares/Third_Party/FreeRTOS/Source/tasks.o
                0x00000000080061a0                vTaskPlaceOnEventListRestricted
 .text.xTaskRemoveFromEventList
                0x00000000080061ec       0xb8 Middlewares/Third_Party/FreeRTOS/Source/tasks.o
                0x00000000080061ec                xTaskRemoveFromEventList
 .text.vTaskInternalSetTimeOutState
                0x00000000080062a4       0x28 Middlewares/Third_Party/FreeRTOS/Source/tasks.o
                0x00000000080062a4                vTaskInternalSetTimeOutState
 .text.xTaskCheckForTimeOut
                0x00000000080062cc       0xa0 Middlewares/Third_Party/FreeRTOS/Source/tasks.o
                0x00000000080062cc                xTaskCheckForTimeOut
 .text.vTaskMissedYield
                0x000000000800636c       0x14 Middlewares/Third_Party/FreeRTOS/Source/tasks.o
                0x000000000800636c                vTaskMissedYield
 .text.prvIdleTask
                0x0000000008006380       0x20 Middlewares/Third_Party/FreeRTOS/Source/tasks.o
 .text.prvInitialiseTaskLists
                0x00000000080063a0       0x88 Middlewares/Third_Party/FreeRTOS/Source/tasks.o
 .text.prvCheckTasksWaitingTermination
                0x0000000008006428       0x5c Middlewares/Third_Party/FreeRTOS/Source/tasks.o
 .text.prvDeleteTCB
                0x0000000008006484       0x50 Middlewares/Third_Party/FreeRTOS/Source/tasks.o
 .text.prvResetNextTaskUnblockTime
                0x00000000080064d4       0x48 Middlewares/Third_Party/FreeRTOS/Source/tasks.o
 .text.xTaskGetSchedulerState
                0x000000000800651c       0x38 Middlewares/Third_Party/FreeRTOS/Source/tasks.o
                0x000000000800651c                xTaskGetSchedulerState
 .text.xTaskPriorityDisinherit
                0x0000000008006554       0xb8 Middlewares/Third_Party/FreeRTOS/Source/tasks.o
                0x0000000008006554                xTaskPriorityDisinherit
 .text.prvAddCurrentTaskToDelayedList
                0x000000000800660c       0xa8 Middlewares/Third_Party/FreeRTOS/Source/tasks.o
 .text.xTimerCreateTimerTask
                0x00000000080066b4       0x7c Middlewares/Third_Party/FreeRTOS/Source/timers.o
                0x00000000080066b4                xTimerCreateTimerTask
 .text.xTimerGenericCommand
                0x0000000008006730       0x98 Middlewares/Third_Party/FreeRTOS/Source/timers.o
                0x0000000008006730                xTimerGenericCommand
 .text.prvProcessExpiredTimer
                0x00000000080067c8       0x70 Middlewares/Third_Party/FreeRTOS/Source/timers.o
 .text.prvTimerTask
                0x0000000008006838       0x28 Middlewares/Third_Party/FreeRTOS/Source/timers.o
 .text.prvProcessTimerOrBlockTask
                0x0000000008006860       0x8c Middlewares/Third_Party/FreeRTOS/Source/timers.o
 .text.prvGetNextExpireTime
                0x00000000080068ec       0x40 Middlewares/Third_Party/FreeRTOS/Source/timers.o
 .text.prvSampleTimeNow
                0x000000000800692c       0x40 Middlewares/Third_Party/FreeRTOS/Source/timers.o
 .text.prvInsertTimerInActiveList
                0x000000000800696c       0x84 Middlewares/Third_Party/FreeRTOS/Source/timers.o
 .text.prvProcessReceivedCommands
                0x00000000080069f0      0x134 Middlewares/Third_Party/FreeRTOS/Source/timers.o
 .text.prvSwitchTimerLists
                0x0000000008006b24       0xb4 Middlewares/Third_Party/FreeRTOS/Source/timers.o
 .text.prvCheckForValidListAndQueue
                0x0000000008006bd8       0x88 Middlewares/Third_Party/FreeRTOS/Source/timers.o
 .text.pxPortInitialiseStack
                0x0000000008006c60       0x54 Middlewares/Third_Party/FreeRTOS/Source/portable/GCC/ARM_CM0/port.o
                0x0000000008006c60                pxPortInitialiseStack
 .text.prvTaskExitError
                0x0000000008006cb4       0x2c Middlewares/Third_Party/FreeRTOS/Source/portable/GCC/ARM_CM0/port.o
 .text.SVC_Handler
                0x0000000008006ce0        0xa Middlewares/Third_Party/FreeRTOS/Source/portable/GCC/ARM_CM0/port.o
                0x0000000008006ce0                SVC_Handler
 *fill*         0x0000000008006cea        0x6 
 .text.vPortStartFirstTask
                0x0000000008006cf0       0x38 Middlewares/Third_Party/FreeRTOS/Source/portable/GCC/ARM_CM0/port.o
 .text.xPortStartScheduler
                0x0000000008006d28       0x48 Middlewares/Third_Party/FreeRTOS/Source/portable/GCC/ARM_CM0/port.o
                0x0000000008006d28                xPortStartScheduler
 .text.vPortYield
                0x0000000008006d70       0x20 Middlewares/Third_Party/FreeRTOS/Source/portable/GCC/ARM_CM0/port.o
                0x0000000008006d70                vPortYield
 .text.vPortEnterCritical
                0x0000000008006d90       0x24 Middlewares/Third_Party/FreeRTOS/Source/portable/GCC/ARM_CM0/port.o
                0x0000000008006d90                vPortEnterCritical
 .text.vPortExitCritical
                0x0000000008006db4       0x30 Middlewares/Third_Party/FreeRTOS/Source/portable/GCC/ARM_CM0/port.o
                0x0000000008006db4                vPortExitCritical
 .text.ulSetInterruptMaskFromISR
                0x0000000008006de4        0xc Middlewares/Third_Party/FreeRTOS/Source/portable/GCC/ARM_CM0/port.o
                0x0000000008006de4                ulSetInterruptMaskFromISR
 .text.vClearInterruptMaskFromISR
                0x0000000008006df0        0x8 Middlewares/Third_Party/FreeRTOS/Source/portable/GCC/ARM_CM0/port.o
                0x0000000008006df0                vClearInterruptMaskFromISR
 *fill*         0x0000000008006df8        0x8 
 .text.PendSV_Handler
                0x0000000008006e00       0x48 Middlewares/Third_Party/FreeRTOS/Source/portable/GCC/ARM_CM0/port.o
                0x0000000008006e00                PendSV_Handler
 .text.SysTick_Handler
                0x0000000008006e48       0x34 Middlewares/Third_Party/FreeRTOS/Source/portable/GCC/ARM_CM0/port.o
                0x0000000008006e48                SysTick_Handler
 .text.prvSetupTimerInterrupt
                0x0000000008006e7c       0x44 Middlewares/Third_Party/FreeRTOS/Source/portable/GCC/ARM_CM0/port.o
 .text.pvPortMalloc
                0x0000000008006ec0      0x14c Middlewares/Third_Party/FreeRTOS/Source/portable/MemMang/heap_4.o
                0x0000000008006ec0                pvPortMalloc
 .text.vPortFree
                0x000000000800700c       0x90 Middlewares/Third_Party/FreeRTOS/Source/portable/MemMang/heap_4.o
                0x000000000800700c                vPortFree
 .text.prvHeapInit
                0x000000000800709c       0xc0 Middlewares/Third_Party/FreeRTOS/Source/portable/MemMang/heap_4.o
 .text.prvInsertBlockIntoFreeList
                0x000000000800715c       0xb0 Middlewares/Third_Party/FreeRTOS/Source/portable/MemMang/heap_4.o
 .text.__libc_init_array
                0x000000000800720c       0x48 c:/st/stm32cubeide_1.4.0/stm32cubeide/plugins/com.st.stm32cube.ide.mcu.externaltools.gnu-tools-for-stm32.7-2018-q2-update.win32_1.4.0.202007081208/tools/bin/../lib/gcc/arm-none-eabi/7.3.1/../../../../arm-none-eabi/lib/thumb/v6-m\libc_nano.a(lib_a-init.o)
                0x000000000800720c                __libc_init_array
 .text.memcpy   0x0000000008007254       0x12 c:/st/stm32cubeide_1.4.0/stm32cubeide/plugins/com.st.stm32cube.ide.mcu.externaltools.gnu-tools-for-stm32.7-2018-q2-update.win32_1.4.0.202007081208/tools/bin/../lib/gcc/arm-none-eabi/7.3.1/../../../../arm-none-eabi/lib/thumb/v6-m\libc_nano.a(lib_a-memcpy-stub.o)
                0x0000000008007254                memcpy
 .text.memset   0x0000000008007266       0x10 c:/st/stm32cubeide_1.4.0/stm32cubeide/plugins/com.st.stm32cube.ide.mcu.externaltools.gnu-tools-for-stm32.7-2018-q2-update.win32_1.4.0.202007081208/tools/bin/../lib/gcc/arm-none-eabi/7.3.1/../../../../arm-none-eabi/lib/thumb/v6-m\libc_nano.a(lib_a-memset.o)
                0x0000000008007266                memset
 *(.glue_7)
 .glue_7        0x0000000008007276        0x0 linker stubs
 *(.glue_7t)
 .glue_7t       0x0000000008007276        0x0 linker stubs
 *(.eh_frame)
 *fill*         0x0000000008007276        0x2 
 .eh_frame      0x0000000008007278        0x0 c:/st/stm32cubeide_1.4.0/stm32cubeide/plugins/com.st.stm32cube.ide.mcu.externaltools.gnu-tools-for-stm32.7-2018-q2-update.win32_1.4.0.202007081208/tools/bin/../lib/gcc/arm-none-eabi/7.3.1/thumb/v6-m/crtbegin.o
 *(.init)
 .init          0x0000000008007278        0x4 c:/st/stm32cubeide_1.4.0/stm32cubeide/plugins/com.st.stm32cube.ide.mcu.externaltools.gnu-tools-for-stm32.7-2018-q2-update.win32_1.4.0.202007081208/tools/bin/../lib/gcc/arm-none-eabi/7.3.1/thumb/v6-m/crti.o
                0x0000000008007278                _init
 .init          0x000000000800727c        0x8 c:/st/stm32cubeide_1.4.0/stm32cubeide/plugins/com.st.stm32cube.ide.mcu.externaltools.gnu-tools-for-stm32.7-2018-q2-update.win32_1.4.0.202007081208/tools/bin/../lib/gcc/arm-none-eabi/7.3.1/thumb/v6-m/crtn.o
 *(.fini)
 .fini          0x0000000008007284        0x4 c:/st/stm32cubeide_1.4.0/stm32cubeide/plugins/com.st.stm32cube.ide.mcu.externaltools.gnu-tools-for-stm32.7-2018-q2-update.win32_1.4.0.202007081208/tools/bin/../lib/gcc/arm-none-eabi/7.3.1/thumb/v6-m/crti.o
                0x0000000008007284                _fini
 .fini          0x0000000008007288        0x8 c:/st/stm32cubeide_1.4.0/stm32cubeide/plugins/com.st.stm32cube.ide.mcu.externaltools.gnu-tools-for-stm32.7-2018-q2-update.win32_1.4.0.202007081208/tools/bin/../lib/gcc/arm-none-eabi/7.3.1/thumb/v6-m/crtn.o
                0x0000000008007290                . = ALIGN (0x4)
                0x0000000008007290                _etext = .

.vfp11_veneer   0x0000000008007290        0x0
 .vfp11_veneer  0x0000000008007290        0x0 linker stubs

.v4_bx          0x0000000008007290        0x0
 .v4_bx         0x0000000008007290        0x0 linker stubs

.iplt           0x0000000008007290        0x0
 .iplt          0x0000000008007290        0x0 c:/st/stm32cubeide_1.4.0/stm32cubeide/plugins/com.st.stm32cube.ide.mcu.externaltools.gnu-tools-for-stm32.7-2018-q2-update.win32_1.4.0.202007081208/tools/bin/../lib/gcc/arm-none-eabi/7.3.1/thumb/v6-m/crtbegin.o

.rodata         0x0000000008007290      0x184
                0x0000000008007290                . = ALIGN (0x4)
 *(.rodata)
 .rodata        0x0000000008007290       0x3b Core/Src/main.o
 *fill*         0x00000000080072cb        0x1 
 .rodata        0x00000000080072cc       0x20 Drivers/STM32F0xx_HAL_Driver/Src/stm32f0xx_hal_rcc.o
 .rodata        0x00000000080072ec        0x5 Middlewares/Third_Party/FreeRTOS/Source/tasks.o
 *fill*         0x00000000080072f1        0x3 
 .rodata        0x00000000080072f4        0xd Middlewares/Third_Party/FreeRTOS/Source/timers.o
 *fill*         0x0000000008007301        0x3 
 .rodata        0x0000000008007304       0x40 c:/st/stm32cubeide_1.4.0/stm32cubeide/plugins/com.st.stm32cube.ide.mcu.externaltools.gnu-tools-for-stm32.7-2018-q2-update.win32_1.4.0.202007081208/tools/bin/../lib/gcc/arm-none-eabi/7.3.1/thumb/v6-m\libgcc.a(muldf3.o)
 *(.rodata*)
 .rodata.collect_data_attributes
                0x0000000008007344       0x24 Core/Src/main.o
                0x0000000008007344                collect_data_attributes
 .rodata.calculate_wing__attributes
                0x0000000008007368       0x24 Core/Src/main.o
                0x0000000008007368                calculate_wing__attributes
 .rodata.actuate_wings_attributes
                0x000000000800738c       0x24 Core/Src/main.o
                0x000000000800738c                actuate_wings_attributes
 .rodata.DRS_button_attributes
                0x00000000080073b0       0x24 Core/Src/main.o
                0x00000000080073b0                DRS_button_attributes
 .rodata.AHBPrescTable
                0x00000000080073d4       0x10 Core/Src/system_stm32f0xx.o
                0x00000000080073d4                AHBPrescTable
 .rodata.APBPrescTable
                0x00000000080073e4        0x8 Core/Src/system_stm32f0xx.o
                0x00000000080073e4                APBPrescTable
 .rodata.prvProcessReceivedCommands
                0x00000000080073ec       0x28 Middlewares/Third_Party/FreeRTOS/Source/timers.o
                0x0000000008007414                . = ALIGN (0x4)

.rel.dyn        0x0000000008007414        0x0
 .rel.iplt      0x0000000008007414        0x0 c:/st/stm32cubeide_1.4.0/stm32cubeide/plugins/com.st.stm32cube.ide.mcu.externaltools.gnu-tools-for-stm32.7-2018-q2-update.win32_1.4.0.202007081208/tools/bin/../lib/gcc/arm-none-eabi/7.3.1/thumb/v6-m/crtbegin.o

.ARM.extab      0x0000000008007414        0x0
                0x0000000008007414                . = ALIGN (0x4)
 *(.ARM.extab* .gnu.linkonce.armextab.*)
                0x0000000008007414                . = ALIGN (0x4)

.ARM            0x0000000008007414        0x0
                0x0000000008007414                . = ALIGN (0x4)
                0x0000000008007414                __exidx_start = .
 *(.ARM.exidx*)
                0x0000000008007414                __exidx_end = .
                0x0000000008007414                . = ALIGN (0x4)

.preinit_array  0x0000000008007414        0x0
                0x0000000008007414                . = ALIGN (0x4)
                0x0000000008007414                PROVIDE (__preinit_array_start = .)
 *(.preinit_array*)
                0x0000000008007414                PROVIDE (__preinit_array_end = .)
                0x0000000008007414                . = ALIGN (0x4)

.init_array     0x0000000008007414        0x4
                0x0000000008007414                . = ALIGN (0x4)
                0x0000000008007414                PROVIDE (__init_array_start = .)
 *(SORT_BY_NAME(.init_array.*))
 *(.init_array*)
 .init_array    0x0000000008007414        0x4 c:/st/stm32cubeide_1.4.0/stm32cubeide/plugins/com.st.stm32cube.ide.mcu.externaltools.gnu-tools-for-stm32.7-2018-q2-update.win32_1.4.0.202007081208/tools/bin/../lib/gcc/arm-none-eabi/7.3.1/thumb/v6-m/crtbegin.o
                0x0000000008007418                PROVIDE (__init_array_end = .)
                0x0000000008007418                . = ALIGN (0x4)

.fini_array     0x0000000008007418        0x4
                0x0000000008007418                . = ALIGN (0x4)
                [!provide]                        PROVIDE (__fini_array_start = .)
 *(SORT_BY_NAME(.fini_array.*))
 *(.fini_array*)
 .fini_array    0x0000000008007418        0x4 c:/st/stm32cubeide_1.4.0/stm32cubeide/plugins/com.st.stm32cube.ide.mcu.externaltools.gnu-tools-for-stm32.7-2018-q2-update.win32_1.4.0.202007081208/tools/bin/../lib/gcc/arm-none-eabi/7.3.1/thumb/v6-m/crtbegin.o
                [!provide]                        PROVIDE (__fini_array_end = .)
                0x000000000800741c                . = ALIGN (0x4)
                0x000000000800741c                _sidata = LOADADDR (.data)

.data           0x0000000020000000       0xfc load address 0x000000000800741c
                0x0000000020000000                . = ALIGN (0x4)
                0x0000000020000000                _sdata = .
 *(.data)
 *(.data*)
 .data.wheel_speed
                0x0000000020000000       0x28 Core/Src/GO4_ACM_2020.o
 .data.air_speed
                0x0000000020000028       0x28 Core/Src/GO4_ACM_2020.o
 .data.throttle_position
                0x0000000020000050       0x28 Core/Src/GO4_ACM_2020.o
 .data.steering_angle
                0x0000000020000078       0x28 Core/Src/GO4_ACM_2020.o
 .data.brake_pressure
                0x00000000200000a0       0x28 Core/Src/GO4_ACM_2020.o
 .data.acceleration
                0x00000000200000c8       0x28 Core/Src/GO4_ACM_2020.o
 .data.SystemCoreClock
                0x00000000200000f0        0x4 Core/Src/system_stm32f0xx.o
                0x00000000200000f0                SystemCoreClock
 .data.uwTickFreq
                0x00000000200000f4        0x1 Drivers/STM32F0xx_HAL_Driver/Src/stm32f0xx_hal.o
                0x00000000200000f4                uwTickFreq
 *fill*         0x00000000200000f5        0x3 
 .data.uxCriticalNesting
                0x00000000200000f8        0x4 Middlewares/Third_Party/FreeRTOS/Source/portable/GCC/ARM_CM0/port.o
                0x00000000200000fc                . = ALIGN (0x4)
                0x00000000200000fc                _edata = .

.igot.plt       0x00000000200000fc        0x0 load address 0x0000000008007518
 .igot.plt      0x00000000200000fc        0x0 c:/st/stm32cubeide_1.4.0/stm32cubeide/plugins/com.st.stm32cube.ide.mcu.externaltools.gnu-tools-for-stm32.7-2018-q2-update.win32_1.4.0.202007081208/tools/bin/../lib/gcc/arm-none-eabi/7.3.1/thumb/v6-m/crtbegin.o
                0x00000000200000fc                . = ALIGN (0x4)

.bss            0x0000000020000100     0x2c70 load address 0x0000000008007518
                0x0000000020000100                _sbss = .
                0x0000000020000100                __bss_start__ = _sbss
 *(.bss)
 .bss           0x0000000020000100       0x1c c:/st/stm32cubeide_1.4.0/stm32cubeide/plugins/com.st.stm32cube.ide.mcu.externaltools.gnu-tools-for-stm32.7-2018-q2-update.win32_1.4.0.202007081208/tools/bin/../lib/gcc/arm-none-eabi/7.3.1/thumb/v6-m/crtbegin.o
 *(.bss*)
 .bss.KernelState
                0x000000002000011c        0x4 Middlewares/Third_Party/FreeRTOS/Source/CMSIS_RTOS_V2/cmsis_os2.o
 .bss.Idle_TCB  0x0000000020000120       0x5c Middlewares/Third_Party/FreeRTOS/Source/CMSIS_RTOS_V2/cmsis_os2.o
 .bss.Idle_Stack
                0x000000002000017c      0x200 Middlewares/Third_Party/FreeRTOS/Source/CMSIS_RTOS_V2/cmsis_os2.o
 .bss.Timer_TCB
                0x000000002000037c       0x5c Middlewares/Third_Party/FreeRTOS/Source/CMSIS_RTOS_V2/cmsis_os2.o
 .bss.Timer_Stack
                0x00000000200003d8      0x400 Middlewares/Third_Party/FreeRTOS/Source/CMSIS_RTOS_V2/cmsis_os2.o
 .bss.pxCurrentTCB
                0x00000000200007d8        0x4 Middlewares/Third_Party/FreeRTOS/Source/tasks.o
                0x00000000200007d8                pxCurrentTCB
 .bss.pxReadyTasksLists
                0x00000000200007dc      0x460 Middlewares/Third_Party/FreeRTOS/Source/tasks.o
 .bss.xDelayedTaskList1
                0x0000000020000c3c       0x14 Middlewares/Third_Party/FreeRTOS/Source/tasks.o
 .bss.xDelayedTaskList2
                0x0000000020000c50       0x14 Middlewares/Third_Party/FreeRTOS/Source/tasks.o
 .bss.pxDelayedTaskList
                0x0000000020000c64        0x4 Middlewares/Third_Party/FreeRTOS/Source/tasks.o
 .bss.pxOverflowDelayedTaskList
                0x0000000020000c68        0x4 Middlewares/Third_Party/FreeRTOS/Source/tasks.o
 .bss.xPendingReadyList
                0x0000000020000c6c       0x14 Middlewares/Third_Party/FreeRTOS/Source/tasks.o
 .bss.xTasksWaitingTermination
                0x0000000020000c80       0x14 Middlewares/Third_Party/FreeRTOS/Source/tasks.o
 .bss.uxDeletedTasksWaitingCleanUp
                0x0000000020000c94        0x4 Middlewares/Third_Party/FreeRTOS/Source/tasks.o
 .bss.xSuspendedTaskList
                0x0000000020000c98       0x14 Middlewares/Third_Party/FreeRTOS/Source/tasks.o
 .bss.uxCurrentNumberOfTasks
                0x0000000020000cac        0x4 Middlewares/Third_Party/FreeRTOS/Source/tasks.o
 .bss.xTickCount
                0x0000000020000cb0        0x4 Middlewares/Third_Party/FreeRTOS/Source/tasks.o
 .bss.uxTopReadyPriority
                0x0000000020000cb4        0x4 Middlewares/Third_Party/FreeRTOS/Source/tasks.o
 .bss.xSchedulerRunning
                0x0000000020000cb8        0x4 Middlewares/Third_Party/FreeRTOS/Source/tasks.o
 .bss.uxPendedTicks
                0x0000000020000cbc        0x4 Middlewares/Third_Party/FreeRTOS/Source/tasks.o
 .bss.xYieldPending
                0x0000000020000cc0        0x4 Middlewares/Third_Party/FreeRTOS/Source/tasks.o
 .bss.xNumOfOverflows
                0x0000000020000cc4        0x4 Middlewares/Third_Party/FreeRTOS/Source/tasks.o
 .bss.uxTaskNumber
                0x0000000020000cc8        0x4 Middlewares/Third_Party/FreeRTOS/Source/tasks.o
 .bss.xNextTaskUnblockTime
                0x0000000020000ccc        0x4 Middlewares/Third_Party/FreeRTOS/Source/tasks.o
 .bss.xIdleTaskHandle
                0x0000000020000cd0        0x4 Middlewares/Third_Party/FreeRTOS/Source/tasks.o
 .bss.uxSchedulerSuspended
                0x0000000020000cd4        0x4 Middlewares/Third_Party/FreeRTOS/Source/tasks.o
 .bss.xActiveTimerList1
                0x0000000020000cd8       0x14 Middlewares/Third_Party/FreeRTOS/Source/timers.o
 .bss.xActiveTimerList2
                0x0000000020000cec       0x14 Middlewares/Third_Party/FreeRTOS/Source/timers.o
 .bss.pxCurrentTimerList
                0x0000000020000d00        0x4 Middlewares/Third_Party/FreeRTOS/Source/timers.o
 .bss.pxOverflowTimerList
                0x0000000020000d04        0x4 Middlewares/Third_Party/FreeRTOS/Source/timers.o
 .bss.xTimerQueue
                0x0000000020000d08        0x4 Middlewares/Third_Party/FreeRTOS/Source/timers.o
 .bss.xTimerTaskHandle
                0x0000000020000d0c        0x4 Middlewares/Third_Party/FreeRTOS/Source/timers.o
 .bss.xLastTime.5439
                0x0000000020000d10        0x4 Middlewares/Third_Party/FreeRTOS/Source/timers.o
 .bss.ucStaticTimerQueueStorage.5490
                0x0000000020000d14       0xa0 Middlewares/Third_Party/FreeRTOS/Source/timers.o
 .bss.xStaticTimerQueue.5489
                0x0000000020000db4       0x50 Middlewares/Third_Party/FreeRTOS/Source/timers.o
 .bss.ucHeap    0x0000000020000e04      0xc00 Middlewares/Third_Party/FreeRTOS/Source/portable/MemMang/heap_4.o
 .bss.xStart    0x0000000020001a04        0x8 Middlewares/Third_Party/FreeRTOS/Source/portable/MemMang/heap_4.o
 .bss.pxEnd     0x0000000020001a0c        0x4 Middlewares/Third_Party/FreeRTOS/Source/portable/MemMang/heap_4.o
 .bss.xFreeBytesRemaining
                0x0000000020001a10        0x4 Middlewares/Third_Party/FreeRTOS/Source/portable/MemMang/heap_4.o
 .bss.xMinimumEverFreeBytesRemaining
                0x0000000020001a14        0x4 Middlewares/Third_Party/FreeRTOS/Source/portable/MemMang/heap_4.o
 .bss.xBlockAllocatedBit
                0x0000000020001a18        0x4 Middlewares/Third_Party/FreeRTOS/Source/portable/MemMang/heap_4.o
 *(COMMON)
 *fill*         0x0000000020001a1c        0x4 
 COMMON         0x0000000020001a20     0x11fa Core/Src/GO4_ACM_2020.o
                0x0000000020001a20                acceleration_index
                0x0000000020001a21                drs_button_state
                0x0000000020001a22                control_state
                0x0000000020001a24                front_left_servo_ticks
                0x0000000020001a26                rear_wing_map_position
                0x0000000020001a27                front_left_wing_map_position
                0x0000000020001a28                front_right_servo_ticks
                0x0000000020001a2a                speed_index
                0x0000000020001a2c                front_right_wing_map
                0x0000000020001fd8                parameters
                0x00000000200020c8                rear_servo_ticks
                0x00000000200020cc                rear_wing_map
                0x0000000020002671                front_right_wing_map_position
                0x0000000020002674                front_left_wing_map
                0x0000000020002c19                steering_angle_index
 *fill*         0x0000000020002c1a        0x2 
 COMMON         0x0000000020002c1c       0xd0 Core/Src/main.o
                0x0000000020002c1c                collect_dataHandle
                0x0000000020002c20                htim3
                0x0000000020002c60                actuate_wingsHandle
                0x0000000020002c64                DRS_buttonHandle
                0x0000000020002c68                huart2
                0x0000000020002ce8                calculate_wing_Handle
 COMMON         0x0000000020002cec       0x40 Core/Src/stm32f0xx_hal_timebase_tim.o
                0x0000000020002cec                htim6
 COMMON         0x0000000020002d2c        0x4 Drivers/STM32F0xx_HAL_Driver/Src/stm32f0xx_hal.o
                0x0000000020002d2c                uwTick
 COMMON         0x0000000020002d30       0x40 Middlewares/Third_Party/FreeRTOS/Source/queue.o
                0x0000000020002d30                xQueueRegistry
                0x0000000020002d70                . = ALIGN (0x4)
                0x0000000020002d70                _ebss = .
                0x0000000020002d70                __bss_end__ = _ebss

._user_heap_stack
                0x0000000020002d70      0x600 load address 0x0000000008007518
                0x0000000020002d70                . = ALIGN (0x8)
                [!provide]                        PROVIDE (end = .)
                0x0000000020002d70                PROVIDE (_end = .)
                0x0000000020002f70                . = (. + _Min_Heap_Size)
 *fill*         0x0000000020002d70      0x200 
                0x0000000020003370                . = (. + _Min_Stack_Size)
 *fill*         0x0000000020002f70      0x400 
                0x0000000020003370                . = ALIGN (0x8)

/DISCARD/
 libc.a(*)
 libm.a(*)
 libgcc.a(*)

.ARM.attributes
                0x0000000000000000       0x28
 *(.ARM.attributes)
 .ARM.attributes
                0x0000000000000000       0x1e c:/st/stm32cubeide_1.4.0/stm32cubeide/plugins/com.st.stm32cube.ide.mcu.externaltools.gnu-tools-for-stm32.7-2018-q2-update.win32_1.4.0.202007081208/tools/bin/../lib/gcc/arm-none-eabi/7.3.1/thumb/v6-m/crti.o
 .ARM.attributes
                0x000000000000001e       0x2c c:/st/stm32cubeide_1.4.0/stm32cubeide/plugins/com.st.stm32cube.ide.mcu.externaltools.gnu-tools-for-stm32.7-2018-q2-update.win32_1.4.0.202007081208/tools/bin/../lib/gcc/arm-none-eabi/7.3.1/thumb/v6-m/crtbegin.o
 .ARM.attributes
                0x000000000000004a       0x31 Core/Src/GO4_ACM_2020.o
 .ARM.attributes
                0x000000000000007b       0x31 Core/Src/main.o
 .ARM.attributes
                0x00000000000000ac       0x31 Core/Src/stm32f0xx_hal_msp.o
 .ARM.attributes
                0x00000000000000dd       0x31 Core/Src/stm32f0xx_hal_timebase_tim.o
 .ARM.attributes
                0x000000000000010e       0x31 Core/Src/stm32f0xx_it.o
 .ARM.attributes
                0x000000000000013f       0x31 Core/Src/system_stm32f0xx.o
 .ARM.attributes
                0x0000000000000170       0x21 Core/Startup/startup_stm32f072rbtx.o
 .ARM.attributes
                0x0000000000000191       0x31 Drivers/STM32F0xx_HAL_Driver/Src/stm32f0xx_hal.o
 .ARM.attributes
                0x00000000000001c2       0x31 Drivers/STM32F0xx_HAL_Driver/Src/stm32f0xx_hal_cortex.o
 .ARM.attributes
                0x00000000000001f3       0x31 Drivers/STM32F0xx_HAL_Driver/Src/stm32f0xx_hal_gpio.o
 .ARM.attributes
                0x0000000000000224       0x31 Drivers/STM32F0xx_HAL_Driver/Src/stm32f0xx_hal_rcc.o
 .ARM.attributes
                0x0000000000000255       0x31 Drivers/STM32F0xx_HAL_Driver/Src/stm32f0xx_hal_rcc_ex.o
 .ARM.attributes
                0x0000000000000286       0x31 Drivers/STM32F0xx_HAL_Driver/Src/stm32f0xx_hal_tim.o
 .ARM.attributes
                0x00000000000002b7       0x31 Drivers/STM32F0xx_HAL_Driver/Src/stm32f0xx_hal_tim_ex.o
 .ARM.attributes
                0x00000000000002e8       0x31 Drivers/STM32F0xx_HAL_Driver/Src/stm32f0xx_hal_uart.o
 .ARM.attributes
                0x0000000000000319       0x31 Middlewares/Third_Party/FreeRTOS/Source/CMSIS_RTOS_V2/cmsis_os2.o
 .ARM.attributes
                0x000000000000034a       0x31 Middlewares/Third_Party/FreeRTOS/Source/list.o
 .ARM.attributes
                0x000000000000037b       0x31 Middlewares/Third_Party/FreeRTOS/Source/queue.o
 .ARM.attributes
                0x00000000000003ac       0x31 Middlewares/Third_Party/FreeRTOS/Source/tasks.o
 .ARM.attributes
                0x00000000000003dd       0x31 Middlewares/Third_Party/FreeRTOS/Source/timers.o
 .ARM.attributes
                0x000000000000040e       0x31 Middlewares/Third_Party/FreeRTOS/Source/portable/GCC/ARM_CM0/port.o
 .ARM.attributes
                0x000000000000043f       0x31 Middlewares/Third_Party/FreeRTOS/Source/portable/MemMang/heap_4.o
 .ARM.attributes
                0x0000000000000470       0x2c c:/st/stm32cubeide_1.4.0/stm32cubeide/plugins/com.st.stm32cube.ide.mcu.externaltools.gnu-tools-for-stm32.7-2018-q2-update.win32_1.4.0.202007081208/tools/bin/../lib/gcc/arm-none-eabi/7.3.1/../../../../arm-none-eabi/lib/thumb/v6-m\libc_nano.a(lib_a-init.o)
 .ARM.attributes
                0x000000000000049c       0x2c c:/st/stm32cubeide_1.4.0/stm32cubeide/plugins/com.st.stm32cube.ide.mcu.externaltools.gnu-tools-for-stm32.7-2018-q2-update.win32_1.4.0.202007081208/tools/bin/../lib/gcc/arm-none-eabi/7.3.1/../../../../arm-none-eabi/lib/thumb/v6-m\libc_nano.a(lib_a-memcpy-stub.o)
 .ARM.attributes
                0x00000000000004c8       0x2c c:/st/stm32cubeide_1.4.0/stm32cubeide/plugins/com.st.stm32cube.ide.mcu.externaltools.gnu-tools-for-stm32.7-2018-q2-update.win32_1.4.0.202007081208/tools/bin/../lib/gcc/arm-none-eabi/7.3.1/../../../../arm-none-eabi/lib/thumb/v6-m\libc_nano.a(lib_a-memset.o)
 .ARM.attributes
                0x00000000000004f4       0x1e c:/st/stm32cubeide_1.4.0/stm32cubeide/plugins/com.st.stm32cube.ide.mcu.externaltools.gnu-tools-for-stm32.7-2018-q2-update.win32_1.4.0.202007081208/tools/bin/../lib/gcc/arm-none-eabi/7.3.1/thumb/v6-m\libgcc.a(_udivsi3.o)
 .ARM.attributes
                0x0000000000000512       0x1e c:/st/stm32cubeide_1.4.0/stm32cubeide/plugins/com.st.stm32cube.ide.mcu.externaltools.gnu-tools-for-stm32.7-2018-q2-update.win32_1.4.0.202007081208/tools/bin/../lib/gcc/arm-none-eabi/7.3.1/thumb/v6-m\libgcc.a(_dvmd_tls.o)
 .ARM.attributes
                0x0000000000000530       0x1e c:/st/stm32cubeide_1.4.0/stm32cubeide/plugins/com.st.stm32cube.ide.mcu.externaltools.gnu-tools-for-stm32.7-2018-q2-update.win32_1.4.0.202007081208/tools/bin/../lib/gcc/arm-none-eabi/7.3.1/thumb/v6-m\libgcc.a(_arm_cmpdf2.o)
 .ARM.attributes
                0x000000000000054e       0x2c c:/st/stm32cubeide_1.4.0/stm32cubeide/plugins/com.st.stm32cube.ide.mcu.externaltools.gnu-tools-for-stm32.7-2018-q2-update.win32_1.4.0.202007081208/tools/bin/../lib/gcc/arm-none-eabi/7.3.1/thumb/v6-m\libgcc.a(_fixunsdfsi.o)
 .ARM.attributes
                0x000000000000057a       0x2c c:/st/stm32cubeide_1.4.0/stm32cubeide/plugins/com.st.stm32cube.ide.mcu.externaltools.gnu-tools-for-stm32.7-2018-q2-update.win32_1.4.0.202007081208/tools/bin/../lib/gcc/arm-none-eabi/7.3.1/thumb/v6-m\libgcc.a(adddf3.o)
 .ARM.attributes
                0x00000000000005a6       0x2c c:/st/stm32cubeide_1.4.0/stm32cubeide/plugins/com.st.stm32cube.ide.mcu.externaltools.gnu-tools-for-stm32.7-2018-q2-update.win32_1.4.0.202007081208/tools/bin/../lib/gcc/arm-none-eabi/7.3.1/thumb/v6-m\libgcc.a(eqdf2.o)
 .ARM.attributes
                0x00000000000005d2       0x2c c:/st/stm32cubeide_1.4.0/stm32cubeide/plugins/com.st.stm32cube.ide.mcu.externaltools.gnu-tools-for-stm32.7-2018-q2-update.win32_1.4.0.202007081208/tools/bin/../lib/gcc/arm-none-eabi/7.3.1/thumb/v6-m\libgcc.a(gedf2.o)
 .ARM.attributes
                0x00000000000005fe       0x2c c:/st/stm32cubeide_1.4.0/stm32cubeide/plugins/com.st.stm32cube.ide.mcu.externaltools.gnu-tools-for-stm32.7-2018-q2-update.win32_1.4.0.202007081208/tools/bin/../lib/gcc/arm-none-eabi/7.3.1/thumb/v6-m\libgcc.a(ledf2.o)
 .ARM.attributes
                0x000000000000062a       0x2c c:/st/stm32cubeide_1.4.0/stm32cubeide/plugins/com.st.stm32cube.ide.mcu.externaltools.gnu-tools-for-stm32.7-2018-q2-update.win32_1.4.0.202007081208/tools/bin/../lib/gcc/arm-none-eabi/7.3.1/thumb/v6-m\libgcc.a(muldf3.o)
 .ARM.attributes
                0x0000000000000656       0x2c c:/st/stm32cubeide_1.4.0/stm32cubeide/plugins/com.st.stm32cube.ide.mcu.externaltools.gnu-tools-for-stm32.7-2018-q2-update.win32_1.4.0.202007081208/tools/bin/../lib/gcc/arm-none-eabi/7.3.1/thumb/v6-m\libgcc.a(subdf3.o)
 .ARM.attributes
                0x0000000000000682       0x2c c:/st/stm32cubeide_1.4.0/stm32cubeide/plugins/com.st.stm32cube.ide.mcu.externaltools.gnu-tools-for-stm32.7-2018-q2-update.win32_1.4.0.202007081208/tools/bin/../lib/gcc/arm-none-eabi/7.3.1/thumb/v6-m\libgcc.a(fixdfsi.o)
 .ARM.attributes
                0x00000000000006ae       0x2c c:/st/stm32cubeide_1.4.0/stm32cubeide/plugins/com.st.stm32cube.ide.mcu.externaltools.gnu-tools-for-stm32.7-2018-q2-update.win32_1.4.0.202007081208/tools/bin/../lib/gcc/arm-none-eabi/7.3.1/thumb/v6-m\libgcc.a(floatsidf.o)
 .ARM.attributes
                0x00000000000006da       0x1e c:/st/stm32cubeide_1.4.0/stm32cubeide/plugins/com.st.stm32cube.ide.mcu.externaltools.gnu-tools-for-stm32.7-2018-q2-update.win32_1.4.0.202007081208/tools/bin/../lib/gcc/arm-none-eabi/7.3.1/thumb/v6-m\libgcc.a(_clzsi2.o)
 .ARM.attributes
                0x00000000000006f8       0x1e c:/st/stm32cubeide_1.4.0/stm32cubeide/plugins/com.st.stm32cube.ide.mcu.externaltools.gnu-tools-for-stm32.7-2018-q2-update.win32_1.4.0.202007081208/tools/bin/../lib/gcc/arm-none-eabi/7.3.1/thumb/v6-m/crtn.o
OUTPUT(RTOS_DRS.elf elf32-littlearm)

.debug_info     0x0000000000000000    0x14d61
 .debug_info    0x0000000000000000      0xb45 Core/Src/GO4_ACM_2020.o
 .debug_info    0x0000000000000b45     0x123f Core/Src/main.o
 .debug_info    0x0000000000001d84      0xc36 Core/Src/stm32f0xx_hal_msp.o
 .debug_info    0x00000000000029ba      0x8a6 Core/Src/stm32f0xx_hal_timebase_tim.o
 .debug_info    0x0000000000003260      0x60d Core/Src/stm32f0xx_it.o
 .debug_info    0x000000000000386d      0x29e Core/Src/system_stm32f0xx.o
 .debug_info    0x0000000000003b0b       0x22 Core/Startup/startup_stm32f072rbtx.o
 .debug_info    0x0000000000003b2d      0x6c0 Drivers/STM32F0xx_HAL_Driver/Src/stm32f0xx_hal.o
 .debug_info    0x00000000000041ed      0x78c Drivers/STM32F0xx_HAL_Driver/Src/stm32f0xx_hal_cortex.o
 .debug_info    0x0000000000004979      0x67a Drivers/STM32F0xx_HAL_Driver/Src/stm32f0xx_hal_gpio.o
 .debug_info    0x0000000000004ff3      0x82d Drivers/STM32F0xx_HAL_Driver/Src/stm32f0xx_hal_rcc.o
 .debug_info    0x0000000000005820      0x677 Drivers/STM32F0xx_HAL_Driver/Src/stm32f0xx_hal_rcc_ex.o
 .debug_info    0x0000000000005e97     0x252c Drivers/STM32F0xx_HAL_Driver/Src/stm32f0xx_hal_tim.o
 .debug_info    0x00000000000083c3     0x10f0 Drivers/STM32F0xx_HAL_Driver/Src/stm32f0xx_hal_tim_ex.o
 .debug_info    0x00000000000094b3     0x1577 Drivers/STM32F0xx_HAL_Driver/Src/stm32f0xx_hal_uart.o
 .debug_info    0x000000000000aa2a     0x3703 Middlewares/Third_Party/FreeRTOS/Source/CMSIS_RTOS_V2/cmsis_os2.o
 .debug_info    0x000000000000e12d      0xac5 Middlewares/Third_Party/FreeRTOS/Source/list.o
 .debug_info    0x000000000000ebf2     0x1acb Middlewares/Third_Party/FreeRTOS/Source/queue.o
 .debug_info    0x00000000000106bd     0x219e Middlewares/Third_Party/FreeRTOS/Source/tasks.o
 .debug_info    0x000000000001285b     0x1782 Middlewares/Third_Party/FreeRTOS/Source/timers.o
 .debug_info    0x0000000000013fdd      0x26b Middlewares/Third_Party/FreeRTOS/Source/portable/GCC/ARM_CM0/port.o
 .debug_info    0x0000000000014248      0xb19 Middlewares/Third_Party/FreeRTOS/Source/portable/MemMang/heap_4.o

.debug_abbrev   0x0000000000000000     0x2bbd
 .debug_abbrev  0x0000000000000000      0x1ea Core/Src/GO4_ACM_2020.o
 .debug_abbrev  0x00000000000001ea      0x267 Core/Src/main.o
 .debug_abbrev  0x0000000000000451      0x1b7 Core/Src/stm32f0xx_hal_msp.o
 .debug_abbrev  0x0000000000000608      0x19d Core/Src/stm32f0xx_hal_timebase_tim.o
 .debug_abbrev  0x00000000000007a5      0x15a Core/Src/stm32f0xx_it.o
 .debug_abbrev  0x00000000000008ff      0x12b Core/Src/system_stm32f0xx.o
 .debug_abbrev  0x0000000000000a2a       0x12 Core/Startup/startup_stm32f072rbtx.o
 .debug_abbrev  0x0000000000000a3c      0x1c7 Drivers/STM32F0xx_HAL_Driver/Src/stm32f0xx_hal.o
 .debug_abbrev  0x0000000000000c03      0x273 Drivers/STM32F0xx_HAL_Driver/Src/stm32f0xx_hal_cortex.o
 .debug_abbrev  0x0000000000000e76      0x1c0 Drivers/STM32F0xx_HAL_Driver/Src/stm32f0xx_hal_gpio.o
 .debug_abbrev  0x0000000000001036      0x20f Drivers/STM32F0xx_HAL_Driver/Src/stm32f0xx_hal_rcc.o
 .debug_abbrev  0x0000000000001245      0x1a7 Drivers/STM32F0xx_HAL_Driver/Src/stm32f0xx_hal_rcc_ex.o
 .debug_abbrev  0x00000000000013ec      0x230 Drivers/STM32F0xx_HAL_Driver/Src/stm32f0xx_hal_tim.o
 .debug_abbrev  0x000000000000161c      0x21e Drivers/STM32F0xx_HAL_Driver/Src/stm32f0xx_hal_tim_ex.o
 .debug_abbrev  0x000000000000183a      0x205 Drivers/STM32F0xx_HAL_Driver/Src/stm32f0xx_hal_uart.o
 .debug_abbrev  0x0000000000001a3f      0x366 Middlewares/Third_Party/FreeRTOS/Source/CMSIS_RTOS_V2/cmsis_os2.o
 .debug_abbrev  0x0000000000001da5      0x1cf Middlewares/Third_Party/FreeRTOS/Source/list.o
 .debug_abbrev  0x0000000000001f74      0x2c4 Middlewares/Third_Party/FreeRTOS/Source/queue.o
 .debug_abbrev  0x0000000000002238      0x303 Middlewares/Third_Party/FreeRTOS/Source/tasks.o
 .debug_abbrev  0x000000000000253b      0x2a1 Middlewares/Third_Party/FreeRTOS/Source/timers.o
 .debug_abbrev  0x00000000000027dc      0x1a4 Middlewares/Third_Party/FreeRTOS/Source/portable/GCC/ARM_CM0/port.o
 .debug_abbrev  0x0000000000002980      0x23d Middlewares/Third_Party/FreeRTOS/Source/portable/MemMang/heap_4.o

.debug_aranges  0x0000000000000000     0x1330
 .debug_aranges
                0x0000000000000000       0x60 Core/Src/GO4_ACM_2020.o
 .debug_aranges
                0x0000000000000060       0x70 Core/Src/main.o
 .debug_aranges
                0x00000000000000d0       0x48 Core/Src/stm32f0xx_hal_msp.o
 .debug_aranges
                0x0000000000000118       0x30 Core/Src/stm32f0xx_hal_timebase_tim.o
 .debug_aranges
                0x0000000000000148       0x30 Core/Src/stm32f0xx_it.o
 .debug_aranges
                0x0000000000000178       0x28 Core/Src/system_stm32f0xx.o
 .debug_aranges
                0x00000000000001a0       0x28 Core/Startup/startup_stm32f072rbtx.o
 .debug_aranges
                0x00000000000001c8       0xd0 Drivers/STM32F0xx_HAL_Driver/Src/stm32f0xx_hal.o
 .debug_aranges
                0x0000000000000298       0xc0 Drivers/STM32F0xx_HAL_Driver/Src/stm32f0xx_hal_cortex.o
 .debug_aranges
                0x0000000000000358       0x58 Drivers/STM32F0xx_HAL_Driver/Src/stm32f0xx_hal_gpio.o
 .debug_aranges
                0x00000000000003b0       0x80 Drivers/STM32F0xx_HAL_Driver/Src/stm32f0xx_hal_rcc.o
 .debug_aranges
                0x0000000000000430       0x78 Drivers/STM32F0xx_HAL_Driver/Src/stm32f0xx_hal_rcc_ex.o
 .debug_aranges
                0x00000000000004a8      0x3b8 Drivers/STM32F0xx_HAL_Driver/Src/stm32f0xx_hal_tim.o
 .debug_aranges
                0x0000000000000860      0x150 Drivers/STM32F0xx_HAL_Driver/Src/stm32f0xx_hal_tim_ex.o
 .debug_aranges
                0x00000000000009b0      0x210 Drivers/STM32F0xx_HAL_Driver/Src/stm32f0xx_hal_uart.o
 .debug_aranges
                0x0000000000000bc0      0x228 Middlewares/Third_Party/FreeRTOS/Source/CMSIS_RTOS_V2/cmsis_os2.o
 .debug_aranges
                0x0000000000000de8       0x40 Middlewares/Third_Party/FreeRTOS/Source/list.o
 .debug_aranges
                0x0000000000000e28      0x158 Middlewares/Third_Party/FreeRTOS/Source/queue.o
 .debug_aranges
                0x0000000000000f80      0x1f8 Middlewares/Third_Party/FreeRTOS/Source/tasks.o
 .debug_aranges
                0x0000000000001178       0xe0 Middlewares/Third_Party/FreeRTOS/Source/timers.o
 .debug_aranges
                0x0000000000001258       0x88 Middlewares/Third_Party/FreeRTOS/Source/portable/GCC/ARM_CM0/port.o
 .debug_aranges
                0x00000000000012e0       0x50 Middlewares/Third_Party/FreeRTOS/Source/portable/MemMang/heap_4.o

.debug_ranges   0x0000000000000000     0x11d8
 .debug_ranges  0x0000000000000000       0x50 Core/Src/GO4_ACM_2020.o
 .debug_ranges  0x0000000000000050       0x60 Core/Src/main.o
 .debug_ranges  0x00000000000000b0       0x38 Core/Src/stm32f0xx_hal_msp.o
 .debug_ranges  0x00000000000000e8       0x20 Core/Src/stm32f0xx_hal_timebase_tim.o
 .debug_ranges  0x0000000000000108       0x20 Core/Src/stm32f0xx_it.o
 .debug_ranges  0x0000000000000128       0x18 Core/Src/system_stm32f0xx.o
 .debug_ranges  0x0000000000000140       0x20 Core/Startup/startup_stm32f072rbtx.o
 .debug_ranges  0x0000000000000160       0xc0 Drivers/STM32F0xx_HAL_Driver/Src/stm32f0xx_hal.o
 .debug_ranges  0x0000000000000220       0xb0 Drivers/STM32F0xx_HAL_Driver/Src/stm32f0xx_hal_cortex.o
 .debug_ranges  0x00000000000002d0       0x48 Drivers/STM32F0xx_HAL_Driver/Src/stm32f0xx_hal_gpio.o
 .debug_ranges  0x0000000000000318       0x70 Drivers/STM32F0xx_HAL_Driver/Src/stm32f0xx_hal_rcc.o
 .debug_ranges  0x0000000000000388       0x68 Drivers/STM32F0xx_HAL_Driver/Src/stm32f0xx_hal_rcc_ex.o
 .debug_ranges  0x00000000000003f0      0x3a8 Drivers/STM32F0xx_HAL_Driver/Src/stm32f0xx_hal_tim.o
 .debug_ranges  0x0000000000000798      0x140 Drivers/STM32F0xx_HAL_Driver/Src/stm32f0xx_hal_tim_ex.o
 .debug_ranges  0x00000000000008d8      0x200 Drivers/STM32F0xx_HAL_Driver/Src/stm32f0xx_hal_uart.o
 .debug_ranges  0x0000000000000ad8      0x218 Middlewares/Third_Party/FreeRTOS/Source/CMSIS_RTOS_V2/cmsis_os2.o
 .debug_ranges  0x0000000000000cf0       0x30 Middlewares/Third_Party/FreeRTOS/Source/list.o
 .debug_ranges  0x0000000000000d20      0x148 Middlewares/Third_Party/FreeRTOS/Source/queue.o
 .debug_ranges  0x0000000000000e68      0x1e8 Middlewares/Third_Party/FreeRTOS/Source/tasks.o
 .debug_ranges  0x0000000000001050       0xd0 Middlewares/Third_Party/FreeRTOS/Source/timers.o
 .debug_ranges  0x0000000000001120       0x78 Middlewares/Third_Party/FreeRTOS/Source/portable/GCC/ARM_CM0/port.o
 .debug_ranges  0x0000000000001198       0x40 Middlewares/Third_Party/FreeRTOS/Source/portable/MemMang/heap_4.o

.debug_macro    0x0000000000000000    0x177f0
 .debug_macro   0x0000000000000000      0x257 Core/Src/GO4_ACM_2020.o
 .debug_macro   0x0000000000000257      0xa48 Core/Src/GO4_ACM_2020.o
 .debug_macro   0x0000000000000c9f       0x5b Core/Src/GO4_ACM_2020.o
 .debug_macro   0x0000000000000cfa       0x10 Core/Src/GO4_ACM_2020.o
 .debug_macro   0x0000000000000d0a       0x22 Core/Src/GO4_ACM_2020.o
 .debug_macro   0x0000000000000d2c       0x8e Core/Src/GO4_ACM_2020.o
 .debug_macro   0x0000000000000dba       0x51 Core/Src/GO4_ACM_2020.o
 .debug_macro   0x0000000000000e0b       0xef Core/Src/GO4_ACM_2020.o
 .debug_macro   0x0000000000000efa       0x6a Core/Src/GO4_ACM_2020.o
 .debug_macro   0x0000000000000f64      0x1df Core/Src/GO4_ACM_2020.o
 .debug_macro   0x0000000000001143      0x174 Core/Src/GO4_ACM_2020.o
 .debug_macro   0x00000000000012b7       0x74 Core/Src/GO4_ACM_2020.o
 .debug_macro   0x000000000000132b      0x100 Core/Src/GO4_ACM_2020.o
 .debug_macro   0x000000000000142b      0x15a Core/Src/GO4_ACM_2020.o
 .debug_macro   0x0000000000001585       0xac Core/Src/GO4_ACM_2020.o
 .debug_macro   0x0000000000001631       0x10 Core/Src/GO4_ACM_2020.o
 .debug_macro   0x0000000000001641       0x1f Core/Src/GO4_ACM_2020.o
 .debug_macro   0x0000000000001660      0x486 Core/Src/GO4_ACM_2020.o
 .debug_macro   0x0000000000001ae6       0xdd Core/Src/GO4_ACM_2020.o
 .debug_macro   0x0000000000001bc3      0x133 Core/Src/GO4_ACM_2020.o
 .debug_macro   0x0000000000001cf6       0x2e Core/Src/GO4_ACM_2020.o
 .debug_macro   0x0000000000001d24       0x22 Core/Src/GO4_ACM_2020.o
 .debug_macro   0x0000000000001d46       0x1c Core/Src/GO4_ACM_2020.o
 .debug_macro   0x0000000000001d62       0x22 Core/Src/GO4_ACM_2020.o
 .debug_macro   0x0000000000001d84       0xaf Core/Src/GO4_ACM_2020.o
 .debug_macro   0x0000000000001e33      0x391 Core/Src/GO4_ACM_2020.o
 .debug_macro   0x00000000000021c4     0xfe50 Core/Src/GO4_ACM_2020.o
 .debug_macro   0x0000000000012014       0x3c Core/Src/GO4_ACM_2020.o
 .debug_macro   0x0000000000012050       0x53 Core/Src/GO4_ACM_2020.o
 .debug_macro   0x00000000000120a3      0x946 Core/Src/GO4_ACM_2020.o
 .debug_macro   0x00000000000129e9      0x5f3 Core/Src/GO4_ACM_2020.o
 .debug_macro   0x0000000000012fdc      0x12f Core/Src/GO4_ACM_2020.o
 .debug_macro   0x000000000001310b      0x1a7 Core/Src/GO4_ACM_2020.o
 .debug_macro   0x00000000000132b2      0x1a7 Core/Src/GO4_ACM_2020.o
 .debug_macro   0x0000000000013459      0x22c Core/Src/GO4_ACM_2020.o
 .debug_macro   0x0000000000013685       0x34 Core/Src/GO4_ACM_2020.o
 .debug_macro   0x00000000000136b9       0x43 Core/Src/GO4_ACM_2020.o
 .debug_macro   0x00000000000136fc       0x28 Core/Src/GO4_ACM_2020.o
 .debug_macro   0x0000000000013724       0xb0 Core/Src/GO4_ACM_2020.o
 .debug_macro   0x00000000000137d4      0x217 Core/Src/GO4_ACM_2020.o
 .debug_macro   0x00000000000139eb      0x22c Core/Src/GO4_ACM_2020.o
 .debug_macro   0x0000000000013c17       0x5f Core/Src/GO4_ACM_2020.o
 .debug_macro   0x0000000000013c76       0xa5 Core/Src/GO4_ACM_2020.o
 .debug_macro   0x0000000000013d1b       0x4c Core/Src/GO4_ACM_2020.o
 .debug_macro   0x0000000000013d67      0x16d Core/Src/GO4_ACM_2020.o
 .debug_macro   0x0000000000013ed4      0x8ae Core/Src/GO4_ACM_2020.o
 .debug_macro   0x0000000000014782       0x28 Core/Src/GO4_ACM_2020.o
 .debug_macro   0x00000000000147aa      0x589 Core/Src/GO4_ACM_2020.o
 .debug_macro   0x0000000000014d33       0x44 Core/Src/GO4_ACM_2020.o
 .debug_macro   0x0000000000014d77      0x130 Core/Src/GO4_ACM_2020.o
 .debug_macro   0x0000000000014ea7       0x4c Core/Src/GO4_ACM_2020.o
 .debug_macro   0x0000000000014ef3      0x1b3 Core/Src/GO4_ACM_2020.o
 .debug_macro   0x00000000000150a6      0x254 Core/Src/main.o
 .debug_macro   0x00000000000152fa      0x1c8 Core/Src/stm32f0xx_hal_msp.o
 .debug_macro   0x00000000000154c2      0x1b9 Core/Src/stm32f0xx_hal_timebase_tim.o
 .debug_macro   0x000000000001567b      0x1d2 Core/Src/stm32f0xx_it.o
 .debug_macro   0x000000000001584d      0x1b9 Core/Src/system_stm32f0xx.o
 .debug_macro   0x0000000000015a06      0x1dd Drivers/STM32F0xx_HAL_Driver/Src/stm32f0xx_hal.o
 .debug_macro   0x0000000000015be3      0x1b9 Drivers/STM32F0xx_HAL_Driver/Src/stm32f0xx_hal_cortex.o
 .debug_macro   0x0000000000015d9c      0x1f1 Drivers/STM32F0xx_HAL_Driver/Src/stm32f0xx_hal_gpio.o
 .debug_macro   0x0000000000015f8d      0x1cb Drivers/STM32F0xx_HAL_Driver/Src/stm32f0xx_hal_rcc.o
 .debug_macro   0x0000000000016158      0x1cb Drivers/STM32F0xx_HAL_Driver/Src/stm32f0xx_hal_rcc_ex.o
 .debug_macro   0x0000000000016323      0x1ba Drivers/STM32F0xx_HAL_Driver/Src/stm32f0xx_hal_tim.o
 .debug_macro   0x00000000000164dd      0x1b9 Drivers/STM32F0xx_HAL_Driver/Src/stm32f0xx_hal_tim_ex.o
 .debug_macro   0x0000000000016696      0x1d6 Drivers/STM32F0xx_HAL_Driver/Src/stm32f0xx_hal_uart.o
 .debug_macro   0x000000000001686c      0x23a Middlewares/Third_Party/FreeRTOS/Source/CMSIS_RTOS_V2/cmsis_os2.o
 .debug_macro   0x0000000000016aa6       0x10 Middlewares/Third_Party/FreeRTOS/Source/CMSIS_RTOS_V2/cmsis_os2.o
 .debug_macro   0x0000000000016ab6       0x20 Middlewares/Third_Party/FreeRTOS/Source/CMSIS_RTOS_V2/cmsis_os2.o
 .debug_macro   0x0000000000016ad6       0xa9 Middlewares/Third_Party/FreeRTOS/Source/CMSIS_RTOS_V2/cmsis_os2.o
 .debug_macro   0x0000000000016b7f       0x91 Middlewares/Third_Party/FreeRTOS/Source/CMSIS_RTOS_V2/cmsis_os2.o
 .debug_macro   0x0000000000016c10       0x8d Middlewares/Third_Party/FreeRTOS/Source/CMSIS_RTOS_V2/cmsis_os2.o
 .debug_macro   0x0000000000016c9d       0x9a Middlewares/Third_Party/FreeRTOS/Source/CMSIS_RTOS_V2/cmsis_os2.o
 .debug_macro   0x0000000000016d37      0x17a Middlewares/Third_Party/FreeRTOS/Source/list.o
 .debug_macro   0x0000000000016eb1      0x205 Middlewares/Third_Party/FreeRTOS/Source/queue.o
 .debug_macro   0x00000000000170b6       0x16 Middlewares/Third_Party/FreeRTOS/Source/queue.o
 .debug_macro   0x00000000000170cc      0x27a Middlewares/Third_Party/FreeRTOS/Source/tasks.o
 .debug_macro   0x0000000000017346       0x10 Middlewares/Third_Party/FreeRTOS/Source/tasks.o
 .debug_macro   0x0000000000017356      0x1bd Middlewares/Third_Party/FreeRTOS/Source/timers.o
 .debug_macro   0x0000000000017513      0x13c Middlewares/Third_Party/FreeRTOS/Source/portable/GCC/ARM_CM0/port.o
 .debug_macro   0x000000000001764f      0x1a1 Middlewares/Third_Party/FreeRTOS/Source/portable/MemMang/heap_4.o

.debug_line     0x0000000000000000     0xe92c
 .debug_line    0x0000000000000000      0xa29 Core/Src/GO4_ACM_2020.o
 .debug_line    0x0000000000000a29      0x942 Core/Src/main.o
 .debug_line    0x000000000000136b      0x712 Core/Src/stm32f0xx_hal_msp.o
 .debug_line    0x0000000000001a7d      0x6d0 Core/Src/stm32f0xx_hal_timebase_tim.o
 .debug_line    0x000000000000214d      0x6ce Core/Src/stm32f0xx_it.o
 .debug_line    0x000000000000281b      0x6bf Core/Src/system_stm32f0xx.o
 .debug_line    0x0000000000002eda       0x89 Core/Startup/startup_stm32f072rbtx.o
 .debug_line    0x0000000000002f63      0x852 Drivers/STM32F0xx_HAL_Driver/Src/stm32f0xx_hal.o
 .debug_line    0x00000000000037b5      0x86a Drivers/STM32F0xx_HAL_Driver/Src/stm32f0xx_hal_cortex.o
 .debug_line    0x000000000000401f      0x82c Drivers/STM32F0xx_HAL_Driver/Src/stm32f0xx_hal_gpio.o
 .debug_line    0x000000000000484b      0x93f Drivers/STM32F0xx_HAL_Driver/Src/stm32f0xx_hal_rcc.o
 .debug_line    0x000000000000518a      0x8eb Drivers/STM32F0xx_HAL_Driver/Src/stm32f0xx_hal_rcc_ex.o
 .debug_line    0x0000000000005a75     0x1a84 Drivers/STM32F0xx_HAL_Driver/Src/stm32f0xx_hal_tim.o
 .debug_line    0x00000000000074f9      0xc9e Drivers/STM32F0xx_HAL_Driver/Src/stm32f0xx_hal_tim_ex.o
 .debug_line    0x0000000000008197     0x11b0 Drivers/STM32F0xx_HAL_Driver/Src/stm32f0xx_hal_uart.o
 .debug_line    0x0000000000009347     0x18ac Middlewares/Third_Party/FreeRTOS/Source/CMSIS_RTOS_V2/cmsis_os2.o
 .debug_line    0x000000000000abf3      0x66b Middlewares/Third_Party/FreeRTOS/Source/list.o
 .debug_line    0x000000000000b25e      0xea0 Middlewares/Third_Party/FreeRTOS/Source/queue.o
 .debug_line    0x000000000000c0fe     0x11f9 Middlewares/Third_Party/FreeRTOS/Source/tasks.o
 .debug_line    0x000000000000d2f7      0x946 Middlewares/Third_Party/FreeRTOS/Source/timers.o
 .debug_line    0x000000000000dc3d      0x5c7 Middlewares/Third_Party/FreeRTOS/Source/portable/GCC/ARM_CM0/port.o
 .debug_line    0x000000000000e204      0x728 Middlewares/Third_Party/FreeRTOS/Source/portable/MemMang/heap_4.o

.debug_str      0x0000000000000000    0x88c8c
 .debug_str     0x0000000000000000    0x7c890 Core/Src/GO4_ACM_2020.o
                                      0x7cb65 (size before relaxing)
 .debug_str     0x000000000007c890      0xaa6 Core/Src/main.o
                                      0x7d30e (size before relaxing)
 .debug_str     0x000000000007d336       0xd8 Core/Src/stm32f0xx_hal_msp.o
                                      0x78d6d (size before relaxing)
 .debug_str     0x000000000007d40e      0x204 Core/Src/stm32f0xx_hal_timebase_tim.o
                                      0x78c50 (size before relaxing)
 .debug_str     0x000000000007d612       0x4b Core/Src/stm32f0xx_it.o
                                      0x78a6a (size before relaxing)
 .debug_str     0x000000000007d65d       0x5f Core/Src/system_stm32f0xx.o
                                      0x785fc (size before relaxing)
 .debug_str     0x000000000007d6bc       0x36 Core/Startup/startup_stm32f072rbtx.o
                                         0x71 (size before relaxing)
 .debug_str     0x000000000007d6f2      0x351 Drivers/STM32F0xx_HAL_Driver/Src/stm32f0xx_hal.o
                                      0x78b6a (size before relaxing)
 .debug_str     0x000000000007da43      0x1fd Drivers/STM32F0xx_HAL_Driver/Src/stm32f0xx_hal_cortex.o
                                      0x78a1e (size before relaxing)
 .debug_str     0x000000000007dc40      0x205 Drivers/STM32F0xx_HAL_Driver/Src/stm32f0xx_hal_gpio.o
                                      0x78898 (size before relaxing)
 .debug_str     0x000000000007de45      0x24a Drivers/STM32F0xx_HAL_Driver/Src/stm32f0xx_hal_rcc.o
                                      0x78a11 (size before relaxing)
 .debug_str     0x000000000007e08f      0x2db Drivers/STM32F0xx_HAL_Driver/Src/stm32f0xx_hal_rcc_ex.o
                                      0x789ee (size before relaxing)
 .debug_str     0x000000000007e36a      0xdb4 Drivers/STM32F0xx_HAL_Driver/Src/stm32f0xx_hal_tim.o
                                      0x797f5 (size before relaxing)
 .debug_str     0x000000000007f11e      0x52f Drivers/STM32F0xx_HAL_Driver/Src/stm32f0xx_hal_tim_ex.o
                                      0x78fa9 (size before relaxing)
 .debug_str     0x000000000007f64d      0x7e8 Drivers/STM32F0xx_HAL_Driver/Src/stm32f0xx_hal_uart.o
                                      0x79211 (size before relaxing)
 .debug_str     0x000000000007fe35     0x63e3 Middlewares/Third_Party/FreeRTOS/Source/CMSIS_RTOS_V2/cmsis_os2.o
                                       0xd980 (size before relaxing)
 .debug_str     0x0000000000086218      0x225 Middlewares/Third_Party/FreeRTOS/Source/list.o
                                       0xa192 (size before relaxing)
 .debug_str     0x000000000008643d      0x8fd Middlewares/Third_Party/FreeRTOS/Source/queue.o
                                       0xb955 (size before relaxing)
 .debug_str     0x0000000000086d3a     0x12f3 Middlewares/Third_Party/FreeRTOS/Source/tasks.o
                                       0xc56b (size before relaxing)
 .debug_str     0x000000000008802d      0x586 Middlewares/Third_Party/FreeRTOS/Source/timers.o
                                       0xbebb (size before relaxing)
 .debug_str     0x00000000000885b3      0x488 Middlewares/Third_Party/FreeRTOS/Source/portable/GCC/ARM_CM0/port.o
                                       0x7ac0 (size before relaxing)
 .debug_str     0x0000000000088a3b      0x251 Middlewares/Third_Party/FreeRTOS/Source/portable/MemMang/heap_4.o
                                       0xa896 (size before relaxing)

.comment        0x0000000000000000       0x7b
 .comment       0x0000000000000000       0x7b Core/Src/GO4_ACM_2020.o
                                         0x7c (size before relaxing)
 .comment       0x000000000000007b       0x7c Core/Src/main.o
 .comment       0x000000000000007b       0x7c Core/Src/stm32f0xx_hal_msp.o
 .comment       0x000000000000007b       0x7c Core/Src/stm32f0xx_hal_timebase_tim.o
 .comment       0x000000000000007b       0x7c Core/Src/stm32f0xx_it.o
 .comment       0x000000000000007b       0x7c Core/Src/system_stm32f0xx.o
 .comment       0x000000000000007b       0x7c Drivers/STM32F0xx_HAL_Driver/Src/stm32f0xx_hal.o
 .comment       0x000000000000007b       0x7c Drivers/STM32F0xx_HAL_Driver/Src/stm32f0xx_hal_cortex.o
 .comment       0x000000000000007b       0x7c Drivers/STM32F0xx_HAL_Driver/Src/stm32f0xx_hal_gpio.o
 .comment       0x000000000000007b       0x7c Drivers/STM32F0xx_HAL_Driver/Src/stm32f0xx_hal_rcc.o
 .comment       0x000000000000007b       0x7c Drivers/STM32F0xx_HAL_Driver/Src/stm32f0xx_hal_rcc_ex.o
 .comment       0x000000000000007b       0x7c Drivers/STM32F0xx_HAL_Driver/Src/stm32f0xx_hal_tim.o
 .comment       0x000000000000007b       0x7c Drivers/STM32F0xx_HAL_Driver/Src/stm32f0xx_hal_tim_ex.o
 .comment       0x000000000000007b       0x7c Drivers/STM32F0xx_HAL_Driver/Src/stm32f0xx_hal_uart.o
 .comment       0x000000000000007b       0x7c Middlewares/Third_Party/FreeRTOS/Source/CMSIS_RTOS_V2/cmsis_os2.o
 .comment       0x000000000000007b       0x7c Middlewares/Third_Party/FreeRTOS/Source/list.o
 .comment       0x000000000000007b       0x7c Middlewares/Third_Party/FreeRTOS/Source/queue.o
 .comment       0x000000000000007b       0x7c Middlewares/Third_Party/FreeRTOS/Source/tasks.o
 .comment       0x000000000000007b       0x7c Middlewares/Third_Party/FreeRTOS/Source/timers.o
 .comment       0x000000000000007b       0x7c Middlewares/Third_Party/FreeRTOS/Source/portable/GCC/ARM_CM0/port.o
 .comment       0x000000000000007b       0x7c Middlewares/Third_Party/FreeRTOS/Source/portable/MemMang/heap_4.o

.debug_frame    0x0000000000000000     0x46d0
 .debug_frame   0x0000000000000000      0x12c Core/Src/GO4_ACM_2020.o
 .debug_frame   0x000000000000012c      0x164 Core/Src/main.o
 .debug_frame   0x0000000000000290       0xd0 Core/Src/stm32f0xx_hal_msp.o
 .debug_frame   0x0000000000000360       0x68 Core/Src/stm32f0xx_hal_timebase_tim.o
 .debug_frame   0x00000000000003c8       0x64 Core/Src/stm32f0xx_it.o
 .debug_frame   0x000000000000042c       0x4c Core/Src/system_stm32f0xx.o
 .debug_frame   0x0000000000000478      0x2a4 Drivers/STM32F0xx_HAL_Driver/Src/stm32f0xx_hal.o
 .debug_frame   0x000000000000071c      0x2a0 Drivers/STM32F0xx_HAL_Driver/Src/stm32f0xx_hal_cortex.o
 .debug_frame   0x00000000000009bc      0x110 Drivers/STM32F0xx_HAL_Driver/Src/stm32f0xx_hal_gpio.o
 .debug_frame   0x0000000000000acc      0x198 Drivers/STM32F0xx_HAL_Driver/Src/stm32f0xx_hal_rcc.o
 .debug_frame   0x0000000000000c64      0x180 Drivers/STM32F0xx_HAL_Driver/Src/stm32f0xx_hal_rcc_ex.o
 .debug_frame   0x0000000000000de4      0xe90 Drivers/STM32F0xx_HAL_Driver/Src/stm32f0xx_hal_tim.o
 .debug_frame   0x0000000000001c74      0x4f0 Drivers/STM32F0xx_HAL_Driver/Src/stm32f0xx_hal_tim_ex.o
 .debug_frame   0x0000000000002164      0x7f0 Drivers/STM32F0xx_HAL_Driver/Src/stm32f0xx_hal_uart.o
 .debug_frame   0x0000000000002954      0x84c Middlewares/Third_Party/FreeRTOS/Source/CMSIS_RTOS_V2/cmsis_os2.o
 .debug_frame   0x00000000000031a0       0xb0 Middlewares/Third_Party/FreeRTOS/Source/list.o
 .debug_frame   0x0000000000003250      0x510 Middlewares/Third_Party/FreeRTOS/Source/queue.o
 .debug_frame   0x0000000000003760      0x77c Middlewares/Third_Party/FreeRTOS/Source/tasks.o
 .debug_frame   0x0000000000003edc      0x32c Middlewares/Third_Party/FreeRTOS/Source/timers.o
 .debug_frame   0x0000000000004208      0x174 Middlewares/Third_Party/FreeRTOS/Source/portable/GCC/ARM_CM0/port.o
 .debug_frame   0x000000000000437c       0xe4 Middlewares/Third_Party/FreeRTOS/Source/portable/MemMang/heap_4.o
 .debug_frame   0x0000000000004460       0x2c c:/st/stm32cubeide_1.4.0/stm32cubeide/plugins/com.st.stm32cube.ide.mcu.externaltools.gnu-tools-for-stm32.7-2018-q2-update.win32_1.4.0.202007081208/tools/bin/../lib/gcc/arm-none-eabi/7.3.1/../../../../arm-none-eabi/lib/thumb/v6-m\libc_nano.a(lib_a-init.o)
 .debug_frame   0x000000000000448c       0x28 c:/st/stm32cubeide_1.4.0/stm32cubeide/plugins/com.st.stm32cube.ide.mcu.externaltools.gnu-tools-for-stm32.7-2018-q2-update.win32_1.4.0.202007081208/tools/bin/../lib/gcc/arm-none-eabi/7.3.1/../../../../arm-none-eabi/lib/thumb/v6-m\libc_nano.a(lib_a-memcpy-stub.o)
 .debug_frame   0x00000000000044b4       0x20 c:/st/stm32cubeide_1.4.0/stm32cubeide/plugins/com.st.stm32cube.ide.mcu.externaltools.gnu-tools-for-stm32.7-2018-q2-update.win32_1.4.0.202007081208/tools/bin/../lib/gcc/arm-none-eabi/7.3.1/../../../../arm-none-eabi/lib/thumb/v6-m\libc_nano.a(lib_a-memset.o)
 .debug_frame   0x00000000000044d4       0x20 c:/st/stm32cubeide_1.4.0/stm32cubeide/plugins/com.st.stm32cube.ide.mcu.externaltools.gnu-tools-for-stm32.7-2018-q2-update.win32_1.4.0.202007081208/tools/bin/../lib/gcc/arm-none-eabi/7.3.1/thumb/v6-m\libgcc.a(_udivsi3.o)
 .debug_frame   0x00000000000044f4       0x2c c:/st/stm32cubeide_1.4.0/stm32cubeide/plugins/com.st.stm32cube.ide.mcu.externaltools.gnu-tools-for-stm32.7-2018-q2-update.win32_1.4.0.202007081208/tools/bin/../lib/gcc/arm-none-eabi/7.3.1/thumb/v6-m\libgcc.a(_fixunsdfsi.o)
 .debug_frame   0x0000000000004520       0x38 c:/st/stm32cubeide_1.4.0/stm32cubeide/plugins/com.st.stm32cube.ide.mcu.externaltools.gnu-tools-for-stm32.7-2018-q2-update.win32_1.4.0.202007081208/tools/bin/../lib/gcc/arm-none-eabi/7.3.1/thumb/v6-m\libgcc.a(adddf3.o)
 .debug_frame   0x0000000000004558       0x38 c:/st/stm32cubeide_1.4.0/stm32cubeide/plugins/com.st.stm32cube.ide.mcu.externaltools.gnu-tools-for-stm32.7-2018-q2-update.win32_1.4.0.202007081208/tools/bin/../lib/gcc/arm-none-eabi/7.3.1/thumb/v6-m\libgcc.a(eqdf2.o)
 .debug_frame   0x0000000000004590       0x38 c:/st/stm32cubeide_1.4.0/stm32cubeide/plugins/com.st.stm32cube.ide.mcu.externaltools.gnu-tools-for-stm32.7-2018-q2-update.win32_1.4.0.202007081208/tools/bin/../lib/gcc/arm-none-eabi/7.3.1/thumb/v6-m\libgcc.a(gedf2.o)
 .debug_frame   0x00000000000045c8       0x38 c:/st/stm32cubeide_1.4.0/stm32cubeide/plugins/com.st.stm32cube.ide.mcu.externaltools.gnu-tools-for-stm32.7-2018-q2-update.win32_1.4.0.202007081208/tools/bin/../lib/gcc/arm-none-eabi/7.3.1/thumb/v6-m\libgcc.a(ledf2.o)
 .debug_frame   0x0000000000004600       0x3c c:/st/stm32cubeide_1.4.0/stm32cubeide/plugins/com.st.stm32cube.ide.mcu.externaltools.gnu-tools-for-stm32.7-2018-q2-update.win32_1.4.0.202007081208/tools/bin/../lib/gcc/arm-none-eabi/7.3.1/thumb/v6-m\libgcc.a(muldf3.o)
 .debug_frame   0x000000000000463c       0x3c c:/st/stm32cubeide_1.4.0/stm32cubeide/plugins/com.st.stm32cube.ide.mcu.externaltools.gnu-tools-for-stm32.7-2018-q2-update.win32_1.4.0.202007081208/tools/bin/../lib/gcc/arm-none-eabi/7.3.1/thumb/v6-m\libgcc.a(subdf3.o)
 .debug_frame   0x0000000000004678       0x2c c:/st/stm32cubeide_1.4.0/stm32cubeide/plugins/com.st.stm32cube.ide.mcu.externaltools.gnu-tools-for-stm32.7-2018-q2-update.win32_1.4.0.202007081208/tools/bin/../lib/gcc/arm-none-eabi/7.3.1/thumb/v6-m\libgcc.a(fixdfsi.o)