main.c:111:5:main	8	static
main.c:198:6:SystemClock_Config	112	static
main.c:241:13:MX_ADC_Init	24	static
main.c:300:13:MX_TIM3_Init	48	static
main.c:349:13:MX_USART2_UART_Init	8	static
main.c:382:13:MX_DMA_Init	16	static
main.c:400:13:MX_GPIO_Init	48	static
main.c:428:6:setPWM	48	static
main.c:451:6:startgetPots	16	static
main.c:477:6:StartcalcPos	32	static
main.c:508:6:StartsetServo	88	static
main.c:529:6:StartgetBtn	16	static
main.c:559:6:HAL_TIM_PeriodElapsedCallback	16	static
main.c:576:6:Error_Handler	8	static
