main.c:112:5:main	8	static
main.c:199:6:SystemClock_Config	112	static
main.c:242:13:MX_ADC_Init	24	static
main.c:301:13:MX_TIM3_Init	48	static
main.c:350:13:MX_USART2_UART_Init	8	static
main.c:383:13:MX_DMA_Init	16	static
main.c:401:13:MX_GPIO_Init	48	static
main.c:429:6:setPWM	48	static
main.c:452:6:startgetPots	16	static
main.c:478:6:StartcalcPos	32	static
main.c:509:6:StartsetServo	88	static
main.c:530:6:StartgetBtn	16	static
main.c:560:6:HAL_TIM_PeriodElapsedCallback	16	static
main.c:577:6:Error_Handler	8	static
